final_gpu_data.csv
date,gpu_name,flipkart_price,flipkart_rating,flipkart_reviews,amazon_price,amazon_rating,amazon_reviews,aliexpress_price,aliexpress_rating,aliexpress_reviews,price_diff_amazon,price_diff_aliexpress,average_rating,discount_flag,units_sold,revenue
2025-04-04,NVIDIA RTX 3060,36796,4.6,601,50944,4.5,641,81067,4.1,690,-14148,-44271,4.3999999999999995,1,120,4415520
2025-04-03,NVIDIA RTX 3060,59694,3.8,1663,95778,4.6,290,41525,3.7,700,-36084,18169,4.033333333333332,0,226,13490844
2025-04-02,NVIDIA RTX 3060,34365,4.8,878,53161,3.9,1895,60823,4.2,790,-18796,-26458,4.3,1,108,3711420
2025-04-01,NVIDIA RTX 3060,31207,4.7,1748,75763,4.1,1705,93839,4.9,1638,-44556,-62632,4.566666666666667,1,274,8550718
2025-03-31,NVIDIA RTX 3060,37623,4.4,1722,30138,4.1,1402,35518,4.1,1075,7485,2105,4.2,0,6,225738
2025-03-30,NVIDIA RTX 3060,41069,3.9,1408,53819,4.9,1161,51136,4.6,1451,-12750,-10067,4.466666666666667,1,83,3408727
2025-03-29,NVIDIA RTX 3060,35434,4.6,362,31731,4.3,1587,35751,4.0,1964,3703,-317,4.3,0,16,566944
2025-03-28,NVIDIA RTX 3060,50922,3.6,1392,60472,4.2,872,76345,4.0,847,-9550,-25423,3.9333333333333336,1,83,4226526
2025-03-27,NVIDIA RTX 3060,34616,4.5,1423,58550,3.9,917,40422,5.0,1546,-23934,-5806,4.466666666666667,1,167,5780872
2025-03-26,NVIDIA RTX 3060,54344,4.1,1085,36965,4.9,1484,82922,4.2,813,17379,-28578,4.3999999999999995,0,1,54344
2025-03-25,NVIDIA RTX 3060,92259,3.7,1140,79227,4.7,1036,52193,4.6,118,13032,40066,4.333333333333333,0,1,92259
2025-03-24,NVIDIA RTX 3060,65066,4.0,1639,82671,4.6,847,77991,4.0,1320,-17605,-12925,4.2,1,131,8523646
2025-03-23,NVIDIA RTX 3060,66674,3.7,1898,94139,4.6,1708,87090,4.5,293,-27465,-20416,4.266666666666667,1,179,11934646
2025-03-22,NVIDIA RTX 3060,44365,5.0,430,73585,4.9,507,39963,4.9,1938,-29220,4402,4.933333333333334,0,161,7142765
2025-03-21,NVIDIA RTX 3060,80348,4.6,1995,65683,4.5,1554,47957,5.0,1447,14665,32391,4.7,0,1,80348
2025-03-20,NVIDIA RTX 3060,85196,4.0,1728,88513,3.6,1678,51307,4.4,542,-3317,33889,4.0,0,37,3152252
2025-03-19,NVIDIA RTX 3060,66688,4.4,1147,62198,4.2,1528,53100,4.1,1446,4490,13588,4.233333333333333,0,28,1867264
2025-03-18,NVIDIA RTX 3060,68001,4.1,924,28724,4.9,1647,53832,3.5,872,39277,14169,4.166666666666667,0,1,68001
2025-03-17,NVIDIA RTX 3060,49638,3.6,1155,59965,4.5,1189,74540,4.0,1618,-10327,-24902,4.033333333333333,1,77,3822126
2025-03-16,NVIDIA RTX 3060,76381,3.7,1508,24982,3.6,130,82609,4.2,998,51399,-6228,3.8333333333333335,0,1,76381
2025-03-15,NVIDIA RTX 3060,81749,4.6,1072,57783,4.7,1007,35427,4.3,1109,23966,46322,4.533333333333334,0,1,81749
2025-03-14,NVIDIA RTX 3060,78134,4.3,951,51470,3.9,989,82185,4.5,1906,26664,-4051,4.233333333333333,0,1,78134
2025-03-13,NVIDIA RTX 3060,80926,3.7,1057,47919,4.3,319,75373,4.9,1416,33007,5553,4.3,0,1,80926
2025-03-12,NVIDIA RTX 3060,79321,4.8,1063,85648,4.8,1326,45511,3.7,1098,-6327,33810,4.433333333333334,0,57,4521297
2025-03-11,NVIDIA RTX 3060,48955,4.4,1631,47224,3.9,939,48919,3.8,182,1731,36,4.033333333333334,0,32,1566560
2025-03-10,NVIDIA RTX 3060,95336,4.5,241,31396,4.9,527,25805,3.7,1124,63940,69531,4.366666666666667,0,1,95336
2025-03-09,NVIDIA RTX 3060,35643,4.8,599,74058,3.8,1445,59879,4.7,506,-38415,-24236,4.433333333333334,1,206,7342458
2025-03-08,NVIDIA RTX 3060,59156,4.2,1557,67813,5.0,764,54149,4.0,1081,-8657,5007,4.3999999999999995,0,83,4909948
2025-03-07,NVIDIA RTX 3060,49826,3.7,1197,61615,4.0,554,72393,4.0,298,-11789,-22567,3.9,1,82,4085732
2025-03-06,NVIDIA RTX 3060,66003,4.9,1406,51131,4.6,1723,48540,4.6,1995,14872,17463,4.7,0,1,66003
2025-03-05,NVIDIA RTX 3060,62521,5.0,342,31590,4.3,753,79717,4.2,1172,30931,-17196,4.5,0,1,62521
2025-03-04,NVIDIA RTX 3060,33120,3.5,1022,78345,4.2,1529,79514,3.9,476,-45225,-46394,3.8666666666666667,1,236,7816320
2025-03-03,NVIDIA RTX 3060,63425,3.7,1510,27669,3.8,816,59495,3.9,1719,35756,3930,3.8000000000000003,0,1,63425
2025-03-02,NVIDIA RTX 3060,82241,3.8,1298,53188,4.3,629,26276,3.8,672,29053,55965,3.9666666666666663,0,1,82241
2025-03-01,NVIDIA RTX 3060,89458,4.5,1211,70097,3.5,1876,81891,3.7,1081,19361,7567,3.9,0,1,89458
2025-02-28,NVIDIA RTX 3060,28316,4.1,560,27248,4.5,827,41070,4.3,1588,1068,-12754,4.3,0,10,283160
2025-02-27,NVIDIA RTX 3060,79171,4.9,1139,80456,4.9,774,89580,4.8,1770,-1285,-10409,4.866666666666667,1,36,2850156
2025-02-26,NVIDIA RTX 3060,89770,4.9,880,39025,4.0,1901,73677,3.9,1987,50745,16093,4.266666666666667,0,1,89770
2025-02-25,NVIDIA RTX 3060,71480,4.5,1430,38054,4.7,374,51336,4.1,1929,33426,20144,4.433333333333333,0,1,71480
2025-02-24,NVIDIA RTX 3060,26170,4.0,214,84631,4.2,765,59685,3.6,361,-58461,-33515,3.933333333333333,1,326,8531420
2025-02-23,NVIDIA RTX 3060,85337,4.5,423,31712,4.1,1667,81607,4.4,1520,53625,3730,4.333333333333333,0,1,85337
2025-02-22,NVIDIA RTX 3060,76127,3.5,1871,42954,4.1,1023,30450,3.7,1524,33173,45677,3.766666666666667,0,1,76127
2025-02-21,NVIDIA RTX 3060,63356,4.6,459,72245,4.7,1968,44684,4.5,713,-8889,18672,4.6000000000000005,0,84,5321904
2025-02-20,NVIDIA RTX 3060,73831,3.9,353,91810,4.7,1345,44778,5.0,1168,-17979,29053,4.533333333333333,0,129,9524199
2025-02-19,NVIDIA RTX 3060,38437,3.6,176,39687,5.0,430,66199,3.9,433,-1250,-27762,4.166666666666667,1,56,2152472
2025-02-18,NVIDIA RTX 3060,70350,5.0,852,69467,4.1,529,89160,4.0,900,883,-18810,4.366666666666666,0,45,3165750
2025-02-17,NVIDIA RTX 3060,24642,4.8,396,50572,3.8,694,54118,4.7,1439,-25930,-29476,4.433333333333334,1,174,4287708
2025-02-16,NVIDIA RTX 3060,94134,3.7,1131,23735,4.5,799,33078,4.4,1118,70399,61056,4.2,0,1,94134
2025-02-15,NVIDIA RTX 3060,67742,5.0,1186,67901,4.3,526,85266,4.9,353,-159,-17524,4.733333333333333,1,34,2303228
2025-02-14,NVIDIA RTX 3060,84712,3.6,274,54630,4.0,329,59820,4.7,116,30082,24892,4.1000000000000005,0,1,84712
2025-02-13,NVIDIA RTX 3060,39052,4.8,852,30554,4.1,1871,77320,3.6,801,8498,-38268,4.166666666666666,0,1,39052
2025-02-12,NVIDIA RTX 3060,45781,5.0,287,39653,3.7,660,30607,4.1,616,6128,15174,4.266666666666667,0,1,45781
2025-02-11,NVIDIA RTX 3060,59569,4.6,333,29480,4.1,276,89022,4.3,1705,30089,-29453,4.333333333333333,0,1,59569
2025-02-10,NVIDIA RTX 3060,42046,4.3,571,86854,3.8,558,77417,4.3,107,-44808,-35371,4.133333333333333,1,243,10217178
2025-02-09,NVIDIA RTX 3060,49590,4.2,1512,38691,4.3,245,44078,4.2,1033,10899,5512,4.233333333333333,0,1,49590
2025-02-08,NVIDIA RTX 3060,73977,4.9,1421,86719,4.4,1048,35722,4.7,312,-12742,38255,4.666666666666667,0,98,7249746
2025-02-07,NVIDIA RTX 3060,34791,4.2,720,94019,4.1,1283,41182,5.0,1971,-59228,-6391,4.433333333333334,1,344,11968104
2025-02-06,NVIDIA RTX 3060,49305,4.4,1126,28969,4.6,1780,75325,4.7,1328,20336,-26020,4.566666666666666,0,1,49305
2025-02-05,NVIDIA RTX 3060,66402,4.0,1242,65299,3.7,123,40867,4.7,1132,1103,25535,4.133333333333334,0,29,1925658
2025-02-04,NVIDIA RTX 3060,91760,4.5,967,82627,3.5,1120,42827,4.5,1692,9133,48933,4.166666666666667,0,1,91760
2025-02-03,NVIDIA RTX 3060,44068,4.1,432,37837,4.5,1734,38957,3.7,636,6231,5111,4.1000000000000005,0,1,44068
2025-02-02,NVIDIA RTX 3060,84821,4.7,1129,34141,5.0,1756,50822,4.4,1342,50680,33999,4.7,0,1,84821
2025-02-01,NVIDIA RTX 3060,80091,4.9,554,56930,3.8,1180,28549,3.7,270,23161,51542,4.133333333333333,0,1,80091
2025-01-31,NVIDIA RTX 3060,87161,4.4,1955,86888,4.2,1640,64197,4.7,1578,273,22964,4.433333333333334,0,16,1394576
2025-01-30,NVIDIA RTX 3060,29330,4.3,595,60472,3.9,1743,94418,4.1,334,-31142,-65088,4.1,1,171,5015430
2025-01-29,NVIDIA RTX 3060,69358,4.0,1601,56700,3.9,495,64102,3.8,545,12658,5256,3.9,0,1,69358
2025-01-28,NVIDIA RTX 3060,48487,4.0,735,83697,4.7,1517,74117,4.4,683,-35210,-25630,4.366666666666666,1,198,9600426
2025-01-27,NVIDIA RTX 3060,92707,4.2,1992,39543,4.6,311,70606,3.6,1686,53164,22101,4.133333333333334,0,1,92707
2025-01-26,NVIDIA RTX 3060,73246,5.0,662,35612,3.8,887,74752,5.0,1509,37634,-1506,4.6000000000000005,0,1,73246
2025-01-25,NVIDIA RTX 3060,73670,4.2,257,41160,4.5,1096,81388,4.2,350,32510,-7718,4.3,0,1,73670
2025-01-24,NVIDIA RTX 3060,35409,3.8,1560,55101,4.5,1038,31639,3.5,542,-19692,3770,3.9333333333333336,0,137,4851033
2025-01-23,NVIDIA RTX 3060,87782,3.7,1910,51426,4.7,972,90963,4.7,484,36356,-3181,4.366666666666667,0,1,87782
2025-01-22,NVIDIA RTX 3060,30280,4.3,722,28426,3.6,1835,71989,3.8,912,1854,-41709,3.9,0,35,1059800
2025-01-21,NVIDIA RTX 3060,70869,3.6,1869,49879,4.5,1321,55538,3.8,208,20990,15331,3.9666666666666663,0,1,70869
2025-01-20,NVIDIA RTX 3060,80442,4.2,796,47171,4.8,1966,86990,4.8,1508,33271,-6548,4.6000000000000005,0,1,80442
2025-01-19,NVIDIA RTX 3060,45614,4.9,1576,85158,4.4,958,26131,4.8,1067,-39544,19483,4.7,0,219,9989466
2025-01-18,NVIDIA RTX 3060,39619,3.7,641,87892,3.8,834,69985,4.7,1855,-48273,-30366,4.066666666666666,1,263,10419797
2025-01-17,NVIDIA RTX 3060,42539,4.4,922,52815,4.1,1168,85202,3.8,1964,-10276,-42663,4.1000000000000005,1,67,2850113
2025-01-16,NVIDIA RTX 3060,65184,4.7,854,77610,4.7,1526,45975,5.0,1377,-12426,19209,4.8,0,89,5801376
2025-01-15,NVIDIA RTX 3060,30828,4.9,325,76646,4.7,858,43025,4.6,392,-45818,-12197,4.733333333333333,1,265,8169420
2025-01-14,NVIDIA RTX 3060,71344,4.0,1681,70130,3.7,848,45839,4.7,612,1214,25505,4.133333333333334,0,42,2996448
2025-01-13,NVIDIA RTX 3060,43577,3.6,1562,29657,4.1,1026,80476,4.2,1968,13920,-36899,3.9666666666666663,0,1,43577
2025-01-12,NVIDIA RTX 3060,78877,4.6,305,42393,3.7,408,31381,4.7,1430,36484,47496,4.333333333333333,0,1,78877
2025-01-11,NVIDIA RTX 3060,45337,5.0,913,90580,4.5,1185,44750,4.4,1572,-45243,587,4.633333333333334,0,243,11016891
2025-01-10,NVIDIA RTX 3060,61606,3.8,1608,43437,3.9,184,57270,3.9,1354,18169,4336,3.8666666666666667,0,1,61606
2025-01-09,NVIDIA RTX 3060,59695,4.0,1580,65249,3.5,1612,39868,4.1,970,-5554,19827,3.8666666666666667,0,79,4715905
2025-01-08,NVIDIA RTX 3060,74377,4.6,1969,54536,4.0,768,94019,4.3,457,19841,-19642,4.3,0,1,74377
2025-01-07,NVIDIA RTX 3060,80864,4.5,1568,75319,4.6,975,92992,3.7,763,5545,-12128,4.266666666666667,0,12,970368
2025-01-06,NVIDIA RTX 3060,30462,5.0,1066,93599,3.6,1309,77584,3.6,612,-63137,-47122,4.066666666666666,1,355,10814010
2025-01-05,NVIDIA RTX 3060,51216,4.6,711,44339,4.0,1411,83222,4.7,493,6877,-32006,4.433333333333334,0,9,460944
2025-01-04,NVIDIA RTX 3060,30384,4.6,923,93889,3.5,631,40621,4.2,1380,-63505,-10237,4.1000000000000005,1,365,11090160
2025-01-03,NVIDIA RTX 3060,50083,4.5,1238,66874,4.7,1502,57881,4.9,1124,-16791,-7798,4.7,1,113,5659379
2025-01-02,NVIDIA RTX 3060,74899,3.9,776,95256,4.6,1538,56925,3.6,1254,-20357,17974,4.033333333333333,0,131,9811769
2025-01-01,NVIDIA RTX 3060,86760,4.5,1541,46295,3.8,356,52088,4.4,876,40465,34672,4.233333333333333,0,1,86760
2024-12-31,NVIDIA RTX 3060,52197,3.5,1233,53735,4.9,478,25177,4.1,1641,-1538,27020,4.166666666666667,0,48,2505456
2024-12-30,NVIDIA RTX 3060,87511,4.9,1210,28509,3.6,538,92648,4.6,831,59002,-5137,4.366666666666666,0,1,87511
2024-12-29,NVIDIA RTX 3060,96277,4.1,134,64348,4.6,268,50630,4.1,1771,31929,45647,4.266666666666667,0,1,96277
2024-12-28,NVIDIA RTX 3060,86789,3.9,1527,95900,4.5,344,76055,3.6,521,-9111,10734,4.0,0,75,6509175
2024-12-27,NVIDIA RTX 3060,91574,3.8,1945,89828,4.4,928,30380,4.3,1577,1746,61194,4.166666666666667,0,40,3662960
2024-12-26,NVIDIA RTX 3060,73457,4.7,1511,66777,4.4,1656,62625,3.9,1437,6680,10832,4.333333333333334,0,2,146914
2024-12-25,NVIDIA RTX 3060,72518,4.7,704,83771,3.6,462,81201,3.9,1711,-11253,-8683,4.066666666666667,1,102,7396836
2024-12-24,NVIDIA RTX 3060,92508,3.7,283,61906,3.6,1309,29669,4.8,1839,30602,62839,4.033333333333334,0,1,92508
2024-12-23,NVIDIA RTX 3060,81233,4.1,1091,28993,4.0,1043,71967,5.0,1937,52240,9266,4.366666666666666,0,1,81233
2024-12-22,NVIDIA RTX 3060,52250,4.0,915,67869,4.4,844,44791,4.6,1429,-15619,7459,4.333333333333333,0,98,5120500
2024-12-21,NVIDIA RTX 3060,65860,3.6,1836,37385,4.7,1133,67072,4.7,841,28475,-1212,4.333333333333333,0,1,65860
2024-12-20,NVIDIA RTX 3060,69893,4.5,190,83486,4.6,222,42824,3.9,1962,-13593,27069,4.333333333333333,0,109,7618337
2024-12-19,NVIDIA RTX 3060,34203,4.7,1595,47380,3.9,1794,84412,3.7,169,-13177,-50209,4.1000000000000005,1,90,3078270
2024-12-18,NVIDIA RTX 3060,58197,3.8,427,33667,4.8,1475,84186,4.4,1616,24530,-25989,4.333333333333333,0,1,58197
2024-12-17,NVIDIA RTX 3060,49501,4.0,1037,75043,4.9,546,67105,4.3,1937,-25542,-17604,4.3999999999999995,1,149,7375649
2024-12-16,NVIDIA RTX 3060,38827,4.1,389,62564,4.5,1953,52699,3.9,1979,-23737,-13872,4.166666666666667,1,136,5280472
2024-12-15,NVIDIA RTX 3060,93597,4.2,1502,46596,4.4,1901,83899,4.2,358,47001,9698,4.266666666666667,0,1,93597
2024-12-14,NVIDIA RTX 3060,74525,4.7,185,34082,4.5,1390,94724,4.7,1547,40443,-20199,4.633333333333333,0,1,74525
2024-12-13,NVIDIA RTX 3060,48802,3.7,523,67244,3.8,948,37856,4.8,1634,-18442,10946,4.1000000000000005,0,141,6881082
2024-12-12,NVIDIA RTX 3060,46995,4.0,606,37496,4.6,991,78304,4.0,1085,9499,-31309,4.2,0,1,46995
2024-12-11,NVIDIA RTX 3060,69470,4.7,914,28148,5.0,582,53020,3.9,1139,41322,16450,4.533333333333333,0,1,69470
2024-12-10,NVIDIA RTX 3060,83579,3.5,976,73406,4.9,1743,48219,3.8,1380,10173,35360,4.066666666666666,0,1,83579
2024-12-09,NVIDIA RTX 3060,34483,3.8,259,95069,3.7,339,46217,4.0,541,-60586,-11734,3.8333333333333335,1,339,11689737
2024-12-08,NVIDIA RTX 3060,44706,5.0,392,80105,3.8,211,58084,3.6,1133,-35399,-13378,4.133333333333334,1,204,9120024
2024-12-07,NVIDIA RTX 3060,63582,3.6,1233,90915,4.3,1458,86871,3.9,290,-27333,-23289,3.9333333333333336,1,183,11635506
2024-12-06,NVIDIA RTX 3060,77359,4.1,1218,88614,4.4,651,41545,4.0,394,-11255,35814,4.166666666666667,0,72,5569848
2024-12-05,NVIDIA RTX 3060,44285,3.6,261,75016,3.5,526,75330,3.9,528,-30731,-31045,3.6666666666666665,1,187,8281295
2024-12-04,NVIDIA RTX 3060,46000,3.5,381,78191,4.6,1760,37217,4.8,1114,-32191,8783,4.3,0,203,9338000
2024-12-03,NVIDIA RTX 3060,36165,4.2,837,63411,4.3,705,74914,4.4,1066,-27246,-38749,4.3,1,171,6184215
2024-12-02,NVIDIA RTX 3060,78806,4.0,952,73875,3.6,1895,35128,4.2,420,4931,43678,3.9333333333333336,0,24,1891344
2024-12-01,NVIDIA RTX 3060,66935,3.9,854,80484,4.9,1332,52662,3.8,1254,-13549,14273,4.2,0,100,6693500
2024-11-30,NVIDIA RTX 3060,46490,3.9,189,47728,4.0,1049,24680,3.6,206,-1238,21810,3.8333333333333335,0,55,2556950
2024-11-29,NVIDIA RTX 3060,79245,4.7,768,60415,4.2,1095,64230,3.7,995,18830,15015,4.2,0,1,79245
2024-11-28,NVIDIA RTX 3060,67646,4.5,182,45505,4.6,1061,25002,4.2,1177,22141,42644,4.433333333333334,0,1,67646
2024-11-27,NVIDIA RTX 3060,52205,3.8,920,38761,4.2,454,85585,3.8,1635,13444,-33380,3.9333333333333336,0,1,52205
2024-11-26,NVIDIA RTX 3060,77837,3.5,1499,55356,3.9,796,26910,4.8,1837,22481,50927,4.066666666666666,0,1,77837
2024-11-25,NVIDIA RTX 3060,92960,4.4,1742,49055,3.7,520,53682,4.3,454,43905,39278,4.133333333333334,0,1,92960
2024-11-24,NVIDIA RTX 3060,43742,3.9,593,35350,4.1,1645,83003,4.8,605,8392,-39261,4.266666666666667,0,1,43742
2024-11-23,NVIDIA RTX 3060,50704,4.3,459,75991,4.2,905,89119,4.4,814,-25287,-38415,4.3,1,154,7808416
2024-11-22,NVIDIA RTX 3060,70420,4.1,1456,78599,4.5,1917,57631,4.2,164,-8179,12789,4.266666666666667,0,63,4436460
2024-11-21,NVIDIA RTX 3060,61645,3.8,103,25297,4.8,1205,49457,4.0,1056,36348,12188,4.2,0,1,61645
2024-11-20,NVIDIA RTX 3060,60385,3.6,625,96777,3.9,712,62035,4.1,158,-36392,-1650,3.8666666666666667,1,227,13707395
2024-11-19,NVIDIA RTX 3060,36333,4.0,1918,35258,4.5,924,47021,4.0,478,1075,-10688,4.166666666666667,0,43,1562319
2024-11-18,NVIDIA RTX 3060,62179,3.9,586,84310,4.6,1244,37734,3.7,1662,-22131,24445,4.066666666666666,0,128,7958912
2024-11-17,NVIDIA RTX 3060,87733,4.8,642,60922,3.8,1614,37415,3.8,1123,26811,50318,4.133333333333333,0,1,87733
2024-11-16,NVIDIA RTX 3060,77018,4.1,1196,65357,4.7,1460,40663,4.8,1745,11661,36355,4.533333333333334,0,1,77018
2024-11-15,NVIDIA RTX 3060,80721,5.0,1384,33601,4.3,1637,70299,5.0,328,47120,10422,4.766666666666667,0,1,80721
2024-11-14,NVIDIA RTX 3060,63885,4.8,1897,29477,4.0,626,72471,4.1,1482,34408,-8586,4.3,0,1,63885
2024-11-13,NVIDIA RTX 3060,68766,4.0,1826,66607,4.1,1795,90208,4.8,807,2159,-21442,4.3,0,15,1031490
2024-11-12,NVIDIA RTX 3060,33148,4.6,926,37322,4.6,1434,61577,4.5,1908,-4174,-28429,4.566666666666666,1,41,1359068
2024-11-11,NVIDIA RTX 3060,90932,4.2,1882,33837,3.9,613,75738,4.5,658,57095,15194,4.2,0,1,90932
2024-11-10,NVIDIA RTX 3060,27049,4.9,1425,62054,4.2,603,69525,4.1,1242,-35005,-42476,4.4,1,226,6113074
2024-11-09,NVIDIA RTX 3060,75650,4.5,1347,85857,3.7,1764,72880,3.9,745,-10207,2770,4.033333333333333,0,95,7186750
2024-11-08,NVIDIA RTX 3060,30705,4.2,705,69880,3.9,1952,41175,3.9,1871,-39175,-10470,4.0,1,230,7062150
2024-11-07,NVIDIA RTX 3060,61842,4.7,1662,52700,3.5,1519,48558,3.9,1190,9142,13284,4.033333333333333,0,1,61842
2024-11-06,NVIDIA RTX 3060,43280,4.1,711,95461,4.0,902,89460,3.6,858,-52181,-46180,3.9,1,285,12334800
2024-11-05,NVIDIA RTX 3060,48819,4.6,1102,56033,4.7,1782,59718,4.4,595,-7214,-10899,4.566666666666667,1,67,3270873
2024-11-04,NVIDIA RTX 3060,63962,3.7,1130,79140,3.7,214,28701,4.2,1586,-15178,35261,3.866666666666667,0,102,6524124
2024-11-03,NVIDIA RTX 3060,40927,4.6,1307,35709,4.7,496,86975,3.9,775,5218,-46048,4.4,0,15,613905
2024-11-02,NVIDIA RTX 3060,25685,4.1,306,69328,4.1,116,62682,4.9,424,-43643,-36997,4.366666666666666,1,235,6035975
2024-11-01,NVIDIA RTX 3060,31654,4.2,525,64702,4.0,314,93064,4.2,1943,-33048,-61410,4.133333333333333,1,203,6425762
2024-10-31,NVIDIA RTX 3060,45221,4.8,837,81317,4.4,1969,63464,4.7,1716,-36096,-18243,4.633333333333333,1,223,10084283
2024-10-30,NVIDIA RTX 3060,82593,4.8,441,39316,4.9,724,56506,3.9,1614,43277,26087,4.533333333333333,0,1,82593
2024-10-29,NVIDIA RTX 3060,63288,4.6,1488,51171,3.9,404,88361,3.6,1905,12117,-25073,4.033333333333333,0,1,63288
2024-10-28,NVIDIA RTX 3060,92109,4.8,1880,48097,4.6,1176,52356,4.7,1358,44012,39753,4.699999999999999,0,1,92109
2024-10-27,NVIDIA RTX 3060,25169,4.1,173,35430,4.2,820,49872,3.5,1929,-10261,-24703,3.9333333333333336,1,84,2114196
2024-10-26,NVIDIA RTX 3060,51081,4.0,1799,34508,4.9,301,66322,3.8,1476,16573,-15241,4.233333333333333,0,1,51081
