final_gpu_data.csv
date,gpu_name,flipkart_price,flipkart_rating,flipkart_reviews,amazon_price,amazon_rating,amazon_reviews,aliexpress_price,aliexpress_rating,aliexpress_reviews,price_diff_amazon,price_diff_aliexpress,average_rating,discount_flag,units_sold,revenue
2024-10-25,NVIDIA RTX 3060,76705,4.9,1815,27424,4.5,1658,67017,4.0,1253,49281,9688,4.466666666666667,0,1,76705
2024-10-24,NVIDIA RTX 3060,68313,4.8,957,41325,4.9,119,49903,4.4,1001,26988,18410,4.7,0,1,68313
2024-10-23,NVIDIA RTX 3060,65710,4.0,1477,34728,4.1,1072,60164,4.2,1903,30982,5546,4.1000000000000005,0,1,65710
2024-10-22,NVIDIA RTX 3060,41482,4.5,509,90054,3.8,1860,66110,4.9,1013,-48572,-24628,4.4,1,274,11366068
2024-10-21,NVIDIA RTX 3060,31282,4.1,1714,84412,3.8,392,71084,4.3,165,-53130,-39802,4.066666666666666,1,303,9478446
2024-10-20,NVIDIA RTX 3060,47930,4.6,344,48354,3.9,1943,62104,4.2,1903,-424,-14174,4.233333333333333,1,14,671020
2024-10-19,NVIDIA RTX 3060,69531,4.7,750,40909,3.6,315,69171,4.2,1462,28622,360,4.166666666666667,0,1,69531
2024-10-18,NVIDIA RTX 3060,24092,4.5,1012,86820,4.2,269,59438,4.9,544,-62728,-35346,4.533333333333333,1,347,8359924
2024-10-17,NVIDIA RTX 3060,49856,4.3,296,56251,3.6,1482,90694,3.7,529,-6395,-40838,3.866666666666667,1,78,3888768
2024-10-16,NVIDIA RTX 3060,27681,3.6,464,25781,4.0,493,34115,4.9,1435,1900,-6434,4.166666666666667,0,33,913473
2024-10-15,NVIDIA RTX 3060,65607,4.0,277,80066,4.0,897,63459,4.4,1786,-14459,2148,4.133333333333334,0,113,7413591
2024-10-14,NVIDIA RTX 3060,78053,4.3,274,42143,3.8,1659,27667,4.9,195,35910,50386,4.333333333333333,0,1,78053
2024-10-13,NVIDIA RTX 3060,36488,4.6,1097,58999,3.6,381,56717,4.0,1205,-22511,-20229,4.066666666666666,1,139,5071832
2024-10-12,NVIDIA RTX 3060,81429,4.8,375,34534,5.0,1741,64158,4.6,1046,46895,17271,4.8,0,1,81429
2024-10-11,NVIDIA RTX 3060,79934,3.8,175,85771,3.7,504,28221,4.2,1856,-5837,51713,3.9,0,58,4636172
2024-10-10,NVIDIA RTX 3060,90537,4.2,466,85338,4.6,975,87243,3.6,1853,5199,3294,4.133333333333334,0,5,452685
2024-10-09,NVIDIA RTX 3060,41294,5.0,1397,75079,4.1,951,90561,3.7,1493,-33785,-49267,4.266666666666667,1,212,8754328
2024-10-08,NVIDIA RTX 3060,45590,3.6,1417,79600,3.9,170,57522,3.7,1348,-34010,-11932,3.733333333333333,1,211,9619490
2024-10-07,NVIDIA RTX 3060,44222,4.4,180,78794,4.7,617,44786,4.7,1665,-34572,-564,4.6000000000000005,1,200,8844400
2025-04-04,NVIDIA RTX 3070,52399,4.6,1485,49915,4.5,1988,79882,3.8,481,2484,-27483,4.3,0,8,419192
2025-04-03,NVIDIA RTX 3070,66955,3.6,298,90609,3.7,1335,36327,3.7,231,-23654,30628,3.6666666666666665,0,158,10578890
2025-04-02,NVIDIA RTX 3070,62148,4.5,847,77673,3.8,1552,81046,4.1,1923,-15525,-18898,4.133333333333334,1,130,8079240
2025-04-01,NVIDIA RTX 3070,66633,3.9,532,86702,4.1,1236,57594,4.2,1505,-20069,9039,4.066666666666666,0,113,7529529
2025-03-31,NVIDIA RTX 3070,82218,3.6,881,23439,4.7,1065,38318,3.9,499,58779,43900,4.066666666666667,0,1,82218
2025-03-30,NVIDIA RTX 3070,93528,3.8,865,61082,3.6,1327,34586,4.2,1565,32446,58942,3.866666666666667,0,1,93528
2025-03-29,NVIDIA RTX 3070,88799,3.7,1180,70471,4.9,666,77379,4.5,1250,18328,11420,4.366666666666667,0,1,88799
2025-03-28,NVIDIA RTX 3070,31591,3.6,164,87382,4.6,1688,42812,4.5,1309,-55791,-11221,4.233333333333333,1,323,10203893
2025-03-27,NVIDIA RTX 3070,35395,4.1,794,67447,4.3,465,89858,4.7,1113,-32052,-54463,4.366666666666666,1,176,6229520
2025-03-26,NVIDIA RTX 3070,53301,4.9,437,91602,3.5,1855,76499,3.6,1588,-38301,-23198,4.0,1,220,11726220
2025-03-25,NVIDIA RTX 3070,34022,3.6,239,43496,4.3,746,75424,4.8,308,-9474,-41402,4.233333333333333,1,59,2007298
2025-03-24,NVIDIA RTX 3070,31584,4.2,1253,76796,4.2,1270,49955,4.6,1688,-45212,-18371,4.333333333333333,1,257,8117088
2025-03-23,NVIDIA RTX 3070,41767,3.7,319,88239,3.9,1858,48881,4.2,1420,-46472,-7114,3.9333333333333336,1,260,10859420
2025-03-22,NVIDIA RTX 3070,84431,4.6,1248,47208,4.0,1478,38858,4.8,1523,37223,45573,4.466666666666666,0,1,84431
2025-03-21,NVIDIA RTX 3070,54360,5.0,1760,62017,4.5,655,24045,4.0,1163,-7657,30315,4.5,0,52,2826720
2025-03-20,NVIDIA RTX 3070,53657,3.5,495,78329,4.6,270,71335,3.7,1374,-24672,-17678,3.9333333333333336,1,158,8477806
2025-03-19,NVIDIA RTX 3070,40312,4.8,489,50044,4.4,1392,93988,3.7,1782,-9732,-53676,4.3,1,79,3184648
2025-03-18,NVIDIA RTX 3070,65293,3.7,961,86984,3.5,981,54228,4.9,1703,-21691,11065,4.033333333333334,0,130,8488090
2025-03-17,NVIDIA RTX 3070,66698,4.7,1638,60617,3.8,240,96207,4.4,1840,6081,-29509,4.3,0,7,466886
2025-03-16,NVIDIA RTX 3070,23599,4.7,548,88473,4.0,738,72238,4.3,664,-64874,-48639,4.333333333333333,1,369,8708031
2025-03-15,NVIDIA RTX 3070,83114,4.6,1820,54670,3.8,1605,26874,4.5,1596,28444,56240,4.3,0,1,83114
2025-03-14,NVIDIA RTX 3070,31855,4.7,897,64657,3.8,665,92461,3.8,851,-32802,-60606,4.1000000000000005,1,196,6243580
2025-03-13,NVIDIA RTX 3070,43825,4.3,1957,42488,3.8,1243,89861,4.9,1927,1337,-46036,4.333333333333333,0,21,920325
2025-03-12,NVIDIA RTX 3070,28958,3.6,816,43580,4.3,1020,24179,4.7,612,-14622,4779,4.2,0,94,2722052
2025-03-11,NVIDIA RTX 3070,38353,4.9,321,65112,3.6,1449,42753,4.1,778,-26759,-4400,4.2,1,172,6596716
2025-03-10,NVIDIA RTX 3070,93621,4.0,1839,87064,4.2,1408,29394,3.9,1489,6557,64227,4.033333333333333,0,1,93621
2025-03-09,NVIDIA RTX 3070,87578,4.4,876,59274,4.4,466,89901,4.7,311,28304,-2323,4.5,0,1,87578
2025-03-08,NVIDIA RTX 3070,90003,4.7,290,74099,4.6,981,34217,4.1,205,15904,55786,4.466666666666667,0,1,90003
2025-03-07,NVIDIA RTX 3070,47836,3.8,1091,52736,3.5,1783,29384,4.3,1865,-4900,18452,3.8666666666666667,0,47,2248292
2025-03-06,NVIDIA RTX 3070,87180,4.8,1275,86662,4.2,1941,35541,4.9,1367,518,51639,4.633333333333334,0,29,2528220
2025-03-05,NVIDIA RTX 3070,81514,4.4,1366,44282,4.3,552,88222,3.8,661,37232,-6708,4.166666666666667,0,1,81514
2025-03-04,NVIDIA RTX 3070,85977,3.5,690,40192,4.2,505,23781,4.4,1312,45785,62196,4.033333333333334,0,1,85977
2025-03-03,NVIDIA RTX 3070,67589,4.1,657,85066,3.7,191,34014,5.0,1786,-17477,33575,4.266666666666667,0,115,7772735
2025-03-02,NVIDIA RTX 3070,84332,4.7,286,90414,4.6,389,47262,5.0,1200,-6082,37070,4.766666666666667,0,47,3963604
2025-03-01,NVIDIA RTX 3070,85937,3.6,1161,74555,5.0,1141,38342,3.8,478,11382,47595,4.133333333333333,0,1,85937
2025-02-28,NVIDIA RTX 3070,40651,4.9,1426,63560,5.0,1126,28487,3.6,886,-22909,12164,4.5,0,145,5894395
2025-02-27,NVIDIA RTX 3070,57039,3.9,711,85314,3.7,1436,45901,4.0,416,-28275,11138,3.8666666666666667,0,164,9354396
2025-02-26,NVIDIA RTX 3070,78040,4.7,1435,47029,3.5,752,78054,4.8,1785,31011,-14,4.333333333333333,0,1,78040
2025-02-25,NVIDIA RTX 3070,35218,4.8,1859,92793,4.2,1430,66644,4.7,813,-57575,-31426,4.566666666666666,1,339,11938902
2025-02-24,NVIDIA RTX 3070,63388,4.1,398,83992,4.1,1689,48992,4.0,1112,-20604,14396,4.066666666666666,0,137,8684156
2025-02-23,NVIDIA RTX 3070,35299,4.9,1303,30016,3.9,915,56507,3.6,840,5283,-21208,4.133333333333334,0,13,458887
2025-02-22,NVIDIA RTX 3070,33395,4.6,1805,26730,4.2,1936,43845,4.6,1525,6665,-10450,4.466666666666667,0,1,33395
2025-02-21,NVIDIA RTX 3070,49400,4.7,1894,70566,4.8,1866,86999,4.6,1009,-21166,-37599,4.7,1,123,6076200
2025-02-20,NVIDIA RTX 3070,84628,4.5,1476,88627,3.8,1450,72512,4.6,920,-3999,12116,4.3,0,60,5077680
2025-02-19,NVIDIA RTX 3070,65928,3.7,580,64280,4.5,1533,36489,3.8,122,1648,29439,4.0,0,11,725208
2025-02-18,NVIDIA RTX 3070,69508,4.1,488,54413,3.6,1270,69701,4.6,299,15095,-193,4.1,0,1,69508
2025-02-17,NVIDIA RTX 3070,43463,3.9,457,47381,3.7,1052,46349,3.7,1127,-3918,-2886,3.766666666666667,1,64,2781632
2025-02-16,NVIDIA RTX 3070,56076,3.6,1704,79844,4.4,159,34889,3.7,1882,-23768,21187,3.9,0,164,9196464
2025-02-15,NVIDIA RTX 3070,64368,4.3,981,68375,3.6,405,86321,4.0,687,-4007,-21953,3.966666666666667,1,55,3540240
2025-02-14,NVIDIA RTX 3070,37756,3.6,1613,71355,4.7,1970,43120,3.9,424,-33599,-5364,4.066666666666667,1,200,7551200
2025-02-13,NVIDIA RTX 3070,39340,4.4,1753,91412,3.5,190,87480,4.6,1075,-52072,-48140,4.166666666666667,1,284,11172560
2025-02-12,NVIDIA RTX 3070,93293,4.1,1029,37126,4.9,1246,45766,3.7,660,56167,47527,4.233333333333333,0,1,93293
2025-02-11,NVIDIA RTX 3070,70763,3.7,1488,81107,3.8,1320,48768,4.2,1969,-10344,21995,3.9,0,68,4811884
2025-02-10,NVIDIA RTX 3070,92147,4.8,1751,45890,3.9,844,82084,4.5,1408,46257,10063,4.3999999999999995,0,1,92147
2025-02-09,NVIDIA RTX 3070,70149,4.2,316,65963,4.2,1309,79631,4.0,1796,4186,-9482,4.133333333333334,0,17,1192533
2025-02-08,NVIDIA RTX 3070,43293,3.7,624,69194,3.6,1011,39070,3.5,942,-25901,4223,3.6,0,164,7100052
2025-02-07,NVIDIA RTX 3070,62846,3.6,1139,82212,3.8,1896,86192,4.9,1420,-19366,-23346,4.1000000000000005,1,137,8609902
2025-02-06,NVIDIA RTX 3070,42279,4.2,1760,69984,4.8,1872,66356,3.8,1271,-27705,-24077,4.266666666666667,1,181,7652499
2025-02-05,NVIDIA RTX 3070,74994,3.9,1844,36714,3.5,1577,42687,4.4,902,38280,32307,3.9333333333333336,0,1,74994
2025-02-04,NVIDIA RTX 3070,91612,3.5,732,58864,4.3,941,70467,3.9,1938,32748,21145,3.9,0,1,91612
2025-02-03,NVIDIA RTX 3070,51378,4.7,1756,67981,3.6,803,46435,3.6,1829,-16603,4943,3.966666666666667,0,130,6679140
2025-02-02,NVIDIA RTX 3070,94564,4.9,1772,27927,4.2,359,27082,5.0,810,66637,67482,4.7,0,1,94564
2025-02-01,NVIDIA RTX 3070,83993,4.9,949,29145,5.0,397,40783,3.9,508,54848,43210,4.6000000000000005,0,1,83993
2025-01-31,NVIDIA RTX 3070,32539,3.9,1810,93712,4.1,1545,89491,4.8,967,-61173,-56952,4.266666666666667,1,316,10282324
2025-01-30,NVIDIA RTX 3070,43204,4.1,1359,36972,4.5,901,48223,4.1,480,6232,-5019,4.233333333333333,0,12,518448
2025-01-29,NVIDIA RTX 3070,40353,4.6,780,26655,4.4,216,40084,3.9,1344,13698,269,4.3,0,1,40353
2025-01-28,NVIDIA RTX 3070,92814,5.0,1212,66497,3.7,251,29609,4.7,1279,26317,63205,4.466666666666666,0,1,92814
2025-01-27,NVIDIA RTX 3070,92246,4.7,1589,27166,3.6,1590,67093,4.4,905,65080,25153,4.233333333333333,0,1,92246
2025-01-26,NVIDIA RTX 3070,30132,4.5,931,86177,4.4,835,31007,4.8,188,-56045,-875,4.566666666666666,1,307,9250524
2025-01-25,NVIDIA RTX 3070,44384,4.1,743,38306,4.2,488,94710,3.9,1078,6078,-50326,4.066666666666667,0,1,44384
2025-01-24,NVIDIA RTX 3070,81060,4.7,1831,46269,3.8,247,86515,3.8,314,34791,-5455,4.1000000000000005,0,1,81060
2025-01-23,NVIDIA RTX 3070,33838,4.0,1568,71773,4.1,347,33272,4.1,1505,-37935,566,4.066666666666666,0,201,6801438
2025-01-22,NVIDIA RTX 3070,44907,4.0,1552,72592,3.5,1097,91352,4.3,208,-27685,-46445,3.9333333333333336,1,172,7724004
2025-01-21,NVIDIA RTX 3070,26383,3.6,1413,51468,4.2,280,31389,3.9,234,-25085,-5006,3.9000000000000004,1,152,4010216
2025-01-20,NVIDIA RTX 3070,43390,4.8,753,88257,3.8,1472,54670,4.0,242,-44867,-11280,4.2,1,253,10977670
2025-01-19,NVIDIA RTX 3070,64543,4.6,1120,53594,4.8,571,36707,4.7,1261,10949,27836,4.699999999999999,0,1,64543
2025-01-18,NVIDIA RTX 3070,73246,4.0,920,59005,4.0,165,86408,3.9,1163,14241,-13162,3.966666666666667,0,1,73246
2025-01-17,NVIDIA RTX 3070,87875,3.6,380,87895,4.4,1814,70436,4.1,954,-20,17439,4.033333333333333,0,21,1845375
2025-01-16,NVIDIA RTX 3070,70935,3.7,953,38550,4.2,270,45800,4.2,232,32385,25135,4.033333333333334,0,1,70935
2025-01-15,NVIDIA RTX 3070,47161,4.2,957,88622,4.5,1862,51324,4.4,265,-41461,-4163,4.366666666666666,1,222,10469742
2025-01-14,NVIDIA RTX 3070,61647,4.2,604,88065,3.6,850,43195,4.3,716,-26418,18452,4.033333333333334,0,176,10849872
2025-01-13,NVIDIA RTX 3070,35195,4.9,1443,89837,4.3,351,28911,3.6,387,-54642,6284,4.266666666666667,0,299,10523305
2025-01-12,NVIDIA RTX 3070,40060,4.9,423,53037,4.9,146,38762,4.4,1783,-12977,1298,4.733333333333333,0,89,3565340
2025-01-11,NVIDIA RTX 3070,88456,4.9,1886,84111,4.0,370,26817,4.4,511,4345,61639,4.433333333333334,0,1,88456
2025-01-10,NVIDIA RTX 3070,68601,4.4,1650,68206,3.7,633,84948,4.4,985,395,-16347,4.166666666666667,0,14,960414
2025-01-09,NVIDIA RTX 3070,25640,4.5,1518,91220,4.5,705,41649,3.9,346,-65580,-16009,4.3,1,363,9307320
2025-01-08,NVIDIA RTX 3070,88115,4.7,1790,34194,4.5,1294,44726,4.5,1253,53921,43389,4.566666666666666,0,1,88115
2025-01-07,NVIDIA RTX 3070,86815,4.8,1012,73611,4.1,682,72413,4.4,926,13204,14402,4.433333333333333,0,1,86815
2025-01-06,NVIDIA RTX 3070,28510,4.1,1674,71977,3.5,1408,37310,4.8,249,-43467,-8800,4.133333333333333,1,268,7640680
2025-01-05,NVIDIA RTX 3070,88203,4.6,968,84953,4.5,1928,38042,3.5,1469,3250,50161,4.2,0,1,88203
2025-01-04,NVIDIA RTX 3070,81454,4.3,1644,48108,3.6,754,71878,4.4,360,33346,9576,4.1000000000000005,0,1,81454
2025-01-03,NVIDIA RTX 3070,87346,5.0,1417,63685,4.5,1509,66195,4.4,1218,23661,21151,4.633333333333334,0,1,87346
2025-01-02,NVIDIA RTX 3070,36047,4.8,289,40355,4.2,256,29467,5.0,952,-4308,6580,4.666666666666667,0,64,2307008
2025-01-01,NVIDIA RTX 3070,52054,4.9,1230,50570,5.0,970,28897,4.2,892,1484,23157,4.7,0,44,2290376
2024-12-31,NVIDIA RTX 3070,79150,3.7,775,68315,3.6,1832,28122,4.8,611,10835,51028,4.033333333333334,0,1,79150
2024-12-30,NVIDIA RTX 3070,33990,3.6,1834,93882,4.2,1529,54506,4.6,851,-59892,-20516,4.133333333333334,1,349,11862510
2024-12-29,NVIDIA RTX 3070,97307,3.9,687,69050,3.7,680,40900,5.0,1530,28257,56407,4.2,0,1,97307
2024-12-28,NVIDIA RTX 3070,54060,4.5,1836,44025,4.1,1309,73229,4.5,1190,10035,-19169,4.366666666666666,0,1,54060
2024-12-27,NVIDIA RTX 3070,86544,3.6,252,89697,3.9,1672,64052,4.2,1272,-3153,22492,3.9,0,53,4586832
2024-12-26,NVIDIA RTX 3070,36381,4.6,808,37444,4.6,1671,24635,4.0,1453,-1063,11746,4.3999999999999995,0,52,1891812
2024-12-25,NVIDIA RTX 3070,60143,3.6,648,67504,3.7,982,60320,4.8,360,-7361,-177,4.033333333333334,1,58,3488294
2024-12-24,NVIDIA RTX 3070,72928,3.6,1324,28963,4.8,814,72739,4.6,1329,43965,189,4.333333333333333,0,1,72928
2024-12-23,NVIDIA RTX 3070,35040,3.9,605,82027,4.3,962,74969,4.9,702,-46987,-39929,4.366666666666666,1,275,9636000
2024-12-22,NVIDIA RTX 3070,66217,4.6,1396,80798,4.2,1835,32914,4.9,559,-14581,33303,4.566666666666667,0,101,6687917
2024-12-21,NVIDIA RTX 3070,81140,4.2,1397,64855,4.5,741,55997,4.0,336,16285,25143,4.233333333333333,0,1,81140
2024-12-20,NVIDIA RTX 3070,77094,4.9,981,92097,4.0,402,80949,4.4,382,-15003,-3855,4.433333333333334,1,123,9482562
2024-12-19,NVIDIA RTX 3070,43422,4.0,1032,66505,4.2,993,78743,4.5,249,-23083,-35321,4.233333333333333,1,143,6209346
2024-12-18,NVIDIA RTX 3070,69969,4.1,1046,37087,4.9,1583,81475,4.6,1533,32882,-11506,4.533333333333333,0,1,69969
2024-12-17,NVIDIA RTX 3070,39085,4.5,1102,41785,3.8,662,95587,4.3,2000,-2700,-56502,4.2,1,33,1289805
2024-12-16,NVIDIA RTX 3070,92136,4.1,382,31986,4.7,211,60968,4.6,1993,60150,31168,4.466666666666667,0,1,92136
2024-12-15,NVIDIA RTX 3070,89855,4.6,1009,75530,3.9,264,83902,4.9,1566,14325,5953,4.466666666666667,0,1,89855
2024-12-14,NVIDIA RTX 3070,84325,3.8,970,85368,3.7,920,63576,4.2,1544,-1043,20749,3.9,0,32,2698400
2024-12-13,NVIDIA RTX 3070,49610,4.4,1190,71672,4.1,872,50100,4.2,1104,-22062,-490,4.233333333333333,1,160,7937600
2024-12-12,NVIDIA RTX 3070,77481,3.7,1395,86986,4.2,559,61510,3.8,1904,-9505,15971,3.9,0,59,4571379
2024-12-11,NVIDIA RTX 3070,54070,4.7,1113,83144,4.1,1501,53544,3.6,1680,-29074,526,4.133333333333334,0,171,9245970
2024-12-10,NVIDIA RTX 3070,54158,4.9,1906,28008,3.9,1369,41483,4.4,364,26150,12675,4.4,0,1,54158
2024-12-09,NVIDIA RTX 3070,44256,3.8,1492,63421,5.0,1122,54709,3.6,141,-19165,-10453,4.133333333333334,1,120,5310720
2024-12-08,NVIDIA RTX 3070,35311,4.3,1349,53628,3.6,632,76609,3.5,1800,-18317,-41298,3.8000000000000003,1,120,4237320
2024-12-07,NVIDIA RTX 3070,65001,3.5,1834,54619,5.0,108,54459,4.3,1089,10382,10542,4.266666666666667,0,1,65001
2024-12-06,NVIDIA RTX 3070,48503,4.9,1677,25458,5.0,1443,33743,4.3,525,23045,14760,4.733333333333333,0,1,48503
2024-12-05,NVIDIA RTX 3070,90681,5.0,418,46538,4.7,683,90527,4.2,1435,44143,154,4.633333333333333,0,1,90681
2024-12-04,NVIDIA RTX 3070,24829,4.2,810,75293,3.8,1391,49505,4.7,1097,-50464,-24676,4.233333333333333,1,285,7076265
2024-12-03,NVIDIA RTX 3070,33358,4.8,441,32768,3.6,192,84395,4.9,1998,590,-51037,4.433333333333334,0,38,1267604
2024-12-02,NVIDIA RTX 3070,66156,4.7,1270,63584,4.4,1031,33621,4.5,1909,2572,32535,4.533333333333334,0,24,1587744
2024-12-01,NVIDIA RTX 3070,88265,4.6,1219,88275,4.4,1363,36448,4.7,1302,-10,51817,4.566666666666666,0,37,3265805
2024-11-30,NVIDIA RTX 3070,56596,4.1,1934,45302,4.1,338,44144,4.7,971,11294,12452,4.3,0,1,56596
2024-11-29,NVIDIA RTX 3070,67396,3.9,252,94127,4.6,1489,83901,4.5,613,-26731,-16505,4.333333333333333,1,168,11322528
2024-11-28,NVIDIA RTX 3070,52868,3.7,1556,70657,3.8,549,47589,4.4,772,-17789,5279,3.966666666666667,0,126,6661368
2024-11-27,NVIDIA RTX 3070,76412,4.4,1420,49426,4.4,306,35928,4.1,1355,26986,40484,4.3,0,1,76412
2024-11-26,NVIDIA RTX 3070,79338,4.0,1960,68944,4.7,1240,69291,3.8,1301,10394,10047,4.166666666666667,0,1,79338
2024-11-25,NVIDIA RTX 3070,27692,4.7,835,70686,4.6,1550,24971,3.9,818,-42994,2721,4.4,0,251,6950692
2024-11-24,NVIDIA RTX 3070,61305,4.7,1978,79350,4.4,602,67918,4.5,1946,-18045,-6613,4.533333333333334,1,142,8705310
2024-11-23,NVIDIA RTX 3070,86592,3.6,576,32269,4.9,409,94239,4.7,1507,54323,-7647,4.3999999999999995,0,1,86592
2024-11-22,NVIDIA RTX 3070,78651,3.7,718,85665,4.0,1762,41347,4.5,481,-7014,37304,4.066666666666666,0,59,4640409
2024-11-21,NVIDIA RTX 3070,77975,3.5,1333,57884,4.7,722,46578,4.2,1362,20091,31397,4.133333333333333,0,1,77975
2024-11-20,NVIDIA RTX 3070,42061,3.5,890,64757,4.7,1564,47694,3.7,715,-22696,-5633,3.9666666666666663,1,153,6435333
2024-11-19,NVIDIA RTX 3070,72530,4.6,1220,93253,4.8,1296,54622,4.2,1583,-20723,17908,4.533333333333332,0,120,8703600
2024-11-18,NVIDIA RTX 3070,34977,4.1,1225,71381,4.4,936,42776,4.7,1939,-36404,-7799,4.3999999999999995,1,222,7764894
2024-11-17,NVIDIA RTX 3070,39203,4.3,478,86084,3.7,814,46999,3.8,991,-46881,-7796,3.9333333333333336,1,261,10231983
2024-11-16,NVIDIA RTX 3070,88927,4.8,1075,78862,3.8,909,24919,4.0,1276,10065,64008,4.2,0,1,88927
2024-11-15,NVIDIA RTX 3070,46256,3.9,1965,88485,4.8,346,48913,4.3,885,-42229,-2657,4.333333333333333,1,252,11656512
2024-11-14,NVIDIA RTX 3070,78019,4.1,1094,34869,5.0,1209,61008,4.3,466,43150,17011,4.466666666666666,0,1,78019
