final_gpu_data.csv
date,gpu_name,flipkart_price,flipkart_rating,flipkart_reviews,amazon_price,amazon_rating,amazon_reviews,aliexpress_price,aliexpress_rating,aliexpress_reviews,price_diff_amazon,price_diff_aliexpress,average_rating,discount_flag,units_sold,revenue
2024-11-13,NVIDIA RTX 3070,92140,4.5,1879,38279,3.8,1640,87679,4.4,1981,53861,4461,4.233333333333333,0,1,92140
2024-11-12,NVIDIA RTX 3070,44073,4.8,159,40953,4.4,1013,35941,4.9,1725,3120,8132,4.7,0,1,44073
2024-11-11,NVIDIA RTX 3070,89011,4.3,805,74705,4.8,535,25997,3.8,1701,14306,63014,4.3,0,1,89011
2024-11-10,NVIDIA RTX 3070,49625,4.7,558,66955,3.8,1327,26456,4.0,809,-17330,23169,4.166666666666667,0,135,6699375
2024-11-09,NVIDIA RTX 3070,61496,4.5,1086,76257,4.0,462,86703,4.2,419,-14761,-25207,4.233333333333333,1,117,7195032
2024-11-08,NVIDIA RTX 3070,59431,4.1,1608,49463,3.8,1781,46140,4.3,820,9968,13291,4.066666666666666,0,1,59431
2024-11-07,NVIDIA RTX 3070,51563,4.8,1440,96886,3.9,1247,69586,4.5,1499,-45323,-18023,4.3999999999999995,1,262,13509506
2024-11-06,NVIDIA RTX 3070,76588,4.8,408,50248,3.6,1271,29903,4.8,1439,26340,46685,4.3999999999999995,0,1,76588
2024-11-05,NVIDIA RTX 3070,34599,4.4,1397,69981,4.7,249,48962,4.3,327,-35382,-14363,4.466666666666668,1,214,7404186
2024-11-04,NVIDIA RTX 3070,63491,3.6,193,31257,4.8,922,32235,4.7,1796,32234,31256,4.366666666666667,0,1,63491
2024-11-03,NVIDIA RTX 3070,89527,3.7,1556,43733,4.3,827,35461,4.8,1106,45794,54066,4.266666666666667,0,1,89527
2024-11-02,NVIDIA RTX 3070,92408,4.4,1535,94657,4.5,396,65836,4.6,1478,-2249,26572,4.5,0,41,3788728
2024-11-01,NVIDIA RTX 3070,87709,3.9,126,81891,4.2,1984,47154,4.5,1302,5818,40555,4.2,0,1,87709
2024-10-31,NVIDIA RTX 3070,66476,4.6,294,69533,5.0,507,42999,3.8,1121,-3057,23477,4.466666666666666,0,30,1994280
2024-10-30,NVIDIA RTX 3070,37903,4.5,220,83762,4.1,862,51594,4.9,1856,-45859,-13691,4.5,1,273,10347519
2024-10-29,NVIDIA RTX 3070,95511,4.6,558,66973,3.6,1729,31307,4.7,249,28538,64204,4.3,0,1,95511
2024-10-28,NVIDIA RTX 3070,44292,4.6,756,91208,4.9,1070,81806,3.9,933,-46916,-37514,4.466666666666667,1,248,10984416
2024-10-27,NVIDIA RTX 3070,22766,4.7,1367,56952,3.6,1149,92641,4.2,466,-34186,-69875,4.166666666666667,1,222,5054052
2024-10-26,NVIDIA RTX 3070,64756,4.3,1537,38127,4.0,1218,44915,3.7,1669,26629,19841,4.0,0,1,64756
2024-10-25,NVIDIA RTX 3070,41840,4.2,1306,44822,3.8,1581,76999,3.5,927,-2982,-35159,3.8333333333333335,1,62,2594080
2024-10-24,NVIDIA RTX 3070,56778,4.1,802,92906,4.8,795,58783,3.6,428,-36128,-2005,4.166666666666666,1,232,13172496
2024-10-23,NVIDIA RTX 3070,45208,4.5,464,38932,4.4,1024,34355,5.0,1600,6276,10853,4.633333333333334,0,5,226040
2024-10-22,NVIDIA RTX 3070,58311,5.0,1499,79055,3.7,326,51663,4.0,566,-20744,6648,4.233333333333333,0,117,6822387
2024-10-21,NVIDIA RTX 3070,67503,3.6,1623,80946,4.7,1338,90767,4.7,1107,-13443,-23264,4.333333333333333,1,86,5805258
2024-10-20,NVIDIA RTX 3070,71772,4.1,1239,82383,4.1,1449,47277,4.0,472,-10611,24495,4.066666666666666,0,68,4880496
2024-10-19,NVIDIA RTX 3070,92665,4.9,1166,90782,4.1,437,52962,4.9,1929,1883,39703,4.633333333333334,0,33,3057945
2024-10-18,NVIDIA RTX 3070,58763,4.4,1372,59602,4.9,387,68798,3.7,1940,-839,-10035,4.333333333333333,1,55,3231965
2024-10-17,NVIDIA RTX 3070,48347,4.3,1383,93539,4.2,197,41781,4.6,833,-45192,6566,4.366666666666666,0,258,12473526
2024-10-16,NVIDIA RTX 3070,59589,3.6,1782,32086,4.9,297,63290,5.0,272,27503,-3701,4.5,0,1,59589
2024-10-15,NVIDIA RTX 3070,62484,4.1,1783,53645,3.8,1447,46075,3.8,1162,8839,16409,3.9,0,1,62484
2024-10-14,NVIDIA RTX 3070,63656,4.6,1950,69134,4.2,786,76320,4.6,447,-5478,-12664,4.466666666666667,1,77,4901512
2024-10-13,NVIDIA RTX 3070,68290,3.7,1442,75174,3.9,410,74943,4.5,297,-6884,-6653,4.033333333333333,1,58,3960820
2024-10-12,NVIDIA RTX 3070,69389,4.2,834,56137,4.8,1167,94380,4.4,1909,13252,-24991,4.466666666666667,0,1,69389
2024-10-11,NVIDIA RTX 3070,60611,4.8,1205,57575,3.8,609,68613,4.4,1773,3036,-8002,4.333333333333333,0,3,181833
2024-10-10,NVIDIA RTX 3070,47158,4.2,834,35368,4.4,412,71127,3.9,1701,11790,-23969,4.166666666666667,0,1,47158
2024-10-09,NVIDIA RTX 3070,60004,4.4,1267,76783,4.1,730,51215,3.8,1624,-16779,8789,4.1000000000000005,0,97,5820388
2024-10-08,NVIDIA RTX 3070,60538,3.7,422,74539,4.6,157,79232,3.9,920,-14001,-18694,4.066666666666667,1,111,6719718
2024-10-07,NVIDIA RTX 3070,41707,3.7,1989,65713,5.0,1448,56985,4.7,1423,-24006,-15278,4.466666666666666,1,148,6172636
2025-04-04,NVIDIA RTX 3080,38232,4.1,161,86323,4.4,570,41229,4.2,1129,-48091,-2997,4.233333333333333,1,271,10360872
2025-04-03,NVIDIA RTX 3080,71869,4.4,1752,27715,4.5,1169,67089,4.4,1078,44154,4780,4.433333333333334,0,1,71869
2025-04-02,NVIDIA RTX 3080,46351,4.0,1472,27666,4.3,1164,69549,4.7,839,18685,-23198,4.333333333333333,0,1,46351
2025-04-01,NVIDIA RTX 3080,64986,4.5,910,87485,5.0,1283,88503,4.1,484,-22499,-23517,4.533333333333333,1,142,9228012
2025-03-31,NVIDIA RTX 3080,87682,3.9,1233,79787,3.6,554,45024,4.8,1707,7895,42658,4.1000000000000005,0,1,87682
2025-03-30,NVIDIA RTX 3080,47592,4.9,1989,93143,4.5,1359,27142,4.9,768,-45551,20450,4.766666666666667,0,274,13040208
2025-03-29,NVIDIA RTX 3080,79196,4.9,1646,56628,4.9,1031,81184,3.8,336,22568,-1988,4.533333333333334,0,1,79196
2025-03-28,NVIDIA RTX 3080,65889,4.3,670,87725,4.2,1301,51989,4.1,1202,-21836,13900,4.2,0,124,8170236
2025-03-27,NVIDIA RTX 3080,38358,3.8,1198,87034,4.0,1931,65974,4.9,220,-48676,-27616,4.233333333333333,1,267,10241586
2025-03-26,NVIDIA RTX 3080,71689,5.0,643,31489,4.1,745,61411,4.5,499,40200,10278,4.533333333333333,0,1,71689
2025-03-25,NVIDIA RTX 3080,56135,3.7,1923,23199,4.5,877,44430,4.9,974,32936,11705,4.366666666666666,0,1,56135
2025-03-24,NVIDIA RTX 3080,35704,4.3,1136,43905,4.5,1767,37543,4.8,1431,-8201,-1839,4.533333333333334,1,73,2606392
2025-03-23,NVIDIA RTX 3080,44605,3.9,531,31516,3.6,434,81284,4.4,303,13089,-36679,3.966666666666667,0,1,44605
2025-03-22,NVIDIA RTX 3080,24183,3.6,1908,92897,4.7,1015,45627,4.3,1739,-68714,-21444,4.2,1,390,9431370
2025-03-21,NVIDIA RTX 3080,48583,3.5,1608,83288,4.6,1166,65855,4.3,386,-34705,-17272,4.133333333333333,1,205,9959515
2025-03-20,NVIDIA RTX 3080,76916,3.9,242,37772,4.4,272,77923,4.3,633,39144,-1007,4.2,0,1,76916
2025-03-19,NVIDIA RTX 3080,55749,4.6,103,83301,4.5,1193,44709,5.0,988,-27552,11040,4.7,0,167,9310083
2025-03-18,NVIDIA RTX 3080,77243,4.6,456,65283,3.8,114,39626,4.3,1893,11960,37617,4.233333333333333,0,1,77243
2025-03-17,NVIDIA RTX 3080,58295,4.0,1751,47027,3.9,1404,78682,4.4,630,11268,-20387,4.1000000000000005,0,1,58295
2025-03-16,NVIDIA RTX 3080,50753,4.3,202,90367,4.2,1720,82332,4.9,1905,-39614,-31579,4.466666666666667,1,235,11926955
2025-03-15,NVIDIA RTX 3080,62617,4.2,589,38584,4.5,526,43810,4.2,1503,24033,18807,4.3,0,1,62617
2025-03-14,NVIDIA RTX 3080,29276,4.1,112,40924,4.7,118,43682,4.0,204,-11648,-14406,4.266666666666667,1,92,2693392
2025-03-13,NVIDIA RTX 3080,78493,4.3,155,71116,4.6,143,86469,4.0,1360,7377,-7976,4.3,0,1,78493
2025-03-12,NVIDIA RTX 3080,56714,3.6,1434,62911,4.3,1029,55489,4.1,712,-6197,1225,4.0,0,62,3516268
2025-03-11,NVIDIA RTX 3080,27920,4.4,1959,31097,4.8,365,27455,4.5,1081,-3177,465,4.566666666666666,0,66,1842720
2025-03-10,NVIDIA RTX 3080,81072,3.7,841,32912,4.3,1923,70364,5.0,1610,48160,10708,4.333333333333333,0,1,81072
2025-03-09,NVIDIA RTX 3080,66327,4.2,765,77283,4.6,1280,92847,3.8,1850,-10956,-26520,4.2,1,69,4576563
2025-03-08,NVIDIA RTX 3080,62381,4.1,598,69379,3.9,1217,62784,3.9,674,-6998,-403,3.966666666666667,1,82,5115242
2025-03-07,NVIDIA RTX 3080,64176,4.4,1656,62705,4.3,1268,41792,4.0,1758,1471,22384,4.233333333333333,0,31,1989456
2025-03-06,NVIDIA RTX 3080,63113,4.2,797,39375,4.5,176,69413,4.6,1658,23738,-6300,4.433333333333333,0,1,63113
2025-03-05,NVIDIA RTX 3080,55861,4.1,1960,42492,4.5,904,41271,3.6,1259,13369,14590,4.066666666666666,0,1,55861
2025-03-04,NVIDIA RTX 3080,64814,4.8,245,89182,4.5,501,27361,4.2,1549,-24368,37453,4.5,0,140,9073960
2025-03-03,NVIDIA RTX 3080,92020,4.2,264,54238,4.5,419,53900,3.7,1428,37782,38120,4.133333333333333,0,1,92020
2025-03-02,NVIDIA RTX 3080,86455,4.1,757,27495,4.4,1458,41870,4.6,882,58960,44585,4.366666666666666,0,1,86455
2025-03-01,NVIDIA RTX 3080,74519,4.6,1380,37639,4.2,1322,46630,4.4,1593,36880,27889,4.4,0,1,74519
2025-02-28,NVIDIA RTX 3080,46263,4.9,697,58666,4.4,1899,25616,4.7,1663,-12403,20647,4.666666666666667,0,93,4302459
2025-02-27,NVIDIA RTX 3080,87395,4.2,1091,44922,4.3,1738,54413,4.3,647,42473,32982,4.266666666666667,0,1,87395
2025-02-26,NVIDIA RTX 3080,45993,4.9,358,79637,4.0,1627,40761,3.8,325,-33644,5232,4.233333333333333,0,212,9750516
2025-02-25,NVIDIA RTX 3080,95055,4.9,1383,72522,4.8,1106,37841,4.9,1455,22533,57214,4.866666666666666,0,1,95055
2025-02-24,NVIDIA RTX 3080,58358,4.1,1496,32462,4.6,879,81494,4.5,947,25896,-23136,4.3999999999999995,0,1,58358
2025-02-23,NVIDIA RTX 3080,66444,4.9,1513,64260,4.2,965,24040,5.0,135,2184,42404,4.7,0,13,863772
2025-02-22,NVIDIA RTX 3080,61397,4.4,821,52191,3.6,763,80711,3.6,317,9206,-19314,3.8666666666666667,0,1,61397
2025-02-21,NVIDIA RTX 3080,74301,4.3,658,43000,4.8,466,26080,3.7,222,31301,48221,4.266666666666667,0,1,74301
2025-02-20,NVIDIA RTX 3080,61150,4.1,1407,88069,4.1,262,31132,4.1,1784,-26919,30018,4.1,0,180,11007000
2025-02-19,NVIDIA RTX 3080,42964,4.2,1473,48984,4.6,837,64053,4.3,1407,-6020,-21089,4.366666666666667,1,79,3394156
2025-02-18,NVIDIA RTX 3080,41736,3.6,534,92048,4.2,1510,68762,4.8,1131,-50312,-27026,4.2,1,274,11435664
2025-02-17,NVIDIA RTX 3080,41823,4.8,369,39154,4.7,949,95641,4.4,1171,2669,-53818,4.633333333333334,0,1,41823
2025-02-16,NVIDIA RTX 3080,92817,4.2,163,46609,4.0,792,67054,4.8,1733,46208,25763,4.333333333333333,0,1,92817
2025-02-15,NVIDIA RTX 3080,40747,3.7,1440,59015,4.0,868,77901,4.8,1978,-18268,-37154,4.166666666666667,1,136,5541592
2025-02-14,NVIDIA RTX 3080,71908,4.3,1301,37772,4.3,1736,74931,3.8,1890,34136,-3023,4.133333333333333,0,1,71908
2025-02-13,NVIDIA RTX 3080,82839,5.0,1776,36143,4.2,194,39264,4.2,1216,46696,43575,4.466666666666666,0,1,82839
2025-02-12,NVIDIA RTX 3080,67970,4.1,1577,90216,3.8,817,75762,3.9,1558,-22246,-7792,3.933333333333333,1,137,9311890
2025-02-11,NVIDIA RTX 3080,90099,4.5,193,85484,4.0,780,73086,4.3,1930,4615,17013,4.266666666666667,0,1,90099
2025-02-10,NVIDIA RTX 3080,69011,4.1,1619,74892,4.5,1462,35070,3.8,484,-5881,33941,4.133333333333333,0,51,3519561
2025-02-09,NVIDIA RTX 3080,57460,4.4,1173,78144,4.4,1222,82101,5.0,787,-20684,-24641,4.6000000000000005,1,137,7872020
2025-02-08,NVIDIA RTX 3080,49277,4.4,1656,47614,4.9,242,39654,4.6,1377,1663,9623,4.633333333333334,0,26,1281202
2025-02-07,NVIDIA RTX 3080,34266,4.2,177,65952,4.4,1970,73941,4.9,1701,-31686,-39675,4.500000000000001,1,210,7195860
2025-02-06,NVIDIA RTX 3080,72866,3.6,1423,28014,4.1,1308,80344,4.3,901,44852,-7478,4.0,0,1,72866
2025-02-05,NVIDIA RTX 3080,44439,3.6,1459,91181,4.2,378,60637,3.7,760,-46742,-16198,3.8333333333333335,1,249,11065311
2025-02-04,NVIDIA RTX 3080,47381,4.0,1669,70373,5.0,1263,53497,3.8,1821,-22992,-6116,4.266666666666667,1,150,7107150
2025-02-03,NVIDIA RTX 3080,49604,4.2,941,27253,4.2,1955,71072,4.1,1105,22351,-21468,4.166666666666667,0,1,49604
2025-02-02,NVIDIA RTX 3080,53127,3.7,612,88898,4.8,669,90456,4.4,110,-35771,-37329,4.3,1,210,11156670
2025-02-01,NVIDIA RTX 3080,32227,4.3,582,46266,4.6,945,36909,4.6,1435,-14039,-4682,4.499999999999999,1,117,3770559
2025-01-31,NVIDIA RTX 3080,46092,4.9,1346,77014,3.9,1186,60219,4.4,1343,-30922,-14127,4.4,1,176,8112192
2025-01-30,NVIDIA RTX 3080,70214,4.4,483,87969,4.6,1603,70899,3.6,1445,-17755,-685,4.2,1,112,7863968
2025-01-29,NVIDIA RTX 3080,39849,4.0,793,55329,4.5,1550,36508,4.8,963,-15480,3341,4.433333333333334,0,104,4144296
2025-01-28,NVIDIA RTX 3080,86124,3.6,1424,58855,4.1,781,26391,3.9,1823,27269,59733,3.8666666666666667,0,1,86124
2025-01-27,NVIDIA RTX 3080,78286,4.1,1784,58498,3.5,1119,66822,5.0,1110,19788,11464,4.2,0,1,78286
2025-01-26,NVIDIA RTX 3080,73822,4.7,1491,71289,4.0,213,36916,4.9,253,2533,36906,4.533333333333333,0,1,73822
2025-01-25,NVIDIA RTX 3080,60572,4.9,153,40634,3.8,1574,88536,4.0,1596,19938,-27964,4.233333333333333,0,1,60572
2025-01-24,NVIDIA RTX 3080,69359,4.0,232,27992,4.2,139,68332,4.7,1659,41367,1027,4.3,0,1,69359
2025-01-23,NVIDIA RTX 3080,89045,4.1,938,42634,4.8,1724,66986,4.5,401,46411,22059,4.466666666666666,0,1,89045
2025-01-22,NVIDIA RTX 3080,54386,4.9,1162,32632,3.5,1996,82080,4.1,200,21754,-27694,4.166666666666667,0,1,54386
2025-01-21,NVIDIA RTX 3080,62022,3.8,1271,64327,4.1,1242,92574,3.9,1907,-2305,-30552,3.933333333333333,1,49,3039078
2025-01-20,NVIDIA RTX 3080,70534,3.7,858,28093,4.5,683,45376,4.0,1032,42441,25158,4.066666666666666,0,1,70534
2025-01-19,NVIDIA RTX 3080,93290,4.2,731,39106,3.8,585,61967,4.3,442,54184,31323,4.1000000000000005,0,1,93290
2025-01-18,NVIDIA RTX 3080,33376,4.3,842,32116,3.7,1844,25927,5.0,1853,1260,7449,4.333333333333333,0,39,1301664
2025-01-17,NVIDIA RTX 3080,69532,4.3,405,84941,3.5,976,60741,3.8,1286,-15409,8791,3.8666666666666667,0,126,8761032
2025-01-16,NVIDIA RTX 3080,68268,4.8,1388,29306,4.6,546,60757,4.2,545,38962,7511,4.533333333333332,0,1,68268
2025-01-15,NVIDIA RTX 3080,45230,4.5,940,34418,4.8,781,61908,3.5,826,10812,-16678,4.266666666666667,0,1,45230
2025-01-14,NVIDIA RTX 3080,63140,3.9,709,50281,4.3,237,62677,3.9,1998,12859,463,4.033333333333333,0,1,63140
2025-01-13,NVIDIA RTX 3080,59536,3.8,1795,89439,4.3,1790,63621,4.4,864,-29903,-4085,4.166666666666667,1,172,10240192
2025-01-12,NVIDIA RTX 3080,80682,4.9,1898,63838,5.0,1208,64718,4.2,778,16844,15964,4.7,0,1,80682
2025-01-11,NVIDIA RTX 3080,60247,3.5,1263,63578,4.7,564,37585,3.5,1336,-3331,22662,3.9,0,34,2048398
2025-01-10,NVIDIA RTX 3080,48755,4.4,1408,71964,3.8,1548,46379,3.5,390,-23209,2376,3.9,0,164,7995820
2025-01-09,NVIDIA RTX 3080,53480,4.5,1053,86490,5.0,1644,73133,4.4,169,-33010,-19653,4.633333333333334,1,191,10214680
2025-01-08,NVIDIA RTX 3080,52654,4.5,1320,92819,4.7,1671,70235,4.6,1711,-40165,-17581,4.6,1,238,12531652
2025-01-07,NVIDIA RTX 3080,33006,3.7,950,70087,4.0,1012,31224,3.5,1600,-37081,1782,3.733333333333333,0,209,6898254
2025-01-06,NVIDIA RTX 3080,45005,5.0,1422,61220,3.8,1046,82938,4.4,1821,-16215,-37933,4.4,1,104,4680520
2025-01-05,NVIDIA RTX 3080,94828,4.7,606,63124,3.8,1957,36276,3.5,387,31704,58552,4.0,0,1,94828
2025-01-04,NVIDIA RTX 3080,30545,4.3,692,88108,3.7,434,92239,3.7,1121,-57563,-61694,3.9,1,308,9407860
2025-01-03,NVIDIA RTX 3080,76254,4.0,952,70301,4.3,820,41306,4.2,1978,5953,34948,4.166666666666667,0,2,152508
2025-01-02,NVIDIA RTX 3080,47388,3.9,1479,38353,4.9,1082,37080,4.2,365,9035,10308,4.333333333333333,0,1,47388
2025-01-01,NVIDIA RTX 3080,66472,4.1,1192,37279,3.5,1091,77141,3.7,1536,29193,-10669,3.766666666666667,0,1,66472
2024-12-31,NVIDIA RTX 3080,55260,4.4,603,63105,4.0,428,30082,3.6,998,-7845,25178,4.0,0,85,4697100
2024-12-30,NVIDIA RTX 3080,37216,3.6,113,49865,4.5,319,65716,3.9,1928,-12649,-28500,4.0,1,90,3349440
2024-12-29,NVIDIA RTX 3080,28360,4.7,1480,86810,4.6,1507,85032,4.6,333,-58450,-56672,4.633333333333334,1,325,9217000
2024-12-28,NVIDIA RTX 3080,37921,5.0,1430,36714,3.6,507,34259,4.0,1209,1207,3662,4.2,0,28,1061788
2024-12-27,NVIDIA RTX 3080,63197,4.3,167,82474,3.7,1102,92144,3.7,880,-19277,-28947,3.9,1,120,7583640
2024-12-26,NVIDIA RTX 3080,29838,4.2,1817,90329,3.8,1455,66238,4.8,1008,-60491,-36400,4.266666666666667,1,349,10413462
2024-12-25,NVIDIA RTX 3080,45326,4.6,1398,42186,4.6,1098,56971,3.8,1884,3140,-11645,4.333333333333333,0,4,181304
2024-12-24,NVIDIA RTX 3080,67678,3.5,947,30646,4.0,299,55626,3.7,1138,37032,12052,3.733333333333333,0,1,67678
2024-12-23,NVIDIA RTX 3080,91849,4.4,1037,57113,4.5,1304,27396,4.1,695,34736,64453,4.333333333333333,0,1,91849
2024-12-22,NVIDIA RTX 3080,91074,4.7,767,36261,3.8,643,92699,4.4,1603,54813,-1625,4.3,0,1,91074
2024-12-21,NVIDIA RTX 3080,63674,3.9,415,51618,4.1,1379,57239,4.6,1902,12056,6435,4.2,0,1,63674
2024-12-20,NVIDIA RTX 3080,35972,3.6,554,54738,4.6,1667,58465,4.0,341,-18766,-22493,4.066666666666666,1,141,5072052
2024-12-19,NVIDIA RTX 3080,53382,4.2,1075,82613,4.9,513,43569,4.8,1981,-29231,9813,4.633333333333334,0,160,8541120
2024-12-18,NVIDIA RTX 3080,55707,4.4,481,42356,3.7,1604,41145,4.6,1307,13351,14562,4.233333333333333,0,1,55707
2024-12-17,NVIDIA RTX 3080,96403,4.0,895,82947,3.9,1307,80263,4.0,752,13456,16140,3.966666666666667,0,1,96403
2024-12-16,NVIDIA RTX 3080,75758,3.8,1401,55486,4.3,733,57825,3.9,296,20272,17933,4.0,0,1,75758
2024-12-15,NVIDIA RTX 3080,87424,3.6,163,90306,4.6,1997,41360,4.8,1110,-2882,46064,4.333333333333333,0,60,5245440
2024-12-14,NVIDIA RTX 3080,40777,4.6,709,53371,4.0,1279,92928,3.8,1243,-12594,-52151,4.133333333333333,1,93,3792261
2024-12-13,NVIDIA RTX 3080,63731,4.3,762,51592,4.9,1990,55150,3.8,956,12139,8581,4.333333333333333,0,1,63731
2024-12-12,NVIDIA RTX 3080,62364,4.1,1025,50186,4.9,1765,63090,5.0,766,12178,-726,4.666666666666667,0,1,62364
2024-12-11,NVIDIA RTX 3080,59841,4.7,791,82754,3.5,372,66504,4.5,942,-22913,-6663,4.233333333333333,1,161,9634401
2024-12-10,NVIDIA RTX 3080,62868,4.8,1895,74408,5.0,1474,30526,3.5,876,-11540,32342,4.433333333333334,0,87,5469516
2024-12-09,NVIDIA RTX 3080,80411,3.5,803,61784,4.9,679,91855,4.3,1720,18627,-11444,4.233333333333333,0,1,80411
2024-12-08,NVIDIA RTX 3080,47116,4.0,536,49220,4.2,337,42684,4.6,1723,-2104,4432,4.266666666666667,0,27,1272132
2024-12-07,NVIDIA RTX 3080,63220,4.3,1143,95620,3.8,1985,65036,4.3,600,-32400,-1816,4.133333333333333,1,198,12517560
2024-12-06,NVIDIA RTX 3080,31703,4.4,128,84049,4.9,1603,91061,3.9,389,-52346,-59358,4.4,1,301,9542603
2024-12-05,NVIDIA RTX 3080,68027,4.4,1663,43189,3.9,1740,55534,4.2,1089,24838,12493,4.166666666666667,0,1,68027
2024-12-04,NVIDIA RTX 3080,94788,4.7,1576,78599,3.6,799,44813,4.1,118,16189,49975,4.133333333333334,0,1,94788
2024-12-03,NVIDIA RTX 3080,71481,3.9,310,90175,4.3,945,41084,4.3,1798,-18694,30397,4.166666666666667,0,142,10150302
2024-12-02,NVIDIA RTX 3080,71842,4.3,1947,86085,4.7,799,54451,4.4,2000,-14243,17391,4.466666666666667,0,93,6681306
