final_gpu_data.csv
date,gpu_name,flipkart_price,flipkart_rating,flipkart_reviews,amazon_price,amazon_rating,amazon_reviews,aliexpress_price,aliexpress_rating,aliexpress_reviews,price_diff_amazon,price_diff_aliexpress,average_rating,discount_flag,units_sold,revenue
2024-12-01,NVIDIA RTX 3080,55362,3.5,939,74938,4.5,1513,74897,4.4,1847,-19576,-19535,4.133333333333334,1,124,6864888
2024-11-30,NVIDIA RTX 3080,74578,5.0,273,45019,4.6,1011,86504,4.0,1656,29559,-11926,4.533333333333333,0,1,74578
2024-11-29,NVIDIA RTX 3080,49684,4.7,1297,87849,4.6,1181,42330,4.8,1435,-38165,7354,4.7,0,239,11874476
2024-11-28,NVIDIA RTX 3080,57448,4.1,200,71385,4.8,1564,37355,4.9,1129,-13937,20093,4.6,0,109,6261832
2024-11-27,NVIDIA RTX 3080,37785,4.4,1978,80567,4.0,528,47859,4.6,1883,-42782,-10074,4.333333333333333,1,243,9181755
2024-11-26,NVIDIA RTX 3080,48782,3.9,1909,58298,4.8,1889,74234,3.5,1460,-9516,-25452,4.066666666666666,1,95,4634290
2024-11-25,NVIDIA RTX 3080,89333,4.7,804,84014,4.2,1882,40226,4.2,1812,5319,49107,4.366666666666667,0,9,803997
2024-11-24,NVIDIA RTX 3080,31125,4.4,1733,46209,4.1,567,48133,4.0,876,-15084,-17008,4.166666666666667,1,122,3797250
2024-11-23,NVIDIA RTX 3080,50842,4.3,101,34751,5.0,1736,44644,4.9,1298,16091,6198,4.733333333333333,0,1,50842
2024-11-22,NVIDIA RTX 3080,65401,5.0,1599,76635,4.8,272,85431,4.2,761,-11234,-20030,4.666666666666667,1,95,6213095
2024-11-21,NVIDIA RTX 3080,68717,3.8,1258,81549,3.7,222,86689,4.4,990,-12832,-17972,3.966666666666667,1,113,7765021
2024-11-20,NVIDIA RTX 3080,82875,5.0,1911,46197,4.1,1610,92317,4.9,1263,36678,-9442,4.666666666666667,0,1,82875
2024-11-19,NVIDIA RTX 3080,36971,4.4,1356,92595,4.1,1001,55339,4.5,1831,-55624,-18368,4.333333333333333,1,294,10869474
2024-11-18,NVIDIA RTX 3080,87607,3.6,107,37451,4.1,693,64645,4.6,969,50156,22962,4.1,0,1,87607
2024-11-17,NVIDIA RTX 3080,73754,4.1,1012,31221,4.1,1273,36951,4.1,468,42533,36803,4.1,0,1,73754
2024-11-16,NVIDIA RTX 3080,61817,4.1,1848,70864,3.6,1473,91594,4.5,123,-9047,-29777,4.066666666666666,1,88,5439896
2024-11-15,NVIDIA RTX 3080,31495,4.1,913,93183,4.9,663,33717,3.5,1549,-61688,-2222,4.166666666666667,1,328,10330360
2024-11-14,NVIDIA RTX 3080,84309,3.8,925,46377,3.7,623,63358,4.1,1014,37932,20951,3.8666666666666667,0,1,84309
2024-11-13,NVIDIA RTX 3080,52978,4.0,1623,57035,4.3,1133,95284,4.2,256,-4057,-42306,4.166666666666667,1,71,3761438
2024-11-12,NVIDIA RTX 3080,46351,4.8,511,38206,4.3,1703,51795,3.9,720,8145,-5444,4.333333333333333,0,1,46351
2024-11-11,NVIDIA RTX 3080,45550,4.6,1510,91193,3.6,1613,81689,3.7,646,-45643,-36139,3.9666666666666663,1,265,12070750
2024-11-10,NVIDIA RTX 3080,60064,4.7,725,65181,4.9,373,81489,4.2,1620,-5117,-21425,4.6000000000000005,1,63,3784032
2024-11-09,NVIDIA RTX 3080,33121,5.0,1411,24127,4.2,495,48967,4.0,983,8994,-15846,4.3999999999999995,0,1,33121
2024-11-08,NVIDIA RTX 3080,31405,4.6,1271,74823,4.8,1265,53966,4.9,671,-43418,-22561,4.766666666666667,1,236,7411580
2024-11-07,NVIDIA RTX 3080,35524,4.0,1624,81513,4.9,1412,38027,4.4,956,-45989,-2503,4.433333333333334,1,242,8596808
2024-11-06,NVIDIA RTX 3080,41644,4.0,1266,27173,5.0,967,77553,4.3,495,14471,-35909,4.433333333333334,0,1,41644
2024-11-05,NVIDIA RTX 3080,81587,4.1,1077,80261,4.4,1285,66722,3.9,1578,1326,14865,4.133333333333334,0,19,1550153
2024-11-04,NVIDIA RTX 3080,63467,4.2,1165,39616,4.6,577,30206,4.1,1999,23851,33261,4.3,0,1,63467
2024-11-03,NVIDIA RTX 3080,29970,4.8,623,81125,4.6,1010,56206,4.0,1511,-51155,-26236,4.466666666666666,1,295,8841150
2024-11-02,NVIDIA RTX 3080,43409,4.7,314,31456,4.3,1810,61915,4.6,1523,11953,-18506,4.533333333333333,0,1,43409
2024-11-01,NVIDIA RTX 3080,34569,4.8,1470,27716,3.8,571,90253,4.3,874,6853,-55684,4.3,0,16,553104
2024-10-31,NVIDIA RTX 3080,28093,4.8,1458,50256,3.8,1913,86868,4.9,1956,-22163,-58775,4.5,1,154,4326322
2024-10-30,NVIDIA RTX 3080,43741,4.1,1309,48776,5.0,1376,55994,4.5,1034,-5035,-12253,4.533333333333333,1,46,2012086
2024-10-29,NVIDIA RTX 3080,70593,4.3,1534,59744,4.8,1296,51663,3.7,270,10849,18930,4.266666666666667,0,1,70593
2024-10-28,NVIDIA RTX 3080,56284,5.0,203,61932,4.1,1986,61521,4.4,773,-5648,-5237,4.5,1,69,3883596
2024-10-27,NVIDIA RTX 3080,66088,4.3,1440,69579,4.2,985,34132,4.5,293,-3491,31956,4.333333333333333,0,49,3238312
2024-10-26,NVIDIA RTX 3080,36310,4.8,1108,50988,3.8,774,75342,4.8,1349,-14678,-39032,4.466666666666666,1,114,4139340
2024-10-25,NVIDIA RTX 3080,89188,4.9,108,53394,3.9,1302,32597,4.0,1749,35794,56591,4.266666666666667,0,1,89188
2024-10-24,NVIDIA RTX 3080,64266,4.7,382,54988,4.1,1641,70582,4.2,1577,9278,-6316,4.333333333333333,0,1,64266
2024-10-23,NVIDIA RTX 3080,92490,4.5,760,62693,3.8,1482,77477,4.8,1307,29797,15013,4.366666666666667,0,1,92490
2024-10-22,NVIDIA RTX 3080,56040,4.8,1514,43320,4.1,1621,85365,4.0,1487,12720,-29325,4.3,0,1,56040
2024-10-21,NVIDIA RTX 3080,56606,4.4,1699,58660,4.0,1265,63755,4.0,237,-2054,-7149,4.133333333333334,1,49,2773694
2024-10-20,NVIDIA RTX 3080,57699,3.7,1832,51766,4.4,905,70258,4.3,1518,5933,-12559,4.133333333333334,0,1,57699
2024-10-19,NVIDIA RTX 3080,35074,3.7,1212,56828,4.3,1046,43549,4.7,522,-21754,-8475,4.233333333333333,1,129,4524546
2024-10-18,NVIDIA RTX 3080,54284,4.5,757,85993,4.8,449,80632,4.8,868,-31709,-26348,4.7,1,194,10531096
2024-10-17,NVIDIA RTX 3080,32307,4.5,1684,95785,4.5,1451,66934,3.8,285,-63478,-34627,4.266666666666667,1,369,11921283
2024-10-16,NVIDIA RTX 3080,53955,4.1,1023,49935,3.8,951,76937,3.5,662,4020,-22982,3.7999999999999994,0,29,1564695
2024-10-15,NVIDIA RTX 3080,29921,3.7,550,63821,4.4,189,47318,3.8,1900,-33900,-17397,3.9666666666666672,1,201,6014121
2024-10-14,NVIDIA RTX 3080,68803,4.1,1422,29298,4.9,1019,43551,3.5,1937,39505,25252,4.166666666666667,0,1,68803
2024-10-13,NVIDIA RTX 3080,53559,3.9,242,72924,4.5,587,88661,4.6,1844,-19365,-35102,4.333333333333333,1,122,6534198
2024-10-12,NVIDIA RTX 3080,66027,4.3,459,65660,4.2,112,58038,4.0,867,367,7989,4.166666666666667,0,36,2376972
2024-10-11,NVIDIA RTX 3080,89235,4.7,849,64065,4.4,1401,78873,5.0,1028,25170,10362,4.7,0,1,89235
2024-10-10,NVIDIA RTX 3080,29089,4.6,574,47136,4.1,726,73390,4.5,1212,-18047,-44301,4.3999999999999995,1,129,3752481
2024-10-09,NVIDIA RTX 3080,47871,4.5,848,34684,4.8,1987,72696,4.4,410,13187,-24825,4.566666666666667,0,1,47871
2024-10-08,NVIDIA RTX 3080,74408,4.6,342,43523,4.4,1494,64055,4.9,962,30885,10353,4.633333333333334,0,1,74408
2024-10-07,NVIDIA RTX 3080,49829,4.9,1327,76973,4.0,942,80123,4.4,609,-27144,-30294,4.433333333333334,1,164,8171956
2025-04-04,AMD RX 6600,36071,3.8,1332,74729,3.7,133,40140,4.4,535,-38658,-4069,3.966666666666667,1,205,7394555
2025-04-03,AMD RX 6600,33672,4.2,355,80173,4.8,1528,91106,4.6,119,-46501,-57434,4.533333333333333,1,253,8519016
2025-04-02,AMD RX 6600,62742,4.9,1427,26014,4.5,1508,77328,4.4,829,36728,-14586,4.6000000000000005,0,1,62742
2025-04-01,AMD RX 6600,83312,3.9,605,72914,4.1,382,27637,4.9,1764,10398,55675,4.3,0,1,83312
2025-03-31,AMD RX 6600,29076,4.6,1496,71261,4.4,1583,88403,3.7,1731,-42185,-59327,4.233333333333333,1,254,7385304
2025-03-30,AMD RX 6600,91518,4.4,1100,49735,3.6,589,74560,3.8,627,41783,16958,3.9333333333333336,0,1,91518
2025-03-29,AMD RX 6600,54205,4.0,1475,79656,3.5,458,60856,3.7,796,-25451,-6651,3.733333333333333,1,164,8889620
2025-03-28,AMD RX 6600,87379,4.3,1581,29532,3.7,238,84960,3.7,707,57847,2419,3.9,0,1,87379
2025-03-27,AMD RX 6600,81948,4.1,670,58765,4.9,1499,66915,4.7,531,23183,15033,4.566666666666666,0,1,81948
2025-03-26,AMD RX 6600,83974,4.1,1596,91238,4.8,1105,74409,3.7,1640,-7264,9565,4.199999999999999,0,82,6885868
2025-03-25,AMD RX 6600,59013,4.4,1368,37870,4.0,1865,44510,3.6,1070,21143,14503,4.0,0,1,59013
2025-03-24,AMD RX 6600,57845,4.9,1904,40994,3.9,582,74336,4.4,1011,16851,-16491,4.4,0,1,57845
2025-03-23,AMD RX 6600,68609,4.5,1846,31634,4.7,1075,65148,4.6,1865,36975,3461,4.6,0,1,68609
2025-03-22,AMD RX 6600,46005,3.6,856,35398,4.4,1049,64202,3.6,1277,10607,-18197,3.8666666666666667,0,1,46005
2025-03-21,AMD RX 6600,68912,4.7,1869,84411,3.8,1849,91977,4.0,1965,-15499,-23065,4.166666666666667,1,95,6546640
2025-03-20,AMD RX 6600,61461,4.5,918,75631,3.8,1610,77362,4.9,919,-14170,-15901,4.4,1,92,5654412
2025-03-19,AMD RX 6600,94556,4.5,1619,65431,4.2,565,71880,4.9,606,29125,22676,4.533333333333333,0,1,94556
2025-03-18,AMD RX 6600,64772,4.3,100,72518,4.1,1248,67003,4.7,1102,-7746,-2231,4.366666666666666,1,66,4274952
2025-03-17,AMD RX 6600,49307,3.5,601,86742,4.2,1534,28869,4.3,418,-37435,20438,4.0,0,215,10601005
2025-03-16,AMD RX 6600,55656,4.2,1741,28864,3.6,1637,54484,4.5,278,26792,1172,4.1000000000000005,0,1,55656
2025-03-15,AMD RX 6600,61595,3.6,685,87161,4.5,739,97500,3.7,128,-25566,-35905,3.9333333333333336,1,150,9239250
2025-03-14,AMD RX 6600,70551,4.6,1847,32264,4.7,1073,81466,4.1,864,38287,-10915,4.466666666666667,0,1,70551
2025-03-13,AMD RX 6600,38268,4.1,1875,74448,4.6,613,85030,3.9,319,-36180,-46762,4.2,1,224,8572032
2025-03-12,AMD RX 6600,27530,4.9,508,27320,4.3,1602,73283,4.8,1198,210,-45753,4.666666666666667,0,25,688250
2025-03-11,AMD RX 6600,74441,4.9,506,45670,3.8,1094,57811,4.1,1226,28771,16630,4.266666666666667,0,1,74441
2025-03-10,AMD RX 6600,88052,3.7,460,79542,4.7,219,26610,4.2,677,8510,61442,4.2,0,1,88052
2025-03-09,AMD RX 6600,49828,3.8,1733,74443,4.2,1462,43372,3.7,921,-24615,6456,3.9,0,133,6627124
2025-03-08,AMD RX 6600,67574,4.4,1069,53111,4.6,1996,73838,4.1,755,14463,-6264,4.366666666666666,0,1,67574
2025-03-07,AMD RX 6600,95653,3.9,305,43050,3.6,828,74191,4.3,861,52603,21462,3.9333333333333336,0,1,95653
2025-03-06,AMD RX 6600,46584,3.9,1864,72652,4.7,1987,52846,4.6,189,-26068,-6262,4.3999999999999995,1,148,6894432
2025-03-05,AMD RX 6600,82463,4.8,978,85282,4.4,284,35651,3.8,1768,-2819,46812,4.333333333333333,0,67,5525021
2025-03-04,AMD RX 6600,54762,4.7,1380,92731,3.9,645,92942,4.0,551,-37969,-38180,4.2,1,217,11883354
2025-03-03,AMD RX 6600,30763,4.6,1336,34167,4.6,597,72724,4.4,855,-3404,-41961,4.533333333333333,1,65,1999595
2025-03-02,AMD RX 6600,37027,4.0,1520,91404,3.9,223,60860,4.5,1228,-54377,-23833,4.133333333333334,1,307,11367289
2025-03-01,AMD RX 6600,80361,3.8,1224,92393,3.8,1125,50950,3.9,735,-12032,29411,3.8333333333333335,0,81,6509241
2025-02-28,AMD RX 6600,94476,3.9,1809,72988,4.9,673,28815,3.9,271,21488,65661,4.233333333333333,0,1,94476
2025-02-27,AMD RX 6600,69959,4.3,1212,49648,4.0,1544,38304,4.7,310,20311,31655,4.333333333333333,0,1,69959
2025-02-26,AMD RX 6600,92670,4.0,305,59131,4.7,318,52261,4.9,677,33539,40409,4.533333333333333,0,1,92670
2025-02-25,AMD RX 6600,90388,3.6,240,85234,3.7,563,72554,4.7,1556,5154,17834,4.0,0,13,1175044
2025-02-24,AMD RX 6600,46992,3.8,1348,66240,4.4,1620,66839,4.7,1439,-19248,-19847,4.3,1,140,6578880
2025-02-23,AMD RX 6600,58522,4.8,507,65612,4.9,1513,74074,4.2,373,-7090,-15552,4.633333333333333,1,85,4974370
2025-02-22,AMD RX 6600,55920,3.8,613,49379,4.6,286,35575,4.8,1882,6541,20345,4.3999999999999995,0,9,503280
2025-02-21,AMD RX 6600,45672,4.9,1086,32162,4.0,1595,31158,4.6,1130,13510,14514,4.5,0,1,45672
2025-02-20,AMD RX 6600,71576,4.5,1065,24865,4.8,669,37791,4.2,741,46711,33785,4.5,0,1,71576
2025-02-19,AMD RX 6600,81746,4.6,416,27459,4.7,761,28210,3.9,1267,54287,53536,4.4,0,1,81746
2025-02-18,AMD RX 6600,25213,4.7,598,63140,4.4,748,39351,4.7,407,-37927,-14138,4.6000000000000005,1,227,5723351
2025-02-17,AMD RX 6600,26881,4.7,587,76641,4.0,1247,70414,4.7,794,-49760,-43533,4.466666666666666,1,294,7903014
2025-02-16,AMD RX 6600,33895,4.8,973,88684,4.7,1422,37512,3.6,742,-54789,-3617,4.366666666666666,1,301,10202395
2025-02-15,AMD RX 6600,53706,4.2,567,48430,4.4,483,42517,4.1,1830,5276,11189,4.233333333333333,0,10,537060
2025-02-14,AMD RX 6600,70695,3.7,824,89359,3.7,796,88072,3.6,1054,-18664,-17377,3.6666666666666665,1,109,7705755
2025-02-13,AMD RX 6600,30429,4.9,1798,39777,4.6,1626,46262,3.7,537,-9348,-15833,4.3999999999999995,1,92,2799468
2025-02-12,AMD RX 6600,69166,4.4,1909,65964,3.7,1542,84606,4.3,1471,3202,-15440,4.133333333333334,0,21,1452486
2025-02-11,AMD RX 6600,54140,5.0,212,53811,4.6,1757,48662,4.6,1284,329,5478,4.733333333333333,0,13,703820
2025-02-10,AMD RX 6600,31117,3.5,1986,67956,4.2,161,82778,4.3,440,-36839,-51661,4.0,1,198,6161166
2025-02-09,AMD RX 6600,35550,4.8,1627,46794,4.1,797,38300,4.2,864,-11244,-2750,4.366666666666666,1,94,3341700
2025-02-08,AMD RX 6600,33327,4.9,1386,41868,4.7,1679,40257,4.2,1290,-8541,-6930,4.6000000000000005,1,69,2299563
2025-02-07,AMD RX 6600,32476,4.7,257,65478,4.6,1974,55508,3.9,1901,-33002,-23032,4.4,1,217,7047292
2025-02-06,AMD RX 6600,44937,3.9,996,78798,4.0,883,52300,4.5,1796,-33861,-7363,4.133333333333334,1,202,9077274
2025-02-05,AMD RX 6600,43402,4.0,1443,34221,4.5,951,49470,3.6,995,9181,-6068,4.033333333333333,0,1,43402
2025-02-04,AMD RX 6600,87308,3.8,381,91116,4.1,1288,60094,4.7,1709,-3808,27214,4.2,0,31,2706548
2025-02-03,AMD RX 6600,75289,4.6,1009,88204,4.6,962,28266,3.6,1381,-12915,47023,4.266666666666667,0,82,6173698
2025-02-02,AMD RX 6600,34091,4.2,860,56121,4.4,663,47034,4.6,1997,-22030,-12943,4.4,1,136,4636376
2025-02-01,AMD RX 6600,73283,4.1,157,74171,4.5,1586,64403,4.6,1115,-888,8880,4.3999999999999995,0,43,3151169
2025-01-31,AMD RX 6600,94643,3.7,690,79078,3.9,1732,75722,3.8,822,15565,18921,3.7999999999999994,0,1,94643
2025-01-30,AMD RX 6600,37509,5.0,238,51808,4.0,1513,73761,3.7,743,-14299,-36252,4.233333333333333,1,114,4276026
2025-01-29,AMD RX 6600,50557,4.2,1524,38432,4.8,366,81646,4.7,505,12125,-31089,4.566666666666666,0,1,50557
2025-01-28,AMD RX 6600,49391,4.0,1699,31987,4.9,642,75100,4.8,1980,17404,-25709,4.566666666666666,0,1,49391
2025-01-27,AMD RX 6600,50120,3.9,310,46858,4.5,177,40976,4.9,310,3262,9144,4.433333333333334,0,3,150360
2025-01-26,AMD RX 6600,43224,3.7,1344,36875,4.3,796,59264,4.5,1721,6349,-16040,4.166666666666667,0,2,86448
2025-01-25,AMD RX 6600,50473,4.3,1970,57265,4.1,1723,87119,3.6,1669,-6792,-36646,3.9999999999999996,1,66,3331218
2025-01-24,AMD RX 6600,62515,4.8,1557,88828,3.6,1536,95369,4.8,1657,-26313,-32854,4.3999999999999995,1,154,9627310
2025-01-23,AMD RX 6600,32692,5.0,1415,50321,4.4,787,83295,4.6,592,-17629,-50603,4.666666666666667,1,132,4315344
2025-01-22,AMD RX 6600,59876,3.9,1400,39472,4.5,1916,78133,4.9,497,20404,-18257,4.433333333333334,0,1,59876
2025-01-21,AMD RX 6600,81665,4.5,1119,54457,3.7,1185,78236,4.1,550,27208,3429,4.1,0,1,81665
2025-01-20,AMD RX 6600,94100,3.7,595,53031,3.9,1363,40694,4.5,976,41069,53406,4.033333333333333,0,1,94100
2025-01-19,AMD RX 6600,87380,3.6,905,77717,4.1,551,41981,3.6,1746,9663,45399,3.766666666666666,0,1,87380
2025-01-18,AMD RX 6600,60429,4.1,1022,86774,4.1,1657,56270,5.0,831,-26345,4159,4.3999999999999995,0,166,10031214
2025-01-17,AMD RX 6600,90713,4.0,1355,56359,4.0,1286,95916,4.0,1354,34354,-5203,4.0,0,1,90713
2025-01-16,AMD RX 6600,30381,4.2,1442,42330,3.9,1426,63953,3.7,1100,-11949,-33572,3.9333333333333336,1,90,2734290
2025-01-15,AMD RX 6600,92783,4.9,1887,91855,3.9,1641,60159,4.5,965,928,32624,4.433333333333334,0,8,742264
2025-01-14,AMD RX 6600,65654,3.8,1543,49965,5.0,588,86915,3.8,1702,15689,-21261,4.2,0,1,65654
2025-01-13,AMD RX 6600,62141,4.5,381,94236,4.2,853,43768,4.3,1258,-32095,18373,4.333333333333333,0,202,12552482
2025-01-12,AMD RX 6600,88261,4.5,1648,43187,4.0,1009,30971,4.6,1481,45074,57290,4.366666666666666,0,1,88261
2025-01-11,AMD RX 6600,38808,3.9,1413,88516,5.0,1676,42122,3.6,518,-49708,-3314,4.166666666666667,1,291,11293128
2025-01-10,AMD RX 6600,78651,4.3,277,31998,4.0,804,54944,4.3,1532,46653,23707,4.2,0,1,78651
2025-01-09,AMD RX 6600,63521,4.1,1129,45908,4.6,1988,80607,4.9,826,17613,-17086,4.533333333333333,0,1,63521
2025-01-08,AMD RX 6600,37034,4.2,1541,60031,3.5,1202,42635,4.7,1448,-22997,-5601,4.133333333333334,1,127,4703318
2025-01-07,AMD RX 6600,86492,3.6,1046,35247,4.6,1009,44761,3.6,317,51245,41731,3.933333333333333,0,1,86492
2025-01-06,AMD RX 6600,80164,5.0,883,41579,3.8,881,27286,4.0,1530,38585,52878,4.266666666666667,0,1,80164
2025-01-05,AMD RX 6600,85210,3.7,486,54312,3.7,667,25631,4.7,1263,30898,59579,4.033333333333334,0,1,85210
2025-01-04,AMD RX 6600,58684,4.4,1282,31165,4.0,1403,52642,4.4,777,27519,6042,4.266666666666667,0,1,58684
2025-01-03,AMD RX 6600,76733,3.9,476,40942,3.7,676,61829,3.5,792,35791,14904,3.6999999999999997,0,1,76733
2025-01-02,AMD RX 6600,27779,3.8,1659,70192,4.5,384,63381,3.6,172,-42413,-35602,3.966666666666667,1,253,7028087
2025-01-01,AMD RX 6600,71614,3.9,1150,78872,3.8,167,82446,3.7,996,-7258,-10832,3.7999999999999994,1,55,3938770
2024-12-31,AMD RX 6600,91954,4.5,1502,93587,4.4,1134,47985,3.6,816,-1633,43969,4.166666666666667,0,53,4873562
2024-12-30,AMD RX 6600,77179,4.8,573,48610,5.0,968,59678,4.5,1131,28569,17501,4.766666666666667,0,1,77179
2024-12-29,AMD RX 6600,79904,3.7,297,82040,4.3,695,28877,4.8,653,-2136,51027,4.266666666666667,0,36,2876544
2024-12-28,AMD RX 6600,26917,4.1,872,68025,4.4,927,67799,4.9,1645,-41108,-40882,4.466666666666667,1,250,6729250
2024-12-27,AMD RX 6600,48084,3.5,524,89068,4.4,375,85205,3.7,131,-40984,-37121,3.866666666666667,1,253,12165252
2024-12-26,AMD RX 6600,34753,4.4,1357,91276,4.3,1210,82791,4.2,1055,-56523,-48038,4.3,1,314,10912442
2024-12-25,AMD RX 6600,45412,4.0,318,40996,4.5,1451,30404,3.7,178,4416,15008,4.066666666666666,0,7,317884
2024-12-24,AMD RX 6600,73522,4.6,1245,80945,5.0,943,81098,4.3,585,-7423,-7576,4.633333333333333,1,60,4411320
2024-12-23,AMD RX 6600,37130,4.0,910,27506,4.1,899,46512,3.5,1347,9624,-9382,3.8666666666666667,0,1,37130
2024-12-22,AMD RX 6600,73586,4.7,904,30665,5.0,923,81213,4.6,1835,42921,-7627,4.766666666666667,0,1,73586
2024-12-21,AMD RX 6600,80548,3.6,1324,93262,4.5,1221,78693,3.6,1247,-12714,1855,3.9,0,77,6202196
2024-12-20,AMD RX 6600,93184,4.3,1508,64923,4.1,1861,36029,4.1,403,28261,57155,4.166666666666666,0,1,93184
2024-12-19,AMD RX 6600,38384,4.6,1026,45121,3.7,629,76329,4.0,923,-6737,-37945,4.1000000000000005,1,73,2802032
2024-12-18,AMD RX 6600,81880,3.5,1357,88556,4.3,1797,89450,3.7,115,-6676,-7570,3.8333333333333335,1,67,5485960
