final_gpu_data.csv
date,gpu_name,flipkart_price,flipkart_rating,flipkart_reviews,amazon_price,amazon_rating,amazon_reviews,aliexpress_price,aliexpress_rating,aliexpress_reviews,price_diff_amazon,price_diff_aliexpress,average_rating,discount_flag,units_sold,revenue
2024-12-17,AMD RX 6600,78259,3.7,820,33347,4.3,1532,46558,3.6,1604,44912,31701,3.8666666666666667,0,1,78259
2024-12-16,AMD RX 6600,49251,3.8,691,75173,3.7,1875,53634,4.8,1645,-25922,-4383,4.1000000000000005,1,157,7732407
2024-12-15,AMD RX 6600,53297,3.5,560,71486,4.1,1981,57190,4.8,670,-18189,-3893,4.133333333333333,1,103,5489591
2024-12-14,AMD RX 6600,29908,3.9,1865,33685,3.7,1157,31867,4.4,603,-3777,-1959,4.0,1,56,1674848
2024-12-13,AMD RX 6600,62726,4.4,1857,52705,5.0,506,61505,4.1,1295,10021,1221,4.5,0,1,62726
2024-12-12,AMD RX 6600,37088,4.7,1674,59249,4.6,882,59852,4.1,460,-22161,-22764,4.466666666666667,1,160,5934080
2024-12-11,AMD RX 6600,43754,4.8,1714,70045,4.1,534,76918,4.1,633,-26291,-33164,4.333333333333333,1,183,8006982
2024-12-10,AMD RX 6600,58680,4.5,612,71697,5.0,1245,39602,4.0,822,-13017,19078,4.5,0,108,6337440
2024-12-09,AMD RX 6600,41265,4.5,1078,61521,4.7,1997,85902,3.7,717,-20256,-44637,4.3,1,142,5859630
2024-12-08,AMD RX 6600,45212,4.4,1006,87202,4.2,1552,74856,4.7,1859,-41990,-29644,4.433333333333334,1,222,10037064
2024-12-07,AMD RX 6600,49935,3.9,211,34086,4.7,1486,72264,5.0,1590,15849,-22329,4.533333333333333,0,1,49935
2024-12-06,AMD RX 6600,58132,3.6,223,40681,4.8,1741,79897,4.8,1171,17451,-21765,4.3999999999999995,0,1,58132
2024-12-05,AMD RX 6600,33205,4.5,1594,81210,4.9,1335,93971,4.8,1601,-48005,-60766,4.733333333333333,1,269,8932145
2024-12-04,AMD RX 6600,57347,4.1,1635,88296,3.8,1505,61858,4.2,702,-30949,-4511,4.033333333333333,1,167,9576949
2024-12-03,AMD RX 6600,38988,4.6,105,38190,4.5,1264,84191,4.0,467,798,-45203,4.366666666666666,0,21,818748
2024-12-02,AMD RX 6600,30372,3.8,1156,48264,3.8,1629,49498,3.9,1966,-17892,-19126,3.8333333333333335,1,125,3796500
2024-12-01,AMD RX 6600,27041,4.3,1402,76252,3.6,376,63383,4.5,1069,-49211,-36342,4.133333333333334,1,273,7382193
2024-11-30,AMD RX 6600,38667,3.7,1779,89438,3.5,1020,39346,4.3,872,-50771,-679,3.8333333333333335,1,300,11600100
2024-11-29,AMD RX 6600,37556,3.7,1020,27949,4.4,1233,69094,3.5,848,9607,-31538,3.866666666666667,0,1,37556
2024-11-28,AMD RX 6600,63300,4.7,456,84476,4.8,1580,28673,3.9,1425,-21176,34627,4.466666666666667,0,145,9178500
2024-11-27,AMD RX 6600,32006,5.0,504,28314,4.0,634,39933,4.1,1832,3692,-7927,4.366666666666666,0,18,576108
2024-11-26,AMD RX 6600,41764,4.4,1363,94502,4.5,1546,78254,4.8,1471,-52738,-36490,4.566666666666666,1,308,12863312
2024-11-25,AMD RX 6600,90483,4.1,468,36277,4.5,785,37922,4.9,280,54206,52561,4.5,0,1,90483
2024-11-24,AMD RX 6600,75817,4.9,1831,43599,4.1,938,61085,3.9,1257,32218,14732,4.3,0,1,75817
2024-11-23,AMD RX 6600,70511,3.8,367,92550,4.1,1914,73826,4.3,531,-22039,-3315,4.066666666666666,1,138,9730518
2024-11-22,AMD RX 6600,84497,4.9,1429,31247,4.0,1585,75413,4.1,1305,53250,9084,4.333333333333333,0,1,84497
2024-11-21,AMD RX 6600,39709,3.7,1626,73014,4.4,825,78220,4.8,617,-33305,-38511,4.300000000000001,1,180,7147620
2024-11-20,AMD RX 6600,80305,4.8,819,55319,4.0,1292,41354,4.5,1714,24986,38951,4.433333333333334,0,1,80305
2024-11-19,AMD RX 6600,91044,3.5,1438,92159,5.0,1787,71094,4.2,805,-1115,19950,4.233333333333333,0,21,1911924
2024-11-18,AMD RX 6600,78764,3.9,1455,31561,3.7,860,77997,3.6,1100,47203,767,3.733333333333333,0,1,78764
2024-11-17,AMD RX 6600,30004,4.2,639,67227,4.2,791,79032,3.9,892,-37223,-49028,4.1000000000000005,1,217,6510868
2024-11-16,AMD RX 6600,30664,4.4,1158,82349,4.5,1873,91075,4.9,922,-51685,-60411,4.6000000000000005,1,273,8371272
2024-11-15,AMD RX 6600,67008,4.3,1978,50984,4.7,1818,57413,4.3,1358,16024,9595,4.433333333333334,0,1,67008
2024-11-14,AMD RX 6600,45919,4.4,1520,35010,4.0,934,66988,4.5,1320,10909,-21069,4.3,0,1,45919
2024-11-13,AMD RX 6600,82707,3.9,953,73411,3.9,751,67859,3.6,1347,9296,14848,3.8000000000000003,0,2,165414
2024-11-12,AMD RX 6600,31596,3.5,203,43718,4.3,444,93792,4.8,599,-12122,-62196,4.2,1,99,3128004
2024-11-11,AMD RX 6600,36182,3.5,201,33628,3.6,1530,87520,4.7,1400,2554,-51338,3.9333333333333336,0,30,1085460
2024-11-10,AMD RX 6600,61565,4.8,1844,27255,4.2,1946,89126,4.3,448,34310,-27561,4.433333333333334,0,1,61565
2024-11-09,AMD RX 6600,66884,3.9,1556,80347,3.8,140,76637,4.6,681,-13463,-9753,4.1,1,80,5350720
2024-11-08,AMD RX 6600,49703,4.6,555,91624,3.8,496,66839,4.4,1460,-41921,-17136,4.266666666666667,1,260,12922780
2024-11-07,AMD RX 6600,65694,4.7,778,31443,4.1,933,80184,3.8,159,34251,-14490,4.2,0,1,65694
2024-11-06,AMD RX 6600,83147,4.0,1565,33804,3.8,774,46902,4.1,1891,49343,36245,3.9666666666666663,0,1,83147
2024-11-05,AMD RX 6600,72280,3.6,508,39061,5.0,1977,31210,4.6,1496,33219,41070,4.3999999999999995,0,1,72280
2024-11-04,AMD RX 6600,93464,4.2,1506,27104,4.1,1728,94205,4.5,977,66360,-741,4.266666666666667,0,1,93464
2024-11-03,AMD RX 6600,33233,5.0,1455,48360,3.7,190,82992,4.7,1532,-15127,-49759,4.466666666666666,1,92,3057436
2024-11-02,AMD RX 6600,94942,4.4,678,32614,4.0,510,40049,4.4,1859,62328,54893,4.266666666666667,0,1,94942
2024-11-01,AMD RX 6600,87984,4.9,1696,88260,3.8,1084,90913,3.8,1175,-276,-2929,4.166666666666667,1,32,2815488
2024-10-31,AMD RX 6600,47041,4.0,996,62228,3.8,1835,27892,4.8,1618,-15187,19149,4.2,0,91,4280731
2024-10-30,AMD RX 6600,89925,4.5,471,84672,3.6,395,45585,5.0,644,5253,44340,4.366666666666666,0,1,89925
2024-10-29,AMD RX 6600,38028,4.5,609,87806,4.6,1706,86011,3.6,1307,-49778,-47983,4.233333333333333,1,293,11142204
2024-10-28,AMD RX 6600,90268,4.3,875,28494,3.8,515,92450,4.3,1421,61774,-2182,4.133333333333333,0,1,90268
2024-10-27,AMD RX 6600,84588,4.0,211,78612,4.7,749,82895,4.5,1203,5976,1693,4.3999999999999995,0,1,84588
2024-10-26,AMD RX 6600,46280,4.6,938,57250,4.6,1673,45262,4.9,1070,-10970,1018,4.7,0,98,4535440
2024-10-25,AMD RX 6600,91912,4.3,986,89356,4.7,797,44082,4.7,139,2556,47830,4.566666666666666,0,3,275736
2024-10-24,AMD RX 6600,81034,4.6,1632,80526,4.3,767,83963,4.7,898,508,-2929,4.533333333333332,0,19,1539646
2024-10-23,AMD RX 6600,40011,4.3,1293,45545,4.7,1335,65873,3.8,280,-5534,-25862,4.266666666666667,1,64,2560704
2024-10-22,AMD RX 6600,62355,4.6,166,34198,4.9,1872,58042,4.4,147,28157,4313,4.633333333333334,0,1,62355
2024-10-21,AMD RX 6600,81920,4.9,1543,90119,4.2,180,36532,3.6,1243,-8199,45388,4.233333333333333,0,89,7290880
2024-10-20,AMD RX 6600,55471,4.0,1553,29686,4.8,423,78850,4.1,701,25785,-23379,4.3,0,1,55471
2024-10-19,AMD RX 6600,75629,4.0,1909,26100,4.5,1483,63920,3.7,1192,49529,11709,4.066666666666666,0,1,75629
2024-10-18,AMD RX 6600,72915,4.1,1206,29339,3.7,702,28968,4.8,1849,43576,43947,4.2,0,1,72915
2024-10-17,AMD RX 6600,55555,4.1,312,38672,4.5,1009,91388,4.2,1141,16883,-35833,4.266666666666667,0,1,55555
2024-10-16,AMD RX 6600,78558,4.0,897,90056,4.7,760,64742,3.7,609,-11498,13816,4.133333333333333,0,83,6520314
2024-10-15,AMD RX 6600,43078,4.7,1839,32615,4.1,1671,37668,3.5,517,10463,5410,4.1000000000000005,0,1,43078
2024-10-14,AMD RX 6600,90347,3.7,552,76304,4.5,576,51943,4.1,235,14043,38404,4.1,0,1,90347
2024-10-13,AMD RX 6600,49965,4.2,772,82852,3.7,750,48757,3.8,365,-32887,1208,3.9,0,205,10242825
2024-10-12,AMD RX 6600,35042,4.8,386,34496,3.6,494,45780,4.6,1842,546,-10738,4.333333333333333,0,35,1226470
2024-10-11,AMD RX 6600,75274,4.8,1307,50625,4.8,1085,60917,4.2,1625,24649,14357,4.6000000000000005,0,1,75274
2024-10-10,AMD RX 6600,32404,4.1,187,83774,4.1,1341,39318,3.8,1036,-51370,-6914,4.0,1,293,9494372
2024-10-09,AMD RX 6600,36434,3.9,1958,41467,4.9,432,95842,3.6,1191,-5033,-59408,4.133333333333334,1,59,2149606
2024-10-08,AMD RX 6600,55587,4.7,1575,43398,3.9,1284,88294,4.0,1577,12189,-32707,4.2,0,1,55587
2024-10-07,AMD RX 6600,30334,4.6,1782,34543,4.5,1690,68505,3.8,665,-4209,-38171,4.3,1,72,2184048
2025-04-04,AMD RX 6700 XT,30075,3.8,1430,52804,4.8,1132,47977,3.6,474,-22729,-17902,4.066666666666666,1,131,3939825
2025-04-03,AMD RX 6700 XT,72260,4.3,1798,94958,3.8,1743,32181,4.6,114,-22698,40079,4.233333333333333,0,145,10477700
2025-04-02,AMD RX 6700 XT,36348,4.5,1193,66754,4.0,416,66107,3.5,1882,-30406,-29759,4.0,1,189,6869772
2025-04-01,AMD RX 6700 XT,61226,4.1,1295,39490,4.2,1532,64365,4.5,1888,21736,-3139,4.266666666666667,0,1,61226
2025-03-31,AMD RX 6700 XT,62223,4.0,701,75656,4.4,1167,35883,4.7,1223,-13433,26340,4.366666666666667,0,82,5102286
2025-03-30,AMD RX 6700 XT,25468,4.9,1899,23326,3.6,665,89922,3.7,378,2142,-64454,4.066666666666666,0,17,432956
2025-03-29,AMD RX 6700 XT,74532,4.8,1024,79510,3.7,248,47613,4.4,360,-4978,26919,4.3,0,59,4397388
2025-03-28,AMD RX 6700 XT,85943,4.7,1753,77347,4.7,551,54786,4.5,401,8596,31157,4.633333333333334,0,1,85943
2025-03-27,AMD RX 6700 XT,84683,4.8,254,51012,4.6,580,57237,4.6,1990,33671,27446,4.666666666666666,0,1,84683
2025-03-26,AMD RX 6700 XT,87056,3.8,545,50156,3.9,554,34906,4.0,1440,36900,52150,3.9,0,1,87056
2025-03-25,AMD RX 6700 XT,36179,4.5,1257,57572,4.3,585,45973,3.7,1155,-21393,-9794,4.166666666666667,1,133,4811807
2025-03-24,AMD RX 6700 XT,33017,4.1,423,81771,3.8,1738,70240,3.7,269,-48754,-37223,3.8666666666666667,1,295,9740015
2025-03-23,AMD RX 6700 XT,60740,4.2,1954,38307,4.6,632,49553,4.7,140,22433,11187,4.5,0,1,60740
2025-03-22,AMD RX 6700 XT,44930,3.7,731,42357,4.5,790,54376,3.7,1251,2573,-9446,3.9666666666666663,0,10,449300
2025-03-21,AMD RX 6700 XT,56712,3.7,1536,26051,4.6,1455,73117,4.3,529,30661,-16405,4.2,0,1,56712
2025-03-20,AMD RX 6700 XT,65630,3.7,634,62877,4.4,368,82459,4.9,1485,2753,-16829,4.333333333333334,0,30,1968900
2025-03-19,AMD RX 6700 XT,50808,4.1,1460,37357,4.0,944,34373,3.7,325,13451,16435,3.9333333333333336,0,1,50808
2025-03-18,AMD RX 6700 XT,64179,3.8,1709,82525,3.9,1564,38855,4.0,1271,-18346,25324,3.9,0,123,7894017
2025-03-17,AMD RX 6700 XT,89284,4.8,249,88024,4.0,411,39731,4.1,1606,1260,49553,4.3,0,34,3035656
2025-03-16,AMD RX 6700 XT,88369,4.3,1244,41607,3.9,903,65393,4.7,1831,46762,22976,4.3,0,1,88369
2025-03-15,AMD RX 6700 XT,54960,4.0,1928,65643,4.4,186,46986,4.6,1538,-10683,7974,4.333333333333333,0,100,5496000
2025-03-14,AMD RX 6700 XT,81330,4.6,1218,45357,4.7,609,39609,4.9,611,35973,41721,4.733333333333333,0,1,81330
2025-03-13,AMD RX 6700 XT,84003,3.6,876,31150,4.6,1244,25539,4.8,481,52853,58464,4.333333333333333,0,1,84003
2025-03-12,AMD RX 6700 XT,29760,3.7,358,46471,4.4,845,58211,5.0,1444,-16711,-28451,4.366666666666667,1,125,3720000
2025-03-11,AMD RX 6700 XT,36811,4.5,1384,47923,3.5,1414,92539,4.6,765,-11112,-55728,4.2,1,99,3644289
2025-03-10,AMD RX 6700 XT,95714,3.9,1755,61173,3.6,244,86367,4.6,607,34541,9347,4.033333333333333,0,1,95714
2025-03-09,AMD RX 6700 XT,58650,3.9,1320,78829,3.8,469,29271,5.0,399,-20179,29379,4.233333333333333,0,128,7507200
2025-03-08,AMD RX 6700 XT,94404,4.1,1627,58252,4.9,1016,29721,3.6,206,36152,64683,4.2,0,1,94404
2025-03-07,AMD RX 6700 XT,49869,3.8,467,43594,3.9,1921,58554,3.9,1296,6275,-8685,3.8666666666666667,0,1,49869
2025-03-06,AMD RX 6700 XT,85550,4.7,920,68679,4.8,989,40325,4.1,1557,16871,45225,4.533333333333333,0,1,85550
2025-03-05,AMD RX 6700 XT,66684,4.4,1348,54647,3.9,907,78155,4.5,1882,12037,-11471,4.266666666666667,0,1,66684
2025-03-04,AMD RX 6700 XT,51410,3.7,560,81018,4.5,1279,66646,3.9,343,-29608,-15236,4.033333333333333,1,187,9613670
2025-03-03,AMD RX 6700 XT,55027,3.6,1480,43712,3.5,1520,65221,4.9,1910,11315,-10194,4.0,0,1,55027
2025-03-02,AMD RX 6700 XT,89303,4.5,920,60870,4.7,1365,52643,3.8,650,28433,36660,4.333333333333333,0,1,89303
2025-03-01,AMD RX 6700 XT,41531,4.2,1530,86622,4.9,144,44809,4.7,1507,-45091,-3278,4.6000000000000005,1,237,9842847
2025-02-28,AMD RX 6700 XT,89110,3.9,1228,52809,4.0,904,58250,4.9,1328,36301,30860,4.266666666666667,0,1,89110
2025-02-27,AMD RX 6700 XT,75171,4.9,1880,91763,4.1,1961,61734,4.3,1813,-16592,13437,4.433333333333334,0,96,7216416
2025-02-26,AMD RX 6700 XT,80527,4.3,1035,40754,3.5,1353,69457,4.4,342,39773,11070,4.066666666666666,0,1,80527
2025-02-25,AMD RX 6700 XT,57941,4.5,688,29571,4.6,130,32026,4.8,404,28370,25915,4.633333333333333,0,1,57941
2025-02-24,AMD RX 6700 XT,77216,4.5,1119,96097,4.8,1711,57370,4.1,1118,-18881,19846,4.466666666666667,0,115,8879840
2025-02-23,AMD RX 6700 XT,76380,3.7,881,90925,4.2,1423,36926,4.9,839,-14545,39454,4.266666666666667,0,108,8249040
2025-02-22,AMD RX 6700 XT,45073,3.6,1385,42748,4.2,843,42979,3.7,389,2325,2094,3.8333333333333335,0,32,1442336
2025-02-21,AMD RX 6700 XT,63458,4.7,1059,82856,4.4,340,43106,4.1,967,-19398,20352,4.4,0,117,7424586
2025-02-20,AMD RX 6700 XT,30355,4.8,1249,49615,3.8,212,78213,3.7,1745,-19260,-47858,4.1000000000000005,1,111,3369405
2025-02-19,AMD RX 6700 XT,81744,3.6,1102,73413,4.7,1653,32499,5.0,1090,8331,49245,4.433333333333334,0,2,163488
2025-02-18,AMD RX 6700 XT,43130,3.8,1799,60338,4.4,1376,29914,4.7,1076,-17208,13216,4.3,0,101,4356130
2025-02-17,AMD RX 6700 XT,64566,3.8,207,49923,4.5,1513,63072,4.4,982,14643,1494,4.233333333333333,0,1,64566
2025-02-16,AMD RX 6700 XT,40166,4.6,1008,43737,3.7,1043,46666,3.7,673,-3571,-6500,4.0,1,51,2048466
2025-02-15,AMD RX 6700 XT,79015,4.7,916,39840,4.6,744,66171,3.6,946,39175,12844,4.3,0,1,79015
2025-02-14,AMD RX 6700 XT,83341,3.6,689,91369,4.8,735,88668,4.3,1775,-8028,-5327,4.233333333333333,1,64,5333824
2025-02-13,AMD RX 6700 XT,57291,3.8,1539,63141,4.4,739,68621,3.5,1331,-5850,-11330,3.9,1,46,2635386
2025-02-12,AMD RX 6700 XT,30169,3.7,1365,63830,3.9,245,57513,4.7,289,-33661,-27344,4.1000000000000005,1,197,5943293
2025-02-11,AMD RX 6700 XT,24681,4.0,532,92567,5.0,1647,43607,4.5,1786,-67886,-18926,4.5,1,351,8663031
2025-02-10,AMD RX 6700 XT,34769,4.4,1274,34460,3.7,1080,73257,4.0,491,309,-38488,4.033333333333334,0,14,486766
2025-02-09,AMD RX 6700 XT,68315,4.0,444,54979,4.4,1706,49714,4.4,1211,13336,18601,4.266666666666667,0,1,68315
2025-02-08,AMD RX 6700 XT,90564,4.6,1656,74346,4.2,1452,31746,3.9,961,16218,58818,4.233333333333333,0,1,90564
2025-02-07,AMD RX 6700 XT,38873,4.4,887,67854,4.4,1352,59186,4.8,1728,-28981,-20313,4.533333333333334,1,194,7541362
2025-02-06,AMD RX 6700 XT,83888,4.3,425,78344,4.2,532,33493,4.1,1403,5544,50395,4.2,0,1,83888
2025-02-05,AMD RX 6700 XT,74430,4.4,273,87468,4.4,971,28663,4.7,413,-13038,45767,4.5,0,114,8485020
2025-02-04,AMD RX 6700 XT,42940,3.9,1714,90771,3.6,1595,73692,4.5,663,-47831,-30752,4.0,1,281,12066140
2025-02-03,AMD RX 6700 XT,63023,3.9,589,70670,3.9,172,33724,4.5,868,-7647,29299,4.1000000000000005,0,64,4033472
2025-02-02,AMD RX 6700 XT,41273,4.8,1843,55795,4.6,1336,39516,4.4,1197,-14522,1757,4.6,0,123,5076579
2025-02-01,AMD RX 6700 XT,64581,4.8,1431,45653,4.4,1824,83354,4.9,1988,18928,-18773,4.7,0,1,64581
2025-01-31,AMD RX 6700 XT,55614,3.7,588,83956,4.5,1185,76198,4.7,1020,-28342,-20584,4.3,1,153,8508942
2025-01-30,AMD RX 6700 XT,95408,4.3,1139,48148,4.3,1477,38108,4.0,122,47260,57300,4.2,0,1,95408
2025-01-29,AMD RX 6700 XT,89897,3.8,376,76654,4.6,1426,48243,4.7,1121,13243,41654,4.366666666666666,0,1,89897
2025-01-28,AMD RX 6700 XT,33636,4.0,354,48930,3.6,510,91462,4.0,133,-15294,-57826,3.8666666666666667,1,89,2993604
2025-01-27,AMD RX 6700 XT,35180,4.5,727,75363,3.7,775,27673,3.6,121,-40183,7507,3.933333333333333,0,217,7634060
2025-01-26,AMD RX 6700 XT,79717,3.7,583,36310,4.6,693,73960,4.5,1994,43407,5757,4.266666666666667,0,1,79717
2025-01-25,AMD RX 6700 XT,39579,4.7,1541,66427,4.3,1808,66655,3.6,1243,-26848,-27076,4.2,1,184,7282536
2025-01-24,AMD RX 6700 XT,47779,4.3,348,39226,3.8,202,68675,4.2,415,8553,-20896,4.1000000000000005,0,1,47779
2025-01-23,AMD RX 6700 XT,35406,4.2,1159,31275,3.9,1651,27949,3.8,158,4131,7457,3.9666666666666663,0,14,495684
2025-01-22,AMD RX 6700 XT,58997,4.4,1358,62598,4.5,1722,62086,4.1,1316,-3601,-3089,4.333333333333333,1,36,2123892
2025-01-21,AMD RX 6700 XT,65225,4.9,1089,39611,4.0,1658,61218,3.8,1709,25614,4007,4.233333333333333,0,1,65225
2025-01-20,AMD RX 6700 XT,84144,3.9,607,81748,3.7,207,65955,3.8,640,2396,18189,3.7999999999999994,0,24,2019456
2025-01-19,AMD RX 6700 XT,91994,5.0,540,35495,4.4,211,69704,4.2,818,56499,22290,4.533333333333334,0,1,91994
2025-01-18,AMD RX 6700 XT,63768,4.5,343,68834,4.8,1336,87504,3.9,1617,-5066,-23736,4.4,1,72,4591296
2025-01-17,AMD RX 6700 XT,65081,4.1,1362,55998,4.9,1971,41666,4.7,1260,9083,23415,4.566666666666666,0,1,65081
2025-01-16,AMD RX 6700 XT,57733,3.6,1083,34022,4.2,724,62125,4.1,1452,23711,-4392,3.966666666666667,0,1,57733
2025-01-15,AMD RX 6700 XT,35944,3.7,524,63079,4.9,1210,75115,4.8,1984,-27135,-39171,4.466666666666668,1,153,5499432
2025-01-14,AMD RX 6700 XT,88691,4.2,1247,42200,4.2,1640,80050,3.7,1005,46491,8641,4.033333333333334,0,1,88691
2025-01-13,AMD RX 6700 XT,41359,4.6,590,32143,4.8,1037,60887,4.6,904,9216,-19528,4.666666666666666,0,1,41359
2025-01-12,AMD RX 6700 XT,62280,3.9,221,27203,3.8,145,94827,3.6,519,35077,-32547,3.766666666666666,0,1,62280
2025-01-11,AMD RX 6700 XT,94769,4.8,374,29417,4.0,1033,39459,3.5,1135,65352,55310,4.1000000000000005,0,1,94769
2025-01-10,AMD RX 6700 XT,80020,3.6,387,44445,4.2,432,52160,4.2,692,35575,27860,4.0,0,1,80020
2025-01-09,AMD RX 6700 XT,68414,3.7,1976,82721,4.5,1598,44091,4.8,1038,-14307,24323,4.333333333333333,0,108,7388712
2025-01-08,AMD RX 6700 XT,70058,4.9,329,85933,4.5,278,64932,3.6,1818,-15875,5126,4.333333333333333,0,104,7286032
2025-01-07,AMD RX 6700 XT,68317,3.5,621,80098,3.9,1750,93026,4.2,1656,-11781,-24709,3.866666666666667,1,98,6695066
2025-01-06,AMD RX 6700 XT,83882,4.1,1498,64477,4.2,1785,84011,3.7,1405,19405,-129,4.0,0,1,83882
2025-01-05,AMD RX 6700 XT,37053,4.7,958,87171,4.4,840,34223,3.8,1594,-50118,2830,4.300000000000001,0,264,9781992
2025-01-04,AMD RX 6700 XT,65970,4.0,393,69058,3.9,1184,26789,4.7,693,-3088,39181,4.2,0,49,3232530
2025-01-03,AMD RX 6700 XT,86039,4.8,715,74863,4.1,1986,79371,3.8,1918,11176,6668,4.233333333333333,0,1,86039
2025-01-02,AMD RX 6700 XT,54371,3.8,1957,84820,4.3,800,91247,3.8,817,-30449,-36876,3.9666666666666663,1,186,10113006
