final_gpu_data.csv
date,gpu_name,flipkart_price,flipkart_rating,flipkart_reviews,amazon_price,amazon_rating,amazon_reviews,aliexpress_price,aliexpress_rating,aliexpress_reviews,price_diff_amazon,price_diff_aliexpress,average_rating,discount_flag,units_sold,revenue
2025-01-01,AMD RX 6700 XT,90996,3.6,1579,94161,3.6,343,42508,5.0,853,-3165,48488,4.066666666666666,0,56,5095776
2024-12-31,AMD RX 6700 XT,68353,4.6,1100,31768,4.7,1663,56408,3.7,914,36585,11945,4.333333333333333,0,1,68353
2024-12-30,AMD RX 6700 XT,36701,3.7,547,54297,3.8,331,36123,4.0,941,-17596,578,3.8333333333333335,0,116,4257316
2024-12-29,AMD RX 6700 XT,91951,3.9,1369,79639,4.8,1932,63251,4.1,1794,12312,28700,4.266666666666667,0,1,91951
2024-12-28,AMD RX 6700 XT,84849,4.5,1539,39997,4.8,1585,68218,4.7,1310,44852,16631,4.666666666666667,0,1,84849
2024-12-27,AMD RX 6700 XT,46737,4.7,257,26710,4.6,1800,64382,4.9,275,20027,-17645,4.733333333333333,0,1,46737
2024-12-26,AMD RX 6700 XT,76669,3.5,659,71466,4.3,1664,29788,4.2,1829,5203,46881,4.0,0,1,76669
2024-12-25,AMD RX 6700 XT,34037,4.9,1010,87478,4.3,420,51756,4.3,1001,-53441,-17719,4.5,1,320,10891840
2024-12-24,AMD RX 6700 XT,58501,4.3,1503,68503,4.5,607,51412,4.4,1798,-10002,7089,4.4,0,93,5440593
2024-12-23,AMD RX 6700 XT,70624,4.1,1865,68950,3.6,1100,52283,4.3,1699,1674,18341,4.0,0,32,2259968
2024-12-22,AMD RX 6700 XT,70775,4.9,509,56723,4.6,288,91595,4.4,1450,14052,-20820,4.633333333333334,0,1,70775
2024-12-21,AMD RX 6700 XT,89583,4.1,1137,45823,4.4,1157,88901,4.9,1438,43760,682,4.466666666666667,0,1,89583
2024-12-20,AMD RX 6700 XT,54622,4.1,1048,35637,3.8,944,91957,4.8,505,18985,-37335,4.233333333333333,0,1,54622
2024-12-19,AMD RX 6700 XT,64350,4.0,1759,63803,4.3,1419,59477,3.9,789,547,4873,4.066666666666667,0,48,3088800
2024-12-18,AMD RX 6700 XT,51545,4.4,896,92908,4.2,284,76000,4.5,876,-41363,-24455,4.366666666666667,1,239,12319255
2024-12-17,AMD RX 6700 XT,87069,3.8,1479,39398,4.3,1072,53140,4.3,1277,47671,33929,4.133333333333333,0,1,87069
2024-12-16,AMD RX 6700 XT,41920,4.0,1023,56607,4.1,1963,44355,4.4,181,-14687,-2435,4.166666666666667,1,92,3856640
2024-12-15,AMD RX 6700 XT,61213,4.7,1258,36472,4.5,1136,40161,4.7,1624,24741,21052,4.633333333333333,0,1,61213
2024-12-14,AMD RX 6700 XT,36997,4.8,340,43917,4.5,1723,44743,4.1,550,-6920,-7746,4.466666666666667,1,62,2293814
2024-12-13,AMD RX 6700 XT,94989,4.7,377,62056,4.8,201,57988,4.0,1186,32933,37001,4.5,0,1,94989
2024-12-12,AMD RX 6700 XT,37502,4.3,669,42598,4.8,1328,85525,4.5,811,-5096,-48023,4.533333333333333,1,57,2137614
2024-12-11,AMD RX 6700 XT,72645,4.6,194,78068,4.1,1323,31358,4.2,548,-5423,41287,4.3,0,40,2905800
2024-12-10,AMD RX 6700 XT,35849,4.5,1428,32145,3.8,447,35683,3.6,531,3704,166,3.966666666666667,0,1,35849
2024-12-09,AMD RX 6700 XT,33158,4.1,1596,60806,4.0,1928,27061,4.4,1509,-27648,6097,4.166666666666667,0,188,6233704
2024-12-08,AMD RX 6700 XT,51184,4.8,386,89345,4.2,1832,65570,4.1,1622,-38161,-14386,4.366666666666666,1,219,11209296
2024-12-07,AMD RX 6700 XT,57424,4.1,593,37052,3.5,1495,76648,4.6,1563,20372,-19224,4.066666666666666,0,1,57424
2024-12-06,AMD RX 6700 XT,78313,3.9,1559,61734,4.7,1623,52947,4.7,616,16579,25366,4.433333333333334,0,1,78313
2024-12-05,AMD RX 6700 XT,53752,3.9,1993,42149,4.5,1804,33533,4.1,258,11603,20219,4.166666666666667,0,1,53752
2024-12-04,AMD RX 6700 XT,58194,4.7,160,46382,4.3,1425,61814,4.0,1921,11812,-3620,4.333333333333333,0,1,58194
2024-12-03,AMD RX 6700 XT,27872,3.9,1066,58122,3.9,267,45560,3.6,111,-30250,-17688,3.8000000000000003,1,185,5156320
2024-12-02,AMD RX 6700 XT,31303,3.6,1052,61505,3.7,1194,82645,4.6,852,-30202,-51342,3.966666666666667,1,174,5446722
2024-12-01,AMD RX 6700 XT,26001,3.5,1446,25381,3.7,132,50811,3.5,574,620,-24810,3.5666666666666664,0,24,624024
2024-11-30,AMD RX 6700 XT,74301,4.4,227,55450,3.9,1798,78317,4.2,738,18851,-4016,4.166666666666667,0,1,74301
2024-11-29,AMD RX 6700 XT,85658,4.1,1197,32518,4.8,954,88577,4.0,968,53140,-2919,4.3,0,1,85658
2024-11-28,AMD RX 6700 XT,29385,4.8,1238,76580,4.7,1478,63294,4.2,189,-47195,-33909,4.566666666666666,1,254,7463790
2024-11-27,AMD RX 6700 XT,81176,3.6,1835,74343,3.7,1795,38112,4.2,1555,6833,43064,3.8333333333333335,0,1,81176
2024-11-26,AMD RX 6700 XT,59517,3.9,943,32194,4.7,1823,30590,3.8,1659,27323,28927,4.133333333333333,0,1,59517
2024-11-25,AMD RX 6700 XT,28028,4.4,160,41065,4.8,999,37979,3.8,276,-13037,-9951,4.333333333333333,1,91,2550548
2024-11-24,AMD RX 6700 XT,46210,3.9,751,86357,4.7,840,66749,3.8,485,-40147,-20539,4.133333333333333,1,227,10489670
2024-11-23,AMD RX 6700 XT,72536,3.8,1743,67798,4.6,1962,81707,4.5,1496,4738,-9171,4.3,0,1,72536
2024-11-22,AMD RX 6700 XT,65013,4.6,1250,42778,5.0,681,29076,4.6,1389,22235,35937,4.733333333333333,0,1,65013
2024-11-21,AMD RX 6700 XT,34147,4.0,754,38619,4.6,355,75840,4.0,1489,-4472,-41693,4.2,1,69,2356143
2024-11-20,AMD RX 6700 XT,72027,4.7,1715,50197,4.2,400,29791,4.0,1668,21830,42236,4.3,0,1,72027
2024-11-19,AMD RX 6700 XT,48601,4.8,421,44526,4.3,1092,38951,4.3,907,4075,9650,4.466666666666666,0,9,437409
2024-11-18,AMD RX 6700 XT,86592,3.6,523,65034,4.0,1095,27341,4.8,464,21558,59251,4.133333333333333,0,1,86592
2024-11-17,AMD RX 6700 XT,53854,4.3,409,75347,4.8,1807,85285,3.9,963,-21493,-31431,4.333333333333333,1,129,6947166
2024-11-16,AMD RX 6700 XT,42311,4.9,1019,49500,3.5,1390,77818,4.0,629,-7189,-35507,4.133333333333334,1,74,3131014
2024-11-15,AMD RX 6700 XT,29357,4.4,1170,80919,4.7,1342,85198,3.6,676,-51562,-55841,4.233333333333333,1,285,8366745
2024-11-14,AMD RX 6700 XT,74971,4.1,1900,44658,4.4,766,39564,4.6,1188,30313,35407,4.366666666666666,0,1,74971
2024-11-13,AMD RX 6700 XT,35242,4.2,1970,87456,4.1,1091,38382,4.3,1585,-52214,-3140,4.2,1,274,9656308
2024-11-12,AMD RX 6700 XT,75007,3.8,854,58536,4.9,1966,31465,4.4,540,16471,43542,4.366666666666666,0,1,75007
2024-11-11,AMD RX 6700 XT,48039,4.7,538,39262,4.6,672,64496,3.8,137,8777,-16457,4.366666666666667,0,1,48039
2024-11-10,AMD RX 6700 XT,71466,3.9,1055,28765,3.8,1238,75220,4.1,1453,42701,-3754,3.933333333333333,0,1,71466
2024-11-09,AMD RX 6700 XT,62706,3.7,1667,64423,4.9,832,88246,4.1,1200,-1717,-25540,4.233333333333333,1,32,2006592
2024-11-08,AMD RX 6700 XT,89858,4.0,714,45541,4.4,1627,67765,4.3,903,44317,22093,4.233333333333333,0,1,89858
2024-11-07,AMD RX 6700 XT,72851,4.4,1049,58915,4.5,1055,52520,4.4,1130,13936,20331,4.433333333333334,0,1,72851
2024-11-06,AMD RX 6700 XT,46301,4.2,1392,63251,4.4,298,54802,4.2,1559,-16950,-8501,4.266666666666667,1,124,5741324
2024-11-05,AMD RX 6700 XT,71018,4.8,1650,29461,4.0,1836,79517,5.0,1865,41557,-8499,4.6000000000000005,0,1,71018
2024-11-04,AMD RX 6700 XT,42343,5.0,1103,83192,4.4,795,39108,3.7,637,-40849,3235,4.366666666666667,0,246,10416378
2024-11-03,AMD RX 6700 XT,41524,4.8,198,30973,4.0,992,60460,3.9,173,10551,-18936,4.233333333333333,0,1,41524
2024-11-02,AMD RX 6700 XT,37813,4.2,1347,48939,4.0,1467,74468,4.5,157,-11126,-36655,4.233333333333333,1,89,3365357
2024-11-01,AMD RX 6700 XT,89684,4.6,307,68531,3.8,477,86619,4.2,877,21153,3065,4.199999999999999,0,1,89684
2024-10-31,AMD RX 6700 XT,57928,4.1,801,55701,3.8,460,51524,4.5,916,2227,6404,4.133333333333333,0,22,1274416
2024-10-30,AMD RX 6700 XT,74711,4.4,1866,40696,3.8,874,59117,4.6,1601,34015,15594,4.266666666666667,0,1,74711
2024-10-29,AMD RX 6700 XT,87999,4.5,1413,89126,4.4,442,55080,4.2,1265,-1127,32919,4.366666666666667,0,31,2727969
2024-10-28,AMD RX 6700 XT,76783,3.6,1009,83175,4.1,726,63438,4.8,609,-6392,13345,4.166666666666667,0,63,4837329
2024-10-27,AMD RX 6700 XT,54940,4.0,1671,60917,3.5,1004,47526,4.7,1662,-5977,7414,4.066666666666666,0,64,3516160
2024-10-26,AMD RX 6700 XT,38102,4.4,484,59535,4.6,382,82596,3.9,638,-21433,-44494,4.3,1,146,5562892
2024-10-25,AMD RX 6700 XT,89462,4.7,1964,35819,4.8,978,50212,4.5,624,53643,39250,4.666666666666667,0,1,89462
2024-10-24,AMD RX 6700 XT,91595,4.8,1221,29695,4.7,1988,87883,3.9,1342,61900,3712,4.466666666666667,0,1,91595
2024-10-23,AMD RX 6700 XT,82242,4.6,1823,86262,3.8,242,81451,4.0,1219,-4020,791,4.133333333333333,0,46,3783132
2024-10-22,AMD RX 6700 XT,72720,3.7,1877,50127,4.8,734,41361,4.5,975,22593,31359,4.333333333333333,0,1,72720
2024-10-21,AMD RX 6700 XT,75020,4.3,1335,36299,4.5,1981,41079,3.7,1151,38721,33941,4.166666666666667,0,1,75020
2024-10-20,AMD RX 6700 XT,42617,3.7,760,63029,4.3,1465,27941,4.7,138,-20412,14676,4.233333333333333,0,128,5454976
2024-10-19,AMD RX 6700 XT,55398,4.0,838,85664,4.0,917,28214,4.3,241,-30266,27184,4.1000000000000005,0,169,9362262
2024-10-18,AMD RX 6700 XT,59272,4.9,1783,42651,4.6,444,52455,3.6,998,16621,6817,4.366666666666666,0,1,59272
2024-10-17,AMD RX 6700 XT,53350,4.7,1899,33770,3.5,1681,40422,3.5,878,19580,12928,3.9,0,1,53350
2024-10-16,AMD RX 6700 XT,41887,3.5,1575,51961,3.8,1209,49871,3.5,1162,-10074,-7984,3.6,1,74,3099638
2024-10-15,AMD RX 6700 XT,65857,3.7,1487,88314,4.6,1720,65422,4.4,1961,-22457,435,4.233333333333333,0,141,9285837
2024-10-14,AMD RX 6700 XT,56718,3.7,1474,92796,4.6,127,40629,4.2,950,-36078,16089,4.166666666666667,0,196,11116728
2024-10-13,AMD RX 6700 XT,67745,4.4,1258,31457,4.7,949,42537,4.5,1622,36288,25208,4.533333333333334,0,1,67745
2024-10-12,AMD RX 6700 XT,49902,4.6,1383,34025,5.0,518,29639,4.4,1726,15877,20263,4.666666666666667,0,1,49902
2024-10-11,AMD RX 6700 XT,61237,4.2,1145,35432,4.1,443,63978,4.7,1992,25805,-2741,4.333333333333333,0,1,61237
2024-10-10,AMD RX 6700 XT,53344,4.9,839,85614,4.0,1564,37551,4.3,705,-32270,15793,4.3999999999999995,0,201,10722144
2024-10-09,AMD RX 6700 XT,55445,4.1,1773,51031,4.9,1679,73953,3.8,1187,4414,-18508,4.266666666666667,0,1,55445
2024-10-08,AMD RX 6700 XT,40799,4.5,1081,43259,3.7,289,61322,3.6,1550,-2460,-20523,3.933333333333333,1,37,1509563
2024-10-07,AMD RX 6700 XT,59854,3.8,1342,68309,3.9,529,43695,3.7,1614,-8455,16159,3.7999999999999994,0,63,3770802
2025-04-04,NVIDIA RTX 4060,78792,4.2,669,78248,4.4,463,49274,5.0,1885,544,29518,4.533333333333334,0,12,945504
2025-04-03,NVIDIA RTX 4060,74129,3.8,242,88315,4.0,1747,28279,3.8,1721,-14186,45850,3.8666666666666667,0,105,7783545
2025-04-02,NVIDIA RTX 4060,55425,4.2,652,83183,4.4,635,80606,4.8,1994,-27758,-25181,4.466666666666668,1,161,8923425
2025-04-01,NVIDIA RTX 4060,77315,3.8,383,44027,3.8,920,30663,4.5,578,33288,46652,4.033333333333333,0,1,77315
2025-03-31,NVIDIA RTX 4060,80280,4.2,1578,65377,4.9,217,84560,4.8,336,14903,-4280,4.633333333333334,0,1,80280
2025-03-30,NVIDIA RTX 4060,64267,3.6,1898,77246,4.5,930,87222,4.7,781,-12979,-22955,4.266666666666667,1,80,5141360
2025-03-29,NVIDIA RTX 4060,39890,3.8,792,90361,4.0,339,66188,4.4,103,-50471,-26298,4.066666666666666,1,267,10650630
2025-03-28,NVIDIA RTX 4060,76913,3.6,1449,54723,4.1,823,60338,4.6,1839,22190,16575,4.1,0,1,76913
2025-03-27,NVIDIA RTX 4060,84590,3.6,1435,55900,3.8,515,49457,4.6,712,28690,35133,4.0,0,1,84590
2025-03-26,NVIDIA RTX 4060,34409,4.6,224,39252,4.3,966,48183,3.7,1525,-4843,-13774,4.199999999999999,1,39,1341951
2025-03-25,NVIDIA RTX 4060,93113,4.9,518,61172,4.9,802,71227,4.2,404,31941,21886,4.666666666666667,0,1,93113
2025-03-24,NVIDIA RTX 4060,83883,4.6,1352,45475,4.7,461,42004,4.5,1960,38408,41879,4.6000000000000005,0,1,83883
2025-03-23,NVIDIA RTX 4060,29414,4.5,1798,72263,4.3,1758,78170,4.7,1704,-42849,-48756,4.5,1,261,7677054
2025-03-22,NVIDIA RTX 4060,70121,4.8,530,82459,4.4,928,55940,3.6,355,-12338,14181,4.266666666666667,0,88,6170648
2025-03-21,NVIDIA RTX 4060,39301,4.8,1858,60723,4.6,531,40405,4.7,585,-21422,-1104,4.699999999999999,1,143,5620043
2025-03-20,NVIDIA RTX 4060,50161,4.9,643,92438,3.5,1458,83439,3.7,517,-42277,-33278,4.033333333333334,1,224,11236064
2025-03-19,NVIDIA RTX 4060,70383,4.0,1836,57328,4.0,100,75857,4.0,282,13055,-5474,4.0,0,1,70383
2025-03-18,NVIDIA RTX 4060,68046,4.2,1483,76180,3.8,262,63479,3.9,302,-8134,4567,3.966666666666667,0,64,4354944
2025-03-17,NVIDIA RTX 4060,85087,4.8,1278,32887,3.5,309,57477,4.9,1409,52200,27610,4.4,0,1,85087
2025-03-16,NVIDIA RTX 4060,67213,4.4,1573,35805,4.2,493,39013,3.6,1594,31408,28200,4.066666666666667,0,1,67213
2025-03-15,NVIDIA RTX 4060,33694,3.7,884,91278,3.9,1407,69227,5.0,1454,-57584,-35533,4.2,1,317,10680998
2025-03-14,NVIDIA RTX 4060,54905,3.8,992,46764,3.6,1366,39824,3.9,701,8141,15081,3.766666666666667,0,10,549050
2025-03-13,NVIDIA RTX 4060,66639,4.2,791,65074,4.5,488,77603,3.5,982,1565,-10964,4.066666666666666,0,22,1466058
2025-03-12,NVIDIA RTX 4060,89554,3.7,546,55925,4.6,1448,80912,3.7,1630,33629,8642,4.0,0,1,89554
2025-03-11,NVIDIA RTX 4060,54664,4.5,717,78323,4.2,1377,78523,4.6,1619,-23659,-23859,4.433333333333333,1,160,8746240
2025-03-10,NVIDIA RTX 4060,89180,4.2,1597,62471,4.9,1163,47961,4.3,610,26709,41219,4.466666666666668,0,1,89180
2025-03-09,NVIDIA RTX 4060,62764,3.5,491,78766,4.0,423,78020,4.4,286,-16002,-15256,3.966666666666667,1,90,5648760
2025-03-08,NVIDIA RTX 4060,68239,4.6,654,74048,4.6,682,65893,3.9,673,-5809,2346,4.366666666666666,0,44,3002516
2025-03-07,NVIDIA RTX 4060,61733,4.6,359,56657,3.9,715,73052,4.8,367,5076,-11319,4.433333333333334,0,4,246932
2025-03-06,NVIDIA RTX 4060,87060,4.4,1505,77581,4.8,564,59689,5.0,1932,9479,27371,4.733333333333333,0,1,87060
2025-03-05,NVIDIA RTX 4060,36708,4.4,641,42482,4.0,1074,89917,3.7,1637,-5774,-53209,4.033333333333334,1,71,2606268
2025-03-04,NVIDIA RTX 4060,43704,4.7,246,34664,4.5,967,46261,3.6,587,9040,-2557,4.266666666666667,0,4,174816
2025-03-03,NVIDIA RTX 4060,30226,4.7,1280,39084,4.2,146,62523,3.7,1939,-8858,-32297,4.2,1,61,1843786
2025-03-02,NVIDIA RTX 4060,30534,3.6,616,57991,4.2,117,53492,4.4,1857,-27457,-22958,4.066666666666667,1,149,4549566
2025-03-01,NVIDIA RTX 4060,86526,3.5,1390,29236,4.9,724,47189,3.7,973,57290,39337,4.033333333333334,0,1,86526
2025-02-28,NVIDIA RTX 4060,44100,3.8,1327,40710,4.6,1166,23845,4.9,317,3390,20255,4.433333333333333,0,10,441000
2025-02-27,NVIDIA RTX 4060,52440,3.9,884,46400,4.9,1978,77593,3.5,559,6040,-25153,4.1000000000000005,0,1,52440
2025-02-26,NVIDIA RTX 4060,29929,3.7,1883,61939,4.4,572,69944,4.8,1338,-32010,-40015,4.300000000000001,1,188,5626652
2025-02-25,NVIDIA RTX 4060,52557,4.2,301,60753,3.8,1474,43836,3.7,1014,-8196,8721,3.9,0,86,4519902
2025-02-24,NVIDIA RTX 4060,42660,4.2,620,31312,3.7,1035,95997,4.3,1782,11348,-53337,4.066666666666666,0,1,42660
2025-02-23,NVIDIA RTX 4060,73757,3.9,1532,81944,4.6,331,42678,4.2,1810,-8187,31079,4.233333333333333,0,74,5458018
2025-02-22,NVIDIA RTX 4060,29697,4.7,168,37472,4.6,1588,34360,3.6,1265,-7775,-4663,4.3,1,77,2286669
2025-02-21,NVIDIA RTX 4060,33022,4.6,562,40906,3.5,1667,86084,4.6,628,-7884,-53062,4.233333333333333,1,73,2410606
2025-02-20,NVIDIA RTX 4060,69989,3.8,229,68046,3.7,166,75987,4.1,652,1943,-5998,3.8666666666666667,0,22,1539758
2025-02-19,NVIDIA RTX 4060,77783,3.5,858,82519,3.6,1064,28380,4.0,732,-4736,49403,3.6999999999999997,0,73,5678159
2025-02-18,NVIDIA RTX 4060,53955,3.8,1881,69442,4.4,1116,29279,3.7,1497,-15487,24676,3.9666666666666663,0,114,6150870
2025-02-17,NVIDIA RTX 4060,42062,4.3,1627,60997,4.7,730,33082,4.7,893,-18935,8980,4.566666666666666,0,142,5972804
2025-02-16,NVIDIA RTX 4060,32293,4.0,403,69711,4.7,947,72516,3.6,466,-37418,-40223,4.1,1,229,7395097
2025-02-15,NVIDIA RTX 4060,82500,3.6,974,28369,4.1,1117,92001,3.9,1893,54131,-9501,3.8666666666666667,0,1,82500
2025-02-14,NVIDIA RTX 4060,65833,3.7,1139,66077,4.7,301,83822,3.6,1598,-244,-17989,4.0,1,51,3357483
2025-02-13,NVIDIA RTX 4060,65282,4.0,471,52132,3.8,686,72355,4.9,840,13150,-7073,4.233333333333333,0,1,65282
2025-02-12,NVIDIA RTX 4060,34043,3.6,1007,67835,4.8,1207,80969,4.9,708,-33792,-46926,4.433333333333334,1,192,6536256
2025-02-11,NVIDIA RTX 4060,42080,3.9,345,87690,3.7,1764,63602,3.7,1039,-45610,-21522,3.766666666666667,1,240,10099200
2025-02-10,NVIDIA RTX 4060,80820,4.5,692,83854,3.9,813,26916,4.7,133,-3034,53904,4.366666666666667,0,43,3475260
2025-02-09,NVIDIA RTX 4060,36192,4.4,1186,83708,4.7,1215,82256,3.9,1450,-47516,-46064,4.333333333333334,1,287,10387104
2025-02-08,NVIDIA RTX 4060,86417,4.9,1256,30799,3.8,384,51595,4.7,1229,55618,34822,4.466666666666666,0,1,86417
2025-02-07,NVIDIA RTX 4060,87402,4.3,1721,92213,4.8,1845,81872,3.9,1943,-4811,5530,4.333333333333333,0,38,3321276
2025-02-06,NVIDIA RTX 4060,72750,4.9,893,48619,3.7,1237,79136,3.8,1951,24131,-6386,4.133333333333334,0,1,72750
2025-02-05,NVIDIA RTX 4060,67155,4.1,1721,49288,4.3,1230,30709,4.6,1985,17867,36446,4.333333333333333,0,1,67155
2025-02-04,NVIDIA RTX 4060,39414,4.7,1810,93286,4.2,260,34051,4.4,1407,-53872,5363,4.433333333333334,0,287,11311818
2025-02-03,NVIDIA RTX 4060,66404,4.9,497,67810,4.7,633,68292,4.9,1755,-1406,-1888,4.833333333333334,1,60,3984240
2025-02-02,NVIDIA RTX 4060,40676,3.6,428,49733,4.6,1449,29262,4.3,412,-9057,11414,4.166666666666667,0,85,3457460
2025-02-01,NVIDIA RTX 4060,67143,3.7,687,67674,4.5,1647,49352,3.8,1507,-531,17791,4.0,0,52,3491436
2025-01-31,NVIDIA RTX 4060,82261,4.7,1036,28173,4.9,1405,44197,4.9,618,54088,38064,4.833333333333334,0,1,82261
2025-01-30,NVIDIA RTX 4060,27863,4.8,189,23666,3.5,300,66856,4.2,1728,4197,-38993,4.166666666666667,0,28,780164
2025-01-29,NVIDIA RTX 4060,36135,4.7,1037,47125,4.5,618,30381,4.1,354,-10990,5754,4.433333333333333,0,100,3613500
2025-01-28,NVIDIA RTX 4060,73816,4.8,1622,74924,4.5,322,34952,3.6,1743,-1108,38864,4.3,0,36,2657376
2025-01-27,NVIDIA RTX 4060,85383,4.6,441,77999,3.5,1549,41045,5.0,1864,7384,44338,4.366666666666666,0,1,85383
2025-01-26,NVIDIA RTX 4060,72981,4.1,1261,50069,4.3,886,44835,4.2,358,22912,28146,4.199999999999999,0,1,72981
2025-01-25,NVIDIA RTX 4060,82250,5.0,684,81025,3.6,214,59170,4.5,1852,1225,23080,4.366666666666666,0,38,3125500
2025-01-24,NVIDIA RTX 4060,49479,3.9,1111,63080,4.2,449,88992,4.9,548,-13601,-39513,4.333333333333333,1,87,4304673
2025-01-23,NVIDIA RTX 4060,68207,4.8,1697,77791,4.5,1233,89843,4.3,820,-9584,-21636,4.533333333333334,1,88,6002216
2025-01-22,NVIDIA RTX 4060,92689,4.3,445,90062,3.7,393,62504,4.4,1162,2627,30185,4.133333333333334,0,24,2224536
2025-01-21,NVIDIA RTX 4060,59707,4.1,1028,90320,4.2,1382,51530,4.5,1545,-30613,8177,4.266666666666667,0,168,10030776
