final_gpu_data.csv
date,gpu_name,flipkart_price,flipkart_rating,flipkart_reviews,amazon_price,amazon_rating,amazon_reviews,aliexpress_price,aliexpress_rating,aliexpress_reviews,price_diff_amazon,price_diff_aliexpress,average_rating,discount_flag,units_sold,revenue
2025-01-20,NVIDIA RTX 4060,41258,3.6,886,46347,4.7,1093,33487,4.5,1847,-5089,7771,4.266666666666667,0,67,2764286
2025-01-19,NVIDIA RTX 4060,68652,3.6,1113,80316,3.8,1348,61164,4.2,846,-11664,7488,3.866666666666667,0,104,7139808
2025-01-18,NVIDIA RTX 4060,39656,4.1,1727,47776,4.9,1954,81399,3.8,282,-8120,-41743,4.266666666666667,1,68,2696608
2025-01-17,NVIDIA RTX 4060,66084,4.0,1796,26087,5.0,182,69843,3.7,117,39997,-3759,4.233333333333333,0,1,66084
2025-01-16,NVIDIA RTX 4060,48643,4.4,1369,48968,4.2,1268,22492,3.9,817,-325,26151,4.166666666666667,0,38,1848434
2025-01-15,NVIDIA RTX 4060,70028,4.2,871,54759,3.6,1903,66476,4.0,1254,15269,3552,3.9333333333333336,0,1,70028
2025-01-14,NVIDIA RTX 4060,60199,3.7,1485,51344,4.0,1938,67186,4.9,1559,8855,-6987,4.2,0,1,60199
2025-01-13,NVIDIA RTX 4060,54194,4.5,1187,34099,4.1,466,41806,4.5,1047,20095,12388,4.366666666666666,0,1,54194
2025-01-12,NVIDIA RTX 4060,39068,4.4,1195,56707,4.5,943,90847,4.3,1114,-17639,-51779,4.3999999999999995,1,140,5469520
2025-01-11,NVIDIA RTX 4060,91922,3.9,1756,48872,4.9,1557,83371,3.6,349,43050,8551,4.133333333333334,0,1,91922
2025-01-10,NVIDIA RTX 4060,87230,4.9,113,94415,3.7,151,39932,4.2,1467,-7185,47298,4.266666666666667,0,89,7763470
2025-01-09,NVIDIA RTX 4060,63681,4.4,548,85109,3.7,1228,58368,5.0,832,-21428,5313,4.366666666666667,0,122,7769082
2025-01-08,NVIDIA RTX 4060,34580,4.9,514,92312,3.8,750,88489,4.9,1340,-57732,-53909,4.533333333333333,1,325,11238500
2025-01-07,NVIDIA RTX 4060,24180,4.4,192,83520,4.8,385,54285,3.7,1903,-59340,-30105,4.3,1,347,8390460
2025-01-06,NVIDIA RTX 4060,44784,4.8,342,66376,4.0,1245,49782,3.9,996,-21592,-4998,4.233333333333333,1,154,6896736
2025-01-05,NVIDIA RTX 4060,26021,3.8,306,89611,4.2,628,95290,3.8,524,-63590,-69269,3.9333333333333336,1,354,9211434
2025-01-04,NVIDIA RTX 4060,92131,4.1,663,36278,3.8,1386,58147,4.6,239,55853,33984,4.166666666666667,0,1,92131
2025-01-03,NVIDIA RTX 4060,44713,4.9,1251,44207,3.8,1130,30925,3.8,1772,506,13788,4.166666666666667,0,48,2146224
2025-01-02,NVIDIA RTX 4060,68125,4.9,131,50386,4.0,1624,82471,4.0,1840,17739,-14346,4.3,0,1,68125
2025-01-01,NVIDIA RTX 4060,86160,4.9,859,55516,3.6,1467,69695,4.0,1980,30644,16465,4.166666666666667,0,1,86160
2024-12-31,NVIDIA RTX 4060,90078,3.8,1728,28164,3.8,492,90130,3.7,257,61914,-52,3.766666666666667,0,1,90078
2024-12-30,NVIDIA RTX 4060,92022,4.1,1365,64205,4.2,1164,88019,3.6,1967,27817,4003,3.966666666666667,0,1,92022
2024-12-29,NVIDIA RTX 4060,93070,4.7,647,89910,4.1,126,33563,3.9,1348,3160,59507,4.233333333333333,0,9,837630
2024-12-28,NVIDIA RTX 4060,45140,4.2,988,89700,4.6,1668,50606,4.0,1798,-44560,-5466,4.266666666666667,1,251,11330140
2024-12-27,NVIDIA RTX 4060,62556,4.3,1260,35022,4.5,466,59205,3.9,1269,27534,3351,4.233333333333333,0,1,62556
2024-12-26,NVIDIA RTX 4060,85073,3.8,1232,29666,4.8,343,53900,3.6,262,55407,31173,4.066666666666666,0,1,85073
2024-12-25,NVIDIA RTX 4060,71384,3.7,278,88868,4.1,1113,63936,4.3,566,-17484,7448,4.033333333333333,0,112,7995008
2024-12-24,NVIDIA RTX 4060,73291,3.7,716,58061,4.0,273,77105,4.5,1893,15230,-3814,4.066666666666666,0,1,73291
2024-12-23,NVIDIA RTX 4060,68799,4.0,1770,40773,4.5,788,93371,4.6,540,28026,-24572,4.366666666666666,0,1,68799
2024-12-22,NVIDIA RTX 4060,51167,4.7,155,39264,4.0,237,95002,4.2,651,11903,-43835,4.3,0,1,51167
2024-12-21,NVIDIA RTX 4060,81280,3.6,836,51175,4.2,1453,90416,3.8,1710,30105,-9136,3.866666666666667,0,1,81280
2024-12-20,NVIDIA RTX 4060,88831,4.0,150,59338,4.5,625,49300,3.5,347,29493,39531,4.0,0,1,88831
2024-12-19,NVIDIA RTX 4060,37269,4.8,1427,33453,4.2,140,70969,4.4,320,3816,-33700,4.466666666666667,0,25,931725
2024-12-18,NVIDIA RTX 4060,28356,3.8,670,58118,3.7,1752,67592,3.8,1579,-29762,-39236,3.766666666666667,1,166,4707096
2024-12-17,NVIDIA RTX 4060,66019,4.4,1476,56564,4.8,396,64018,4.0,439,9455,2001,4.3999999999999995,0,1,66019
2024-12-16,NVIDIA RTX 4060,31967,4.9,1092,75601,4.0,1784,47630,4.2,1784,-43634,-15663,4.366666666666667,1,237,7576179
2024-12-15,NVIDIA RTX 4060,91424,4.3,1272,33580,4.1,1593,57113,3.6,420,57844,34311,3.9999999999999996,0,1,91424
2024-12-14,NVIDIA RTX 4060,54775,4.7,1304,67562,4.2,1605,49820,4.2,1092,-12787,4955,4.366666666666667,0,90,4929750
2024-12-13,NVIDIA RTX 4060,76433,5.0,1875,79626,4.1,632,48059,4.8,1892,-3193,28374,4.633333333333333,0,51,3898083
2024-12-12,NVIDIA RTX 4060,74098,4.9,770,52572,4.6,487,79951,3.7,1906,21526,-5853,4.3999999999999995,0,1,74098
2024-12-11,NVIDIA RTX 4060,40180,4.7,1041,56182,3.6,220,71755,4.7,731,-16002,-31575,4.333333333333333,1,103,4138540
2024-12-10,NVIDIA RTX 4060,44119,4.1,725,92064,4.9,1897,73846,3.8,421,-47945,-29727,4.266666666666667,1,257,11338583
2024-12-09,NVIDIA RTX 4060,36270,4.0,1904,46208,4.6,1106,54691,3.9,353,-9938,-18421,4.166666666666667,1,70,2538900
2024-12-08,NVIDIA RTX 4060,42971,4.6,819,42417,4.0,517,27546,3.9,515,554,15425,4.166666666666667,0,28,1203188
2024-12-07,NVIDIA RTX 4060,92708,4.4,1181,41218,4.1,317,39899,3.8,150,51490,52809,4.1000000000000005,0,1,92708
2024-12-06,NVIDIA RTX 4060,91076,4.1,923,35751,4.9,881,78534,4.6,1808,55325,12542,4.533333333333333,0,1,91076
2024-12-05,NVIDIA RTX 4060,79898,4.2,1346,74362,3.8,1012,72283,4.6,431,5536,7615,4.2,0,15,1198470
2024-12-04,NVIDIA RTX 4060,69427,3.9,230,91457,3.9,995,75328,4.5,389,-22030,-5901,4.1000000000000005,1,153,10622331
2024-12-03,NVIDIA RTX 4060,72844,4.9,466,88120,3.7,1454,68619,3.8,1521,-15276,4225,4.133333333333334,0,98,7138712
2024-12-02,NVIDIA RTX 4060,61547,4.0,1232,24395,4.1,127,76943,4.3,1413,37152,-15396,4.133333333333333,0,1,61547
2024-12-01,NVIDIA RTX 4060,77276,4.0,520,46889,3.8,1428,51117,4.9,1359,30387,26159,4.233333333333333,0,1,77276
2024-11-30,NVIDIA RTX 4060,84440,4.9,584,73762,4.0,310,93013,4.3,1908,10678,-8573,4.3999999999999995,0,1,84440
2024-11-29,NVIDIA RTX 4060,70661,4.2,1048,84998,4.2,1423,55074,4.3,1985,-14337,15587,4.233333333333333,0,107,7560727
2024-11-28,NVIDIA RTX 4060,55523,4.2,1746,73088,4.7,1829,57412,4.4,1271,-17565,-1889,4.433333333333334,1,126,6995898
2024-11-27,NVIDIA RTX 4060,66459,3.6,1044,88252,4.7,791,32743,3.6,1214,-21793,33716,3.966666666666667,0,149,9902391
2024-11-26,NVIDIA RTX 4060,85286,3.6,884,37406,4.7,1348,88943,4.6,271,47880,-3657,4.3,0,1,85286
2024-11-25,NVIDIA RTX 4060,59301,4.7,1066,76546,3.9,1757,48934,4.4,141,-17245,10367,4.333333333333333,0,104,6167304
2024-11-24,NVIDIA RTX 4060,73872,3.5,1534,29526,3.7,120,59388,3.8,704,44346,14484,3.6666666666666665,0,1,73872
2024-11-23,NVIDIA RTX 4060,64900,3.5,1301,67173,4.7,1943,61538,4.0,1131,-2273,3362,4.066666666666666,0,48,3115200
2024-11-22,NVIDIA RTX 4060,70597,4.5,1768,50774,4.3,739,69103,3.7,1073,19823,1494,4.166666666666667,0,1,70597
2024-11-21,NVIDIA RTX 4060,49216,4.8,281,83256,4.4,110,77038,3.6,1896,-34040,-27822,4.266666666666667,1,194,9547904
2024-11-20,NVIDIA RTX 4060,52899,4.2,1736,81171,3.6,227,43376,4.2,438,-28272,9523,4.0,0,154,8146446
2024-11-19,NVIDIA RTX 4060,29848,4.0,489,83052,5.0,1151,53720,4.5,1802,-53204,-23872,4.5,1,288,8596224
2024-11-18,NVIDIA RTX 4060,49619,3.9,267,26837,3.7,1307,55845,4.0,1126,22782,-6226,3.8666666666666667,0,1,49619
2024-11-17,NVIDIA RTX 4060,35377,4.5,1755,40541,4.3,1043,46868,4.1,1159,-5164,-11491,4.3,1,55,1945735
2024-11-16,NVIDIA RTX 4060,46028,5.0,1755,67077,4.5,1418,42142,4.7,1960,-21049,3886,4.733333333333333,0,126,5799528
2024-11-15,NVIDIA RTX 4060,77918,4.1,403,67290,4.4,1106,28217,4.8,1042,10628,49701,4.433333333333334,0,1,77918
2024-11-14,NVIDIA RTX 4060,71105,3.9,1627,46006,4.6,710,75968,3.8,1195,25099,-4863,4.1000000000000005,0,1,71105
2024-11-13,NVIDIA RTX 4060,79336,4.6,1876,29126,4.5,1971,35090,4.9,1634,50210,44246,4.666666666666667,0,1,79336
2024-11-12,NVIDIA RTX 4060,86983,4.1,1990,81552,3.5,1051,81522,4.6,1693,5431,5461,4.066666666666666,0,15,1304745
2024-11-11,NVIDIA RTX 4060,56315,3.8,523,80345,4.4,1742,66357,3.6,689,-24030,-10042,3.933333333333333,1,163,9179345
2024-11-10,NVIDIA RTX 4060,67149,4.3,1377,89308,4.3,1712,37475,4.2,807,-22159,29674,4.266666666666667,0,148,9938052
2024-11-09,NVIDIA RTX 4060,53961,4.7,1743,47838,4.7,1380,42361,4.4,1840,6123,11600,4.6000000000000005,0,1,53961
2024-11-08,NVIDIA RTX 4060,49667,4.8,470,31569,3.9,1267,54813,4.2,1050,18098,-5146,4.3,0,1,49667
2024-11-07,NVIDIA RTX 4060,41291,3.6,1399,89916,4.3,189,37463,4.4,937,-48625,3828,4.1000000000000005,0,265,10942115
2024-11-06,NVIDIA RTX 4060,47743,4.5,109,29584,4.1,149,50829,3.7,232,18159,-3086,4.1000000000000005,0,1,47743
2024-11-05,NVIDIA RTX 4060,93164,3.5,108,31567,3.6,1743,73080,4.7,632,61597,20084,3.9333333333333336,0,1,93164
2024-11-04,NVIDIA RTX 4060,70630,3.7,1957,29123,4.3,1303,42565,3.8,945,41507,28065,3.9333333333333336,0,1,70630
2024-11-03,NVIDIA RTX 4060,40590,4.2,353,94594,4.6,737,41564,4.3,153,-54004,-974,4.366666666666667,1,290,11771100
2024-11-02,NVIDIA RTX 4060,50335,4.7,513,90045,4.5,1057,54519,4.0,1296,-39710,-4184,4.3999999999999995,1,240,12080400
2024-11-01,NVIDIA RTX 4060,60818,3.8,706,25853,3.5,832,29343,4.9,801,34965,31475,4.066666666666666,0,1,60818
2024-10-31,NVIDIA RTX 4060,46901,4.1,1034,57141,3.5,1487,37654,4.3,655,-10240,9247,3.9666666666666663,0,83,3892783
2024-10-30,NVIDIA RTX 4060,43082,4.9,331,73658,4.4,1402,31430,4.3,224,-30576,11652,4.533333333333334,0,175,7539350
2024-10-29,NVIDIA RTX 4060,73663,4.8,1243,91844,4.6,1421,28023,4.1,1953,-18181,45640,4.499999999999999,0,144,10607472
2024-10-28,NVIDIA RTX 4060,81454,4.8,1015,80797,4.4,1825,68969,4.5,1130,657,12485,4.566666666666666,0,48,3909792
2024-10-27,NVIDIA RTX 4060,89884,4.5,1566,54818,4.5,835,54128,4.0,725,35066,35756,4.333333333333333,0,1,89884
2024-10-26,NVIDIA RTX 4060,41044,3.8,1788,56296,4.7,677,86350,4.1,727,-15252,-45306,4.2,1,119,4884236
2024-10-25,NVIDIA RTX 4060,50893,4.4,1596,78463,4.2,1846,63698,3.5,975,-27570,-12805,4.033333333333334,1,174,8855382
2024-10-24,NVIDIA RTX 4060,68975,4.6,1233,41495,5.0,776,71639,3.7,1409,27480,-2664,4.433333333333334,0,1,68975
2024-10-23,NVIDIA RTX 4060,94321,4.8,965,74904,3.8,696,60732,4.3,696,19417,33589,4.3,0,1,94321
2024-10-22,NVIDIA RTX 4060,56701,4.3,586,84462,4.5,425,77928,4.7,1803,-27761,-21227,4.5,1,186,10546386
2024-10-21,NVIDIA RTX 4060,53689,4.9,702,84649,4.6,1557,38199,4.9,1349,-30960,15490,4.8,0,184,9878776
2024-10-20,NVIDIA RTX 4060,33788,4.4,1455,36466,4.6,1947,24964,4.0,408,-2678,8824,4.333333333333333,0,55,1858340
2024-10-19,NVIDIA RTX 4060,62268,4.9,1366,50729,3.6,613,67503,4.9,1447,11539,-5235,4.466666666666667,0,1,62268
2024-10-18,NVIDIA RTX 4060,75359,4.7,1012,37669,4.6,1487,75948,3.8,879,37690,-589,4.366666666666667,0,1,75359
2024-10-17,NVIDIA RTX 4060,84343,4.7,247,73117,4.9,867,80331,4.9,304,11226,4012,4.833333333333334,0,1,84343
2024-10-16,NVIDIA RTX 4060,35085,3.6,1837,77286,3.7,537,43563,4.5,1661,-42201,-8478,3.9333333333333336,1,222,7788870
2024-10-15,NVIDIA RTX 4060,70997,4.3,1236,46536,4.9,1328,61851,4.0,1704,24461,9146,4.3999999999999995,0,1,70997
2024-10-14,NVIDIA RTX 4060,33624,4.2,1225,52661,4.4,1936,80827,4.8,1757,-19037,-47203,4.466666666666668,1,115,3866760
2024-10-13,NVIDIA RTX 4060,72365,4.9,445,60002,3.8,1600,40299,4.1,1916,12363,32066,4.266666666666667,0,1,72365
2024-10-12,NVIDIA RTX 4060,37981,3.6,138,39208,3.8,1224,49430,3.5,1399,-1227,-11449,3.6333333333333333,1,52,1975012
2024-10-11,NVIDIA RTX 4060,37119,4.0,121,87312,4.1,1348,68979,5.0,481,-50193,-31860,4.366666666666666,1,292,10838748
2024-10-10,NVIDIA RTX 4060,76715,4.9,1905,85109,3.7,488,41401,4.0,993,-8394,35314,4.2,0,64,4909760
2024-10-09,NVIDIA RTX 4060,71212,4.7,1916,71862,4.6,1400,46923,3.7,1493,-650,24289,4.333333333333333,0,35,2492420
2024-10-08,NVIDIA RTX 4060,54456,3.7,1806,75634,4.6,1945,64552,4.9,1355,-21178,-10096,4.4,1,141,7678296
2024-10-07,NVIDIA RTX 4060,87734,3.8,1800,79888,4.0,444,43588,4.2,1476,7846,44146,4.0,0,1,87734
2025-04-04,AMD RX 7900 XTX,24158,4.5,796,89409,4.4,1897,79191,4.4,1378,-65251,-55033,4.433333333333334,1,358,8648564
2025-04-03,AMD RX 7900 XTX,33423,3.8,692,38292,3.7,1077,26028,4.4,1659,-4869,7395,3.966666666666667,0,70,2339610
2025-04-02,AMD RX 7900 XTX,56393,4.0,1673,82142,4.0,664,40411,4.4,1879,-25749,15982,4.133333333333334,0,159,8966487
2025-04-01,AMD RX 7900 XTX,92826,3.6,196,70869,4.4,1501,88787,4.6,1726,21957,4039,4.2,0,1,92826
2025-03-31,AMD RX 7900 XTX,60622,4.6,1139,50218,4.2,121,90626,4.3,598,10404,-30004,4.366666666666667,0,1,60622
2025-03-30,AMD RX 7900 XTX,33023,4.6,1771,52496,3.5,1541,56052,4.6,1330,-19473,-23029,4.233333333333333,1,133,4392059
2025-03-29,AMD RX 7900 XTX,29576,4.3,1305,91388,4.8,1765,63243,4.4,488,-61812,-33667,4.5,1,352,10410752
2025-03-28,AMD RX 7900 XTX,81400,4.1,1056,94087,3.5,1804,31407,4.0,1128,-12687,49993,3.8666666666666667,0,83,6756200
2025-03-27,AMD RX 7900 XTX,24698,4.9,1838,59795,4.0,1695,43041,4.3,791,-35097,-18343,4.3999999999999995,1,204,5038392
2025-03-26,AMD RX 7900 XTX,63572,3.6,1076,89123,3.5,811,87618,4.8,529,-25551,-24046,3.9666666666666663,1,152,9662944
2025-03-25,AMD RX 7900 XTX,65135,3.9,368,71468,4.2,531,76959,3.6,593,-6333,-11824,3.9,1,50,3256750
2025-03-24,AMD RX 7900 XTX,91393,4.5,1235,81341,3.7,1929,90655,3.5,1273,10052,738,3.9,0,1,91393
2025-03-23,AMD RX 7900 XTX,58626,3.5,1679,58598,3.5,348,95481,3.6,1814,28,-36855,3.533333333333333,0,13,762138
2025-03-22,AMD RX 7900 XTX,60169,3.7,1697,31999,3.7,567,90786,4.0,1214,28170,-30617,3.8000000000000003,0,1,60169
2025-03-21,AMD RX 7900 XTX,85516,3.8,1980,47129,3.7,230,28354,3.7,1853,38387,57162,3.733333333333333,0,1,85516
2025-03-20,AMD RX 7900 XTX,27902,4.4,807,71435,4.8,1056,36405,4.6,1396,-43533,-8503,4.6,1,269,7505638
2025-03-19,AMD RX 7900 XTX,44230,4.9,1138,91708,4.0,1060,72287,4.7,399,-47478,-28057,4.533333333333334,1,274,12119020
2025-03-18,AMD RX 7900 XTX,54197,4.2,1945,82465,3.9,1665,29684,4.0,1639,-28268,24513,4.033333333333333,0,173,9376081
2025-03-17,AMD RX 7900 XTX,53369,4.5,1112,61182,3.7,997,76311,4.7,1488,-7813,-22942,4.3,1,79,4216151
2025-03-16,AMD RX 7900 XTX,91657,4.7,1222,57903,4.7,349,54229,3.7,217,33754,37428,4.366666666666667,0,1,91657
2025-03-15,AMD RX 7900 XTX,47814,3.8,949,62793,4.0,206,96823,4.4,1343,-14979,-49009,4.066666666666666,1,98,4685772
2025-03-14,AMD RX 7900 XTX,85891,4.1,1469,71478,3.6,828,58446,3.5,1392,14413,27445,3.733333333333333,0,1,85891
2025-03-13,AMD RX 7900 XTX,73971,4.6,1803,50914,4.0,1599,88111,3.6,1153,23057,-14140,4.066666666666666,0,1,73971
2025-03-12,AMD RX 7900 XTX,88682,3.9,855,74344,4.3,1118,78927,4.0,1882,14338,9755,4.066666666666666,0,1,88682
2025-03-11,AMD RX 7900 XTX,42502,4.7,811,55948,4.0,1340,74043,3.7,320,-13446,-31541,4.133333333333333,1,115,4887730
2025-03-10,AMD RX 7900 XTX,59819,4.8,1801,35558,4.6,1188,59791,4.8,1535,24261,28,4.733333333333333,0,1,59819
2025-03-09,AMD RX 7900 XTX,35198,4.6,1100,96893,4.2,821,31793,4.1,727,-61695,3405,4.3,0,340,11967320
2025-03-08,AMD RX 7900 XTX,64248,3.8,1577,28376,3.7,1923,38736,3.8,1106,35872,25512,3.766666666666667,0,1,64248
2025-03-07,AMD RX 7900 XTX,58326,5.0,1233,38719,4.1,1979,38111,4.4,1968,19607,20215,4.5,0,1,58326
2025-03-06,AMD RX 7900 XTX,30268,3.7,1252,28690,4.7,883,73646,4.4,340,1578,-43378,4.266666666666667,0,18,544824
2025-03-05,AMD RX 7900 XTX,33927,3.9,1230,32953,4.1,274,91898,4.3,899,974,-57971,4.1000000000000005,0,17,576759
2025-03-04,AMD RX 7900 XTX,31175,4.7,1318,72729,3.8,805,60572,4.5,1909,-41554,-29397,4.333333333333333,1,255,7949625
2025-03-03,AMD RX 7900 XTX,28708,4.2,1434,67211,4.6,533,63311,5.0,1381,-38503,-34603,4.6000000000000005,1,213,6114804
2025-03-02,AMD RX 7900 XTX,65321,5.0,927,33912,4.5,1457,75109,4.2,1594,31409,-9788,4.566666666666666,0,1,65321
2025-03-01,AMD RX 7900 XTX,59179,3.7,1228,69734,4.1,421,57872,4.9,924,-10555,1307,4.233333333333333,0,65,3846635
2025-02-28,AMD RX 7900 XTX,89734,4.8,665,55227,3.9,412,72148,3.6,385,34507,17586,4.1,0,1,89734
2025-02-27,AMD RX 7900 XTX,55978,3.6,1625,45315,3.6,1191,27001,4.1,401,10663,28977,3.766666666666667,0,1,55978
2025-02-26,AMD RX 7900 XTX,42844,4.2,642,54323,4.5,835,43263,4.1,785,-11479,-419,4.266666666666667,1,92,3941648
2025-02-25,AMD RX 7900 XTX,38807,3.7,713,50260,3.6,1998,85260,3.7,975,-11453,-46453,3.6666666666666665,1,77,2988139
2025-02-24,AMD RX 7900 XTX,84327,4.5,1940,29571,4.3,910,55311,3.6,1564,54756,29016,4.133333333333334,0,1,84327
2025-02-23,AMD RX 7900 XTX,60875,5.0,1448,50357,4.9,1525,79177,3.8,559,10518,-18302,4.566666666666666,0,1,60875
2025-02-22,AMD RX 7900 XTX,75822,3.7,1962,94079,4.9,875,77816,4.6,1062,-18257,-1994,4.4,1,124,9401928
2025-02-21,AMD RX 7900 XTX,78654,4.0,1719,55275,4.2,1851,90288,4.6,967,23379,-11634,4.266666666666667,0,1,78654
2025-02-20,AMD RX 7900 XTX,88595,4.0,936,63829,4.9,200,37063,3.6,1335,24766,51532,4.166666666666667,0,1,88595
2025-02-19,AMD RX 7900 XTX,54109,4.2,583,40634,4.5,662,26032,4.6,915,13475,28077,4.433333333333333,0,1,54109
2025-02-18,AMD RX 7900 XTX,55230,4.7,1715,96091,4.4,1108,83345,4.8,291,-40861,-28115,4.633333333333334,1,224,12371520
2025-02-17,AMD RX 7900 XTX,34231,4.2,841,65508,4.3,1670,55050,5.0,1342,-31277,-20819,4.5,1,168,5750808
2025-02-16,AMD RX 7900 XTX,31642,3.9,1396,33610,3.9,1584,84503,5.0,624,-1968,-52861,4.266666666666667,1,27,854334
2025-02-15,AMD RX 7900 XTX,68411,3.9,412,56192,4.2,719,32677,5.0,216,12219,35734,4.366666666666666,0,1,68411
2025-02-14,AMD RX 7900 XTX,51151,4.5,559,95195,5.0,520,39452,4.7,508,-44044,11699,4.733333333333333,0,261,13350411
2025-02-13,AMD RX 7900 XTX,45415,4.5,242,62621,4.0,1003,82253,3.8,533,-17206,-36838,4.1000000000000005,1,107,4859405
2025-02-12,AMD RX 7900 XTX,81554,4.4,948,80564,3.7,1064,45191,4.0,958,990,36363,4.033333333333334,0,41,3343714
2025-02-11,AMD RX 7900 XTX,27087,4.6,459,84173,4.2,1501,45422,4.8,332,-57086,-18335,4.533333333333334,1,316,8559492
2025-02-10,AMD RX 7900 XTX,40414,3.5,765,42858,3.7,1774,64090,4.3,1877,-2444,-23676,3.8333333333333335,1,50,2020700
