final_gpu_data.csv
date,gpu_name,flipkart_price,flipkart_rating,flipkart_reviews,amazon_price,amazon_rating,amazon_reviews,aliexpress_price,aliexpress_rating,aliexpress_reviews,price_diff_amazon,price_diff_aliexpress,average_rating,discount_flag,units_sold,revenue
2025-02-09,AMD RX 7900 XTX,90428,4.9,815,54370,4.5,259,84537,3.9,1370,36058,5891,4.433333333333334,0,1,90428
2025-02-08,AMD RX 7900 XTX,69501,4.0,1000,23225,4.5,1027,72885,3.8,1061,46276,-3384,4.1000000000000005,0,1,69501
2025-02-07,AMD RX 7900 XTX,31060,4.9,1270,61070,4.1,1224,76603,3.5,414,-30010,-45543,4.166666666666667,1,194,6025640
2025-02-06,AMD RX 7900 XTX,78349,4.5,207,75360,4.8,415,67934,3.7,573,2989,10415,4.333333333333333,0,27,2115423
2025-02-05,AMD RX 7900 XTX,66100,4.5,1797,84139,4.0,480,37008,4.1,1620,-18039,29092,4.2,0,124,8196400
2025-02-04,AMD RX 7900 XTX,91322,4.5,1894,95594,3.6,1067,36463,4.2,1320,-4272,54859,4.1000000000000005,0,63,5753286
2025-02-03,AMD RX 7900 XTX,75769,4.9,1002,35205,4.2,446,44588,3.9,1950,40564,31181,4.333333333333334,0,1,75769
2025-02-02,AMD RX 7900 XTX,61435,4.9,401,83572,4.7,635,53340,3.7,544,-22137,8095,4.433333333333334,0,126,7740810
2025-02-01,AMD RX 7900 XTX,89627,4.7,1654,37633,3.8,916,62060,3.7,1724,51994,27567,4.066666666666666,0,1,89627
2025-01-31,AMD RX 7900 XTX,31140,4.8,1123,71913,4.4,1435,78118,4.4,1896,-40773,-46978,4.533333333333333,1,245,7629300
2025-01-30,AMD RX 7900 XTX,75767,3.9,133,91698,4.5,819,66052,4.3,889,-15931,9715,4.233333333333333,0,114,8637438
2025-01-29,AMD RX 7900 XTX,29250,3.8,1720,64434,4.5,255,82748,4.4,1310,-35184,-53498,4.233333333333333,1,217,6347250
2025-01-28,AMD RX 7900 XTX,82804,4.0,482,45285,4.7,547,82329,4.0,749,37519,475,4.233333333333333,0,1,82804
2025-01-27,AMD RX 7900 XTX,83062,4.2,1588,90230,4.2,1828,80959,3.8,491,-7168,2103,4.066666666666666,0,77,6395774
2025-01-26,AMD RX 7900 XTX,31200,3.7,1021,49483,4.5,1935,65067,4.6,1918,-18283,-33867,4.266666666666667,1,103,3213600
2025-01-25,AMD RX 7900 XTX,88021,3.7,1846,72171,3.6,342,54679,3.6,1112,15850,33342,3.6333333333333333,0,1,88021
2025-01-24,AMD RX 7900 XTX,28401,4.3,855,31254,3.7,1318,72821,5.0,1877,-2853,-44420,4.333333333333333,1,64,1817664
2025-01-23,AMD RX 7900 XTX,46907,4.1,1965,47220,3.9,1291,57778,4.9,272,-313,-10871,4.3,1,14,656698
2025-01-22,AMD RX 7900 XTX,43612,4.5,1575,61798,4.2,589,79722,4.5,1423,-18186,-36110,4.3999999999999995,1,133,5800396
2025-01-21,AMD RX 7900 XTX,37205,3.6,1000,51541,3.6,330,59770,3.6,1130,-14336,-22565,3.6,1,85,3162425
2025-01-20,AMD RX 7900 XTX,78838,4.9,1947,90439,3.6,581,28141,4.0,1070,-11601,50697,4.166666666666667,0,86,6780068
2025-01-19,AMD RX 7900 XTX,86020,4.3,1835,83094,4.1,379,82240,4.7,716,2926,3780,4.366666666666666,0,8,688160
2025-01-18,AMD RX 7900 XTX,71013,4.9,1646,49008,5.0,1851,50501,4.5,660,22005,20512,4.8,0,1,71013
2025-01-17,AMD RX 7900 XTX,93169,4.2,1252,87819,3.6,1187,93010,3.7,1494,5350,159,3.8333333333333335,0,1,93169
2025-01-16,AMD RX 7900 XTX,73042,4.7,596,28925,4.2,383,63240,4.5,1674,44117,9802,4.466666666666667,0,1,73042
2025-01-15,AMD RX 7900 XTX,64542,4.2,1191,66449,4.3,1963,84684,4.8,1747,-1907,-20142,4.433333333333334,1,38,2452596
2025-01-14,AMD RX 7900 XTX,74999,4.7,1683,61168,4.5,667,72701,4.0,1055,13831,2298,4.3999999999999995,0,1,74999
2025-01-13,AMD RX 7900 XTX,56805,3.8,305,60427,3.7,665,93666,4.8,273,-3622,-36861,4.1000000000000005,1,41,2329005
2025-01-12,AMD RX 7900 XTX,28322,4.1,1815,72301,4.5,768,41709,4.8,1410,-43979,-13387,4.466666666666666,1,265,7505330
2025-01-11,AMD RX 7900 XTX,39472,3.7,1039,60880,5.0,1818,64625,4.2,476,-21408,-25153,4.3,1,147,5802384
2025-01-10,AMD RX 7900 XTX,59323,3.9,1643,79117,4.7,1038,61272,4.1,1738,-19794,-1949,4.233333333333333,1,135,8008605
2025-01-09,AMD RX 7900 XTX,43424,3.7,1631,39842,3.5,1364,91741,3.8,1948,3582,-48317,3.6666666666666665,0,19,825056
2025-01-08,AMD RX 7900 XTX,42988,4.0,1165,89509,4.9,839,50360,4.6,1138,-46521,-7372,4.5,1,268,11520784
2025-01-07,AMD RX 7900 XTX,80356,4.6,1208,34458,3.8,1072,50771,4.8,1647,45898,29585,4.3999999999999995,0,1,80356
2025-01-06,AMD RX 7900 XTX,49793,4.1,360,84584,3.5,105,61345,3.8,431,-34791,-11552,3.7999999999999994,1,203,10107979
2025-01-05,AMD RX 7900 XTX,30057,4.4,1540,90082,4.7,864,88195,4.0,1366,-60025,-58138,4.366666666666667,1,316,9498012
2025-01-04,AMD RX 7900 XTX,34549,4.9,1901,46792,4.4,442,45050,3.6,1278,-12243,-10501,4.3,1,99,3420351
2025-01-03,AMD RX 7900 XTX,79502,4.3,374,52524,4.7,1244,70636,4.9,227,26978,8866,4.633333333333334,0,1,79502
2025-01-02,AMD RX 7900 XTX,51318,4.9,340,39365,3.7,1521,52027,4.9,153,11953,-709,4.500000000000001,0,1,51318
2025-01-01,AMD RX 7900 XTX,66405,3.6,1869,24136,4.7,1984,31543,3.8,1305,42269,34862,4.033333333333334,0,1,66405
2024-12-31,AMD RX 7900 XTX,69546,3.7,1219,60350,4.9,1200,34060,4.9,521,9196,35486,4.500000000000001,0,1,69546
2024-12-30,AMD RX 7900 XTX,90734,4.2,113,43875,4.6,1543,44241,3.8,1619,46859,46493,4.2,0,1,90734
2024-12-29,AMD RX 7900 XTX,74669,4.1,931,91946,3.7,997,76380,3.5,883,-17277,-1711,3.766666666666667,1,119,8885611
2024-12-28,AMD RX 7900 XTX,70055,5.0,295,63053,4.9,829,82397,4.7,1606,7002,-12342,4.866666666666667,0,1,70055
2024-12-27,AMD RX 7900 XTX,78553,4.8,779,77104,4.5,412,74037,4.4,840,1449,4516,4.566666666666667,0,18,1413954
2024-12-26,AMD RX 7900 XTX,74744,3.8,1299,75970,4.0,870,63233,4.3,231,-1226,11511,4.033333333333333,0,53,3961432
2024-12-25,AMD RX 7900 XTX,50091,4.2,1236,76571,4.5,1669,35823,5.0,627,-26480,14268,4.566666666666666,0,157,7864287
2024-12-24,AMD RX 7900 XTX,61219,3.7,442,33082,3.7,447,60276,3.5,1343,28137,943,3.6333333333333333,0,1,61219
2024-12-23,AMD RX 7900 XTX,42303,4.0,1523,91225,4.7,1466,76428,3.5,1587,-48922,-34125,4.066666666666666,1,276,11675628
2024-12-22,AMD RX 7900 XTX,88307,3.8,1733,95500,4.1,811,52274,3.9,599,-7193,36033,3.933333333333333,0,70,6181490
2024-12-21,AMD RX 7900 XTX,34033,4.7,1446,85443,4.9,1191,78781,4.4,1793,-51410,-44748,4.666666666666667,1,301,10243933
2024-12-20,AMD RX 7900 XTX,86133,3.9,1985,56274,3.9,407,79027,4.6,1556,29859,7106,4.133333333333333,0,1,86133
2024-12-19,AMD RX 7900 XTX,41881,4.7,1616,29938,4.0,710,28533,4.6,826,11943,13348,4.433333333333333,0,1,41881
2024-12-18,AMD RX 7900 XTX,34929,3.7,1885,65776,4.7,1609,59401,3.8,1110,-30847,-24472,4.066666666666666,1,172,6007788
2024-12-17,AMD RX 7900 XTX,42121,3.7,725,73471,4.6,1782,39896,3.9,998,-31350,2225,4.066666666666667,0,184,7750264
2024-12-16,AMD RX 7900 XTX,41493,4.7,1250,55298,3.8,1923,28405,3.8,1269,-13805,13088,4.1000000000000005,0,109,4522737
2024-12-15,AMD RX 7900 XTX,39163,4.7,1786,68543,4.5,1660,91208,3.9,1391,-29380,-52045,4.366666666666666,1,180,7049340
2024-12-14,AMD RX 7900 XTX,73779,4.4,976,41634,3.8,1314,50593,3.9,506,32145,23186,4.033333333333333,0,1,73779
2024-12-13,AMD RX 7900 XTX,44377,4.8,611,42291,4.9,448,65760,4.2,1731,2086,-21383,4.633333333333333,0,17,754409
2024-12-12,AMD RX 7900 XTX,23087,4.6,1038,78308,4.1,398,89411,4.4,1507,-55221,-66324,4.366666666666666,1,298,6879926
2024-12-11,AMD RX 7900 XTX,25151,4.9,423,31556,4.9,1064,84029,3.8,1893,-6405,-58878,4.533333333333334,1,50,1257550
2024-12-10,AMD RX 7900 XTX,56205,4.5,1541,84432,3.6,1554,79722,3.8,1741,-28227,-23517,3.9666666666666663,1,168,9442440
2024-12-09,AMD RX 7900 XTX,62346,4.1,1765,46378,4.8,1446,76894,4.1,1775,15968,-14548,4.333333333333333,0,1,62346
2024-12-08,AMD RX 7900 XTX,80856,4.7,607,60718,4.8,1635,37229,5.0,1280,20138,43627,4.833333333333333,0,1,80856
2024-12-07,AMD RX 7900 XTX,26539,4.9,370,65665,3.5,1042,75982,4.2,1076,-39126,-49443,4.2,1,215,5705885
2024-12-06,AMD RX 7900 XTX,38050,4.3,1361,37397,3.9,591,42040,4.0,1257,653,-3990,4.066666666666666,0,47,1788350
2024-12-05,AMD RX 7900 XTX,31745,4.5,1447,76769,3.9,1329,91144,3.7,996,-45024,-59399,4.033333333333334,1,264,8380680
2024-12-04,AMD RX 7900 XTX,62300,5.0,1385,36290,4.0,361,64322,4.5,1744,26010,-2022,4.5,0,1,62300
2024-12-03,AMD RX 7900 XTX,31164,4.7,1562,84140,4.7,1826,38705,4.2,293,-52976,-7541,4.533333333333334,1,281,8757084
2024-12-02,AMD RX 7900 XTX,81931,4.1,697,49881,4.2,1516,49187,4.4,310,32050,32744,4.233333333333333,0,1,81931
2024-12-01,AMD RX 7900 XTX,93394,4.1,222,46347,3.9,1824,42374,3.7,1891,47047,51020,3.9,0,1,93394
2024-11-30,AMD RX 7900 XTX,62368,4.8,1996,82000,4.8,1609,51396,4.9,1807,-19632,10972,4.833333333333333,0,139,8669152
2024-11-29,AMD RX 7900 XTX,57717,3.6,1753,71123,4.5,142,50165,4.1,1631,-13406,7552,4.066666666666666,0,78,4501926
2024-11-28,AMD RX 7900 XTX,41316,3.5,1800,48331,3.8,1514,31870,4.9,1344,-7015,9446,4.066666666666666,0,61,2520276
2024-11-27,AMD RX 7900 XTX,30013,4.9,987,79375,4.4,347,59959,4.5,1610,-49362,-29946,4.6000000000000005,1,270,8103510
2024-11-26,AMD RX 7900 XTX,43421,3.8,1911,39959,3.6,315,48253,3.6,1346,3462,-4832,3.6666666666666665,0,5,217105
2024-11-25,AMD RX 7900 XTX,94321,4.7,576,86880,3.9,450,44280,3.8,867,7441,50041,4.133333333333333,0,1,94321
2024-11-24,AMD RX 7900 XTX,72745,4.3,1253,90379,3.6,744,61708,4.2,289,-17634,11037,4.033333333333334,0,133,9675085
2024-11-23,AMD RX 7900 XTX,41474,4.8,1862,96178,4.9,1534,57994,4.3,531,-54704,-16520,4.666666666666667,1,303,12566622
2024-11-22,AMD RX 7900 XTX,48082,4.0,1510,93123,4.6,427,68629,4.5,305,-45041,-20547,4.366666666666666,1,240,11539680
2024-11-21,AMD RX 7900 XTX,69665,3.5,529,84170,5.0,1749,56863,3.7,972,-14505,12802,4.066666666666666,0,100,6966500
2024-11-20,AMD RX 7900 XTX,28794,3.5,634,78755,4.2,1013,82376,4.5,510,-49961,-53582,4.066666666666666,1,271,7803174
2024-11-19,AMD RX 7900 XTX,81356,4.3,1995,92322,4.5,1032,88534,3.9,1977,-10966,-7178,4.233333333333333,1,100,8135600
2024-11-18,AMD RX 7900 XTX,85017,4.0,914,77678,4.9,724,27209,4.4,915,7339,57808,4.433333333333334,0,8,680136
2024-11-17,AMD RX 7900 XTX,81093,3.8,224,86438,4.2,1874,39758,4.7,809,-5345,41335,4.233333333333333,0,69,5595417
2024-11-16,AMD RX 7900 XTX,48293,3.6,260,34737,4.9,1209,85129,4.1,1069,13556,-36836,4.2,0,1,48293
2024-11-15,AMD RX 7900 XTX,35998,4.3,306,27833,4.2,949,70527,4.8,1505,8165,-34529,4.433333333333334,0,1,35998
2024-11-14,AMD RX 7900 XTX,86487,4.8,141,73918,4.0,945,35427,4.6,1396,12569,51060,4.466666666666667,0,1,86487
2024-11-13,AMD RX 7900 XTX,71469,4.3,425,26644,4.3,1300,65042,4.1,476,44825,6427,4.233333333333333,0,1,71469
2024-11-12,AMD RX 7900 XTX,43816,3.5,862,65261,5.0,101,48608,4.3,193,-21445,-4792,4.266666666666667,1,142,6221872
2024-11-11,AMD RX 7900 XTX,62606,4.1,141,69307,4.9,1400,87193,4.1,1319,-6701,-24587,4.366666666666666,1,67,4194602
2024-11-10,AMD RX 7900 XTX,78843,3.7,1147,36573,3.5,1804,34591,4.6,1184,42270,44252,3.9333333333333336,0,1,78843
2024-11-09,AMD RX 7900 XTX,80376,4.0,386,67618,3.8,1111,38980,4.1,532,12758,41396,3.9666666666666663,0,1,80376
2024-11-08,AMD RX 7900 XTX,61305,4.2,1617,56164,4.6,661,63204,3.7,1888,5141,-1899,4.166666666666667,0,10,613050
2024-11-07,AMD RX 7900 XTX,35202,4.8,1124,51815,3.9,960,27654,4.4,440,-16613,7548,4.366666666666666,0,97,3414594
2024-11-06,AMD RX 7900 XTX,83491,3.8,1684,67868,3.9,1069,27743,4.4,1040,15623,55748,4.033333333333333,0,1,83491
2024-11-05,AMD RX 7900 XTX,56466,4.5,805,80371,4.0,1382,43720,4.7,1425,-23905,12746,4.3999999999999995,0,160,9034560
2024-11-04,AMD RX 7900 XTX,75029,3.8,1589,48112,3.7,1318,67704,4.9,1729,26917,7325,4.133333333333334,0,1,75029
2024-11-03,AMD RX 7900 XTX,59012,4.6,520,42294,4.2,1335,54007,4.3,1561,16718,5005,4.366666666666667,0,1,59012
2024-11-02,AMD RX 7900 XTX,74675,4.1,428,70141,4.3,787,25706,4.0,1141,4534,48969,4.133333333333333,0,12,896100
2024-11-01,AMD RX 7900 XTX,60422,3.6,1765,30478,3.7,695,54001,3.8,407,29944,6421,3.7000000000000006,0,1,60422
2024-10-31,AMD RX 7900 XTX,60788,4.5,1079,43092,4.5,1912,32871,4.2,1170,17696,27917,4.3999999999999995,0,1,60788
2024-10-30,AMD RX 7900 XTX,79517,3.6,635,54431,4.6,1302,51091,3.9,1659,25086,28426,4.033333333333333,0,1,79517
2024-10-29,AMD RX 7900 XTX,29247,4.5,421,91801,4.2,1050,42515,4.8,1692,-62554,-13268,4.5,1,358,10470426
2024-10-28,AMD RX 7900 XTX,64398,5.0,1626,73119,4.3,375,67602,4.2,1649,-8721,-3204,4.5,1,86,5538228
2024-10-27,AMD RX 7900 XTX,82248,3.6,1449,35214,4.8,1150,68290,4.2,1502,47034,13958,4.2,0,1,82248
2024-10-26,AMD RX 7900 XTX,52850,4.0,1650,70741,4.9,1783,71694,4.0,1626,-17891,-18844,4.3,1,102,5390700
2024-10-25,AMD RX 7900 XTX,39675,4.1,1329,29014,3.7,1889,74790,4.3,1613,10661,-35115,4.033333333333333,0,1,39675
2024-10-24,AMD RX 7900 XTX,52132,3.8,1563,76357,3.8,900,69178,4.3,997,-24225,-17046,3.9666666666666663,1,136,7089952
2024-10-23,AMD RX 7900 XTX,27955,3.7,880,91306,4.2,854,26014,4.7,239,-63351,1941,4.2,0,329,9197195
2024-10-22,AMD RX 7900 XTX,94669,3.9,1460,67485,3.8,1567,91751,4.9,1149,27184,2918,4.2,0,1,94669
2024-10-21,AMD RX 7900 XTX,82280,5.0,252,64190,4.4,1758,47618,4.7,982,18090,34662,4.7,0,1,82280
2024-10-20,AMD RX 7900 XTX,65490,4.7,1226,54518,4.1,1660,57753,4.4,1672,10972,7737,4.4,0,1,65490
2024-10-19,AMD RX 7900 XTX,95423,5.0,1786,42839,4.9,769,51020,4.0,968,52584,44403,4.633333333333334,0,1,95423
2024-10-18,AMD RX 7900 XTX,86165,3.9,1434,59072,4.2,464,39098,5.0,1137,27093,47067,4.366666666666666,0,1,86165
2024-10-17,AMD RX 7900 XTX,42346,4.2,779,54903,3.6,963,71440,4.9,1813,-12557,-29094,4.233333333333333,1,111,4700406
2024-10-16,AMD RX 7900 XTX,34444,4.9,317,38799,4.0,130,27611,4.4,529,-4355,6833,4.433333333333334,0,62,2135528
2024-10-15,AMD RX 7900 XTX,41539,3.6,1272,69681,4.5,1488,28101,3.5,1063,-28142,13438,3.8666666666666667,0,175,7269325
2024-10-14,AMD RX 7900 XTX,33968,4.5,613,40790,3.9,977,24645,4.2,1942,-6822,9323,4.2,0,81,2751408
2024-10-13,AMD RX 7900 XTX,25198,3.9,553,68227,3.9,1204,37838,3.8,478,-43029,-12640,3.8666666666666667,1,260,6551480
2024-10-12,AMD RX 7900 XTX,93650,3.5,1291,50722,4.3,972,28419,3.7,760,42928,65231,3.8333333333333335,0,1,93650
2024-10-11,AMD RX 7900 XTX,58340,4.5,1650,80086,4.7,1725,58253,4.7,1098,-21746,87,4.633333333333333,0,125,7292500
2024-10-10,AMD RX 7900 XTX,28412,5.0,763,22652,4.8,1595,37008,3.8,1779,5760,-8596,4.533333333333334,0,10,284120
2024-10-09,AMD RX 7900 XTX,26975,4.8,1000,75963,3.6,889,48911,4.5,1366,-48988,-21936,4.3,1,273,7364175
2024-10-08,AMD RX 7900 XTX,76040,3.9,361,36778,4.9,1894,31242,4.6,387,39262,44798,4.466666666666667,0,1,76040
2024-10-07,AMD RX 7900 XTX,80762,3.7,1293,86463,3.6,1684,60788,3.5,340,-5701,19974,3.6,0,49,3957338
